#
# There is insufficient memory for the Java Runtime Environment to continue.
# Native memory allocation (malloc) failed to allocate 1096656 bytes for Chunk::new
# Possible reasons:
#   The system is out of physical RAM or swap space
#   The process is running with CompressedOops enabled, and the Java Heap may be blocking the growth of the native heap
# Possible solutions:
#   Reduce memory load on the system
#   Increase physical memory or swap space
#   Check if swap backing store is full
#   Decrease Java heap size (-Xmx/-Xms)
#   Decrease number of Java threads
#   Decrease Java thread stack sizes (-Xss)
#   Set larger code cache with -XX:ReservedCodeCacheSize=
#   JVM is running with Unscaled Compressed Oops mode in which the Java heap is
#     placed in the first 4GB address space. The Java Heap base address is the
#     maximum limit for the native heap growth. Please use -XX:HeapBaseMinAddress
#     to set the Java Heap base and to place the Java Heap above 4GB virtual address.
# This output file may be truncated or incomplete.
#
#  Out of Memory Error (arena.cpp:189), pid=47692, tid=47712
#
# JRE version: OpenJDK Runtime Environment Temurin-17.0.2+8 (17.0.2+8) (build 17.0.2+8)
# Java VM: OpenJDK 64-Bit Server VM Temurin-17.0.2+8 (17.0.2+8, mixed mode, tiered, compressed oops, compressed class ptrs, g1 gc, windows-amd64)
# No core dump will be written. Minidumps are not enabled by default on client versions of Windows
#

---------------  S U M M A R Y ------------

Command Line: -Dmaven.home=EMBEDDED -Dclassworlds.conf=C:\Users\91902\Documents\workspace-ABC_BANKING\.metadata\.plugins\org.eclipse.m2e.launching\launches\m2conf10357106515712665944.tmp -Dmaven.multiModuleProjectDirectory=C:\Users\91902\Documents\GitHub\BRECON -Djansi.force=true -Djansi.passthrough=true -Dfile.encoding=Cp1252 -XX:+ShowCodeDetailsInExceptionMessages org.codehaus.plexus.classworlds.launcher.Launcher -B install -Dstyle.color=always

Host: AMD Ryzen 5 5500U with Radeon Graphics         , 12 cores, 5G,  Windows 11 , 64 bit Build 26100 (10.0.26100.5074)
Time: Mon Sep 29 09:53:45 2025 Mauritius Standard Time elapsed time: 6.970888 seconds (0d 0h 0m 6s)

---------------  T H R E A D  ---------------

Current thread (0x0000013bf8506e80):  JavaThread "C2 CompilerThread0" daemon [_thread_in_native, id=47712, stack(0x0000003521c00000,0x0000003521d00000)]


Current CompileTask:
C2:   6970 3108       4       org.codehaus.plexus.interpolation.PrefixedValueSourceWrapper::getValue (39 bytes)

Stack: [0x0000003521c00000,0x0000003521d00000]
Native frames: (J=compiled Java code, j=interpreted, Vv=VM code, C=native code)
V  [jvm.dll+0x67564a]
V  [jvm.dll+0x82fc04]
V  [jvm.dll+0x8313ae]
V  [jvm.dll+0x831a13]
V  [jvm.dll+0x245235]
V  [jvm.dll+0xabd7b]
V  [jvm.dll+0xac30c]
V  [jvm.dll+0x3631a2]
V  [jvm.dll+0x1bb702]
V  [jvm.dll+0x218229]
V  [jvm.dll+0x2174f1]
V  [jvm.dll+0x1a3a8d]
V  [jvm.dll+0x226ef8]
V  [jvm.dll+0x22503c]
V  [jvm.dll+0x7e596b]
V  [jvm.dll+0x7dff2a]
V  [jvm.dll+0x6744d5]
C  [ucrtbase.dll+0x37b0]
C  [KERNEL32.DLL+0x2e8d7]
C  [ntdll.dll+0x8d9c]


---------------  P R O C E S S  ---------------

Threads class SMR info:
_java_thread_list=0x0000013bfa887ff0, length=12, elements={
0x0000013bee47faf0, 0x0000013bf849bed0, 0x0000013bf84a1240, 0x0000013bf84fc240,
0x0000013bf84fef10, 0x0000013bf85017e0, 0x0000013bf85020a0, 0x0000013bf8506e80,
0x0000013bf8507780, 0x0000013bf8508860, 0x0000013bf919ecd0, 0x0000013bf91af240
}

Java Threads: ( => current thread )
  0x0000013bee47faf0 JavaThread "main" [_thread_in_native, id=34924, stack(0x0000003520f00000,0x0000003521000000)]
  0x0000013bf849bed0 JavaThread "Reference Handler" daemon [_thread_blocked, id=46448, stack(0x0000003521600000,0x0000003521700000)]
  0x0000013bf84a1240 JavaThread "Finalizer" daemon [_thread_blocked, id=10164, stack(0x0000003521700000,0x0000003521800000)]
  0x0000013bf84fc240 JavaThread "Signal Dispatcher" daemon [_thread_blocked, id=46304, stack(0x0000003521800000,0x0000003521900000)]
  0x0000013bf84fef10 JavaThread "Attach Listener" daemon [_thread_blocked, id=46620, stack(0x0000003521900000,0x0000003521a00000)]
  0x0000013bf85017e0 JavaThread "Service Thread" daemon [_thread_blocked, id=46724, stack(0x0000003521a00000,0x0000003521b00000)]
  0x0000013bf85020a0 JavaThread "Monitor Deflation Thread" daemon [_thread_blocked, id=46536, stack(0x0000003521b00000,0x0000003521c00000)]
=>0x0000013bf8506e80 JavaThread "C2 CompilerThread0" daemon [_thread_in_native, id=47712, stack(0x0000003521c00000,0x0000003521d00000)]
  0x0000013bf8507780 JavaThread "C1 CompilerThread0" daemon [_thread_blocked, id=22996, stack(0x0000003521d00000,0x0000003521e00000)]
  0x0000013bf8508860 JavaThread "Sweeper thread" daemon [_thread_blocked, id=23536, stack(0x0000003521e00000,0x0000003521f00000)]
  0x0000013bf919ecd0 JavaThread "Notification Thread" daemon [_thread_blocked, id=43560, stack(0x0000003521f00000,0x0000003522000000)]
  0x0000013bf91af240 JavaThread "Common-Cleaner" daemon [_thread_blocked, id=21092, stack(0x0000003522100000,0x0000003522200000)]

Other Threads:
  0x0000013bf84999b0 VMThread "VM Thread" [stack: 0x0000003521500000,0x0000003521600000] [id=47032]
  0x0000013bee4d1590 WatcherThread [stack: 0x0000003522000000,0x0000003522100000] [id=35724]
  0x0000013bee4b7a90 GCTaskThread "GC Thread#0" [stack: 0x0000003521000000,0x0000003521100000] [id=46788]
  0x0000013bfa7a15d0 GCTaskThread "GC Thread#1" [stack: 0x0000003522300000,0x0000003522400000] [id=6876]
  0x0000013bfa81dbc0 GCTaskThread "GC Thread#2" [stack: 0x0000003522400000,0x0000003522500000] [id=12376]
  0x0000013bf9b18870 GCTaskThread "GC Thread#3" [stack: 0x0000003522500000,0x0000003522600000] [id=30664]
  0x0000013bf9b18b20 GCTaskThread "GC Thread#4" [stack: 0x0000003522600000,0x0000003522700000] [id=21420]
  0x0000013bf9b9bc90 GCTaskThread "GC Thread#5" [stack: 0x0000003522700000,0x0000003522800000] [id=47292]
  0x0000013bf9ad5b40 GCTaskThread "GC Thread#6" [stack: 0x0000003522800000,0x0000003522900000] [id=38180]
  0x0000013bf9ad5df0 GCTaskThread "GC Thread#7" [stack: 0x0000003522900000,0x0000003522a00000] [id=42148]
  0x0000013bfa5de4c0 GCTaskThread "GC Thread#8" [stack: 0x0000003522a00000,0x0000003522b00000] [id=30768]
  0x0000013bfa7e6ba0 GCTaskThread "GC Thread#9" [stack: 0x0000003522b00000,0x0000003522c00000] [id=8628]
  0x0000013bee4c44a0 ConcurrentGCThread "G1 Main Marker" [stack: 0x0000003521100000,0x0000003521200000] [id=46204]
  0x0000013bee4c6230 ConcurrentGCThread "G1 Conc#0" [stack: 0x0000003521200000,0x0000003521300000] [id=36492]
  0x0000013bf8320090 ConcurrentGCThread "G1 Refine#0" [stack: 0x0000003521300000,0x0000003521400000] [id=48120]
  0x0000013bf980f4b0 ConcurrentGCThread "G1 Refine#1" [stack: 0x0000003522200000,0x0000003522300000] [id=47016]
  0x0000013bfb372270 ConcurrentGCThread "G1 Refine#2" [stack: 0x0000003522c00000,0x0000003522d00000] [id=23560]
  0x0000013bf83209c0 ConcurrentGCThread "G1 Service" [stack: 0x0000003521400000,0x0000003521500000] [id=46344]

Threads with active compile tasks:
C2 CompilerThread0     6998 3108       4       org.codehaus.plexus.interpolation.PrefixedValueSourceWrapper::getValue (39 bytes)

VM state: not at safepoint (normal execution)

VM Mutex/Monitor currently owned by a thread: None

Heap address: 0x00000000a2200000, size: 1502 MB, Compressed Oops mode: 32-bit

CDS archive(s) not mapped
Compressed class space mapped at: 0x0000000100000000-0x0000000140000000, reserved size: 1073741824
Narrow klass base: 0x0000000000000000, Narrow klass shift: 3, Narrow klass range: 0x140000000

GC Precious Log:
 CPUs: 12 total, 12 available
 Memory: 6005M
 Large Page Support: Disabled
 NUMA Support: Disabled
 Compressed Oops: Enabled (32-bit)
 Heap Region Size: 1M
 Heap Min Capacity: 8M
 Heap Initial Capacity: 94M
 Heap Max Capacity: 1502M
 Pre-touch: Disabled
 Parallel Workers: 10
 Concurrent Workers: 3
 Concurrent Refinement Workers: 10
 Periodic GC: Disabled

Heap:
 garbage-first heap   total 96256K, used 25358K [0x00000000a2200000, 0x0000000100000000)
  region size 1024K, 20 young (20480K), 7 survivors (7168K)
 Metaspace       used 20729K, committed 20928K, reserved 1073152K
  class space    used 2146K, committed 2240K, reserved 1048576K

Heap Regions: E=young(eden), S=young(survivor), O=old, HS=humongous(starts), HC=humongous(continues), CS=collection set, F=free, OA=open archive, CA=closed archive, TAMS=top-at-mark-start (previous, next)
|   0|0x00000000a2200000, 0x00000000a2300000, 0x00000000a2300000|100%| O|  |TAMS 0x00000000a2200000, 0x00000000a2200000| Untracked 
|   1|0x00000000a2300000, 0x00000000a2400000, 0x00000000a2400000|100%| O|  |TAMS 0x00000000a2300000, 0x00000000a2300000| Untracked 
|   2|0x00000000a2400000, 0x00000000a2500000, 0x00000000a2500000|100%| O|  |TAMS 0x00000000a2400000, 0x00000000a2400000| Untracked 
|   3|0x00000000a2500000, 0x00000000a2600000, 0x00000000a2600000|100%| O|  |TAMS 0x00000000a2500000, 0x00000000a2500000| Untracked 
|   4|0x00000000a2600000, 0x00000000a2700000, 0x00000000a2700000|100%| O|  |TAMS 0x00000000a2600000, 0x00000000a2600000| Untracked 
|   5|0x00000000a2700000, 0x00000000a27c3a00, 0x00000000a2800000| 76%| O|  |TAMS 0x00000000a2700000, 0x00000000a2700000| Untracked 
|   6|0x00000000a2800000, 0x00000000a2800000, 0x00000000a2900000|  0%| F|  |TAMS 0x00000000a2800000, 0x00000000a2800000| Untracked 
|   7|0x00000000a2900000, 0x00000000a2900000, 0x00000000a2a00000|  0%| F|  |TAMS 0x00000000a2900000, 0x00000000a2900000| Untracked 
|   8|0x00000000a2a00000, 0x00000000a2a00000, 0x00000000a2b00000|  0%| F|  |TAMS 0x00000000a2a00000, 0x00000000a2a00000| Untracked 
|   9|0x00000000a2b00000, 0x00000000a2b00000, 0x00000000a2c00000|  0%| F|  |TAMS 0x00000000a2b00000, 0x00000000a2b00000| Untracked 
|  10|0x00000000a2c00000, 0x00000000a2c00000, 0x00000000a2d00000|  0%| F|  |TAMS 0x00000000a2c00000, 0x00000000a2c00000| Untracked 
|  11|0x00000000a2d00000, 0x00000000a2d00000, 0x00000000a2e00000|  0%| F|  |TAMS 0x00000000a2d00000, 0x00000000a2d00000| Untracked 
|  12|0x00000000a2e00000, 0x00000000a2e00000, 0x00000000a2f00000|  0%| F|  |TAMS 0x00000000a2e00000, 0x00000000a2e00000| Untracked 
|  13|0x00000000a2f00000, 0x00000000a2f00000, 0x00000000a3000000|  0%| F|  |TAMS 0x00000000a2f00000, 0x00000000a2f00000| Untracked 
|  14|0x00000000a3000000, 0x00000000a3000000, 0x00000000a3100000|  0%| F|  |TAMS 0x00000000a3000000, 0x00000000a3000000| Untracked 
|  15|0x00000000a3100000, 0x00000000a3100000, 0x00000000a3200000|  0%| F|  |TAMS 0x00000000a3100000, 0x00000000a3100000| Untracked 
|  16|0x00000000a3200000, 0x00000000a3200000, 0x00000000a3300000|  0%| F|  |TAMS 0x00000000a3200000, 0x00000000a3200000| Untracked 
|  17|0x00000000a3300000, 0x00000000a3300000, 0x00000000a3400000|  0%| F|  |TAMS 0x00000000a3300000, 0x00000000a3300000| Untracked 
|  18|0x00000000a3400000, 0x00000000a3400000, 0x00000000a3500000|  0%| F|  |TAMS 0x00000000a3400000, 0x00000000a3400000| Untracked 
|  19|0x00000000a3500000, 0x00000000a3500000, 0x00000000a3600000|  0%| F|  |TAMS 0x00000000a3500000, 0x00000000a3500000| Untracked 
|  20|0x00000000a3600000, 0x00000000a3600000, 0x00000000a3700000|  0%| F|  |TAMS 0x00000000a3600000, 0x00000000a3600000| Untracked 
|  21|0x00000000a3700000, 0x00000000a3700000, 0x00000000a3800000|  0%| F|  |TAMS 0x00000000a3700000, 0x00000000a3700000| Untracked 
|  22|0x00000000a3800000, 0x00000000a3800000, 0x00000000a3900000|  0%| F|  |TAMS 0x00000000a3800000, 0x00000000a3800000| Untracked 
|  23|0x00000000a3900000, 0x00000000a3900000, 0x00000000a3a00000|  0%| F|  |TAMS 0x00000000a3900000, 0x00000000a3900000| Untracked 
|  24|0x00000000a3a00000, 0x00000000a3a00000, 0x00000000a3b00000|  0%| F|  |TAMS 0x00000000a3a00000, 0x00000000a3a00000| Untracked 
|  25|0x00000000a3b00000, 0x00000000a3b00000, 0x00000000a3c00000|  0%| F|  |TAMS 0x00000000a3b00000, 0x00000000a3b00000| Untracked 
|  26|0x00000000a3c00000, 0x00000000a3c00000, 0x00000000a3d00000|  0%| F|  |TAMS 0x00000000a3c00000, 0x00000000a3c00000| Untracked 
|  27|0x00000000a3d00000, 0x00000000a3d00000, 0x00000000a3e00000|  0%| F|  |TAMS 0x00000000a3d00000, 0x00000000a3d00000| Untracked 
|  28|0x00000000a3e00000, 0x00000000a3e00000, 0x00000000a3f00000|  0%| F|  |TAMS 0x00000000a3e00000, 0x00000000a3e00000| Untracked 
|  29|0x00000000a3f00000, 0x00000000a3f00000, 0x00000000a4000000|  0%| F|  |TAMS 0x00000000a3f00000, 0x00000000a3f00000| Untracked 
|  30|0x00000000a4000000, 0x00000000a4000000, 0x00000000a4100000|  0%| F|  |TAMS 0x00000000a4000000, 0x00000000a4000000| Untracked 
|  31|0x00000000a4100000, 0x00000000a4200000, 0x00000000a4200000|100%| S|CS|TAMS 0x00000000a4100000, 0x00000000a4100000| Complete 
|  32|0x00000000a4200000, 0x00000000a4300000, 0x00000000a4300000|100%| S|CS|TAMS 0x00000000a4200000, 0x00000000a4200000| Complete 
|  33|0x00000000a4300000, 0x00000000a4400000, 0x00000000a4400000|100%| S|CS|TAMS 0x00000000a4300000, 0x00000000a4300000| Complete 
|  34|0x00000000a4400000, 0x00000000a4500000, 0x00000000a4500000|100%| S|CS|TAMS 0x00000000a4400000, 0x00000000a4400000| Complete 
|  35|0x00000000a4500000, 0x00000000a4600000, 0x00000000a4600000|100%| S|CS|TAMS 0x00000000a4500000, 0x00000000a4500000| Complete 
|  36|0x00000000a4600000, 0x00000000a4700000, 0x00000000a4700000|100%| S|CS|TAMS 0x00000000a4600000, 0x00000000a4600000| Complete 
|  37|0x00000000a4700000, 0x00000000a4800000, 0x00000000a4800000|100%| S|CS|TAMS 0x00000000a4700000, 0x00000000a4700000| Complete 
|  38|0x00000000a4800000, 0x00000000a4800000, 0x00000000a4900000|  0%| F|  |TAMS 0x00000000a4800000, 0x00000000a4800000| Untracked 
|  39|0x00000000a4900000, 0x00000000a4900000, 0x00000000a4a00000|  0%| F|  |TAMS 0x00000000a4900000, 0x00000000a4900000| Untracked 
|  40|0x00000000a4a00000, 0x00000000a4a00000, 0x00000000a4b00000|  0%| F|  |TAMS 0x00000000a4a00000, 0x00000000a4a00000| Untracked 
|  41|0x00000000a4b00000, 0x00000000a4b00000, 0x00000000a4c00000|  0%| F|  |TAMS 0x00000000a4b00000, 0x00000000a4b00000| Untracked 
|  42|0x00000000a4c00000, 0x00000000a4c00000, 0x00000000a4d00000|  0%| F|  |TAMS 0x00000000a4c00000, 0x00000000a4c00000| Untracked 
|  43|0x00000000a4d00000, 0x00000000a4d00000, 0x00000000a4e00000|  0%| F|  |TAMS 0x00000000a4d00000, 0x00000000a4d00000| Untracked 
|  44|0x00000000a4e00000, 0x00000000a4e00000, 0x00000000a4f00000|  0%| F|  |TAMS 0x00000000a4e00000, 0x00000000a4e00000| Untracked 
|  45|0x00000000a4f00000, 0x00000000a4f00000, 0x00000000a5000000|  0%| F|  |TAMS 0x00000000a4f00000, 0x00000000a4f00000| Untracked 
|  46|0x00000000a5000000, 0x00000000a5000000, 0x00000000a5100000|  0%| F|  |TAMS 0x00000000a5000000, 0x00000000a5000000| Untracked 
|  47|0x00000000a5100000, 0x00000000a5100000, 0x00000000a5200000|  0%| F|  |TAMS 0x00000000a5100000, 0x00000000a5100000| Untracked 
|  48|0x00000000a5200000, 0x00000000a5200000, 0x00000000a5300000|  0%| F|  |TAMS 0x00000000a5200000, 0x00000000a5200000| Untracked 
|  49|0x00000000a5300000, 0x00000000a5300000, 0x00000000a5400000|  0%| F|  |TAMS 0x00000000a5300000, 0x00000000a5300000| Untracked 
|  50|0x00000000a5400000, 0x00000000a5400000, 0x00000000a5500000|  0%| F|  |TAMS 0x00000000a5400000, 0x00000000a5400000| Untracked 
|  51|0x00000000a5500000, 0x00000000a5500000, 0x00000000a5600000|  0%| F|  |TAMS 0x00000000a5500000, 0x00000000a5500000| Untracked 
|  52|0x00000000a5600000, 0x00000000a5600000, 0x00000000a5700000|  0%| F|  |TAMS 0x00000000a5600000, 0x00000000a5600000| Untracked 
|  53|0x00000000a5700000, 0x00000000a5700000, 0x00000000a5800000|  0%| F|  |TAMS 0x00000000a5700000, 0x00000000a5700000| Untracked 
|  54|0x00000000a5800000, 0x00000000a5800000, 0x00000000a5900000|  0%| F|  |TAMS 0x00000000a5800000, 0x00000000a5800000| Untracked 
|  55|0x00000000a5900000, 0x00000000a5900000, 0x00000000a5a00000|  0%| F|  |TAMS 0x00000000a5900000, 0x00000000a5900000| Untracked 
|  56|0x00000000a5a00000, 0x00000000a5a00000, 0x00000000a5b00000|  0%| F|  |TAMS 0x00000000a5a00000, 0x00000000a5a00000| Untracked 
|  57|0x00000000a5b00000, 0x00000000a5b00000, 0x00000000a5c00000|  0%| F|  |TAMS 0x00000000a5b00000, 0x00000000a5b00000| Untracked 
|  58|0x00000000a5c00000, 0x00000000a5c00000, 0x00000000a5d00000|  0%| F|  |TAMS 0x00000000a5c00000, 0x00000000a5c00000| Untracked 
|  59|0x00000000a5d00000, 0x00000000a5d00000, 0x00000000a5e00000|  0%| F|  |TAMS 0x00000000a5d00000, 0x00000000a5d00000| Untracked 
|  60|0x00000000a5e00000, 0x00000000a5e00000, 0x00000000a5f00000|  0%| F|  |TAMS 0x00000000a5e00000, 0x00000000a5e00000| Untracked 
|  61|0x00000000a5f00000, 0x00000000a5f00000, 0x00000000a6000000|  0%| F|  |TAMS 0x00000000a5f00000, 0x00000000a5f00000| Untracked 
|  62|0x00000000a6000000, 0x00000000a6000000, 0x00000000a6100000|  0%| F|  |TAMS 0x00000000a6000000, 0x00000000a6000000| Untracked 
|  63|0x00000000a6100000, 0x00000000a6100000, 0x00000000a6200000|  0%| F|  |TAMS 0x00000000a6100000, 0x00000000a6100000| Untracked 
|  64|0x00000000a6200000, 0x00000000a6200000, 0x00000000a6300000|  0%| F|  |TAMS 0x00000000a6200000, 0x00000000a6200000| Untracked 
|  65|0x00000000a6300000, 0x00000000a6300000, 0x00000000a6400000|  0%| F|  |TAMS 0x00000000a6300000, 0x00000000a6300000| Untracked 
|  66|0x00000000a6400000, 0x00000000a6400000, 0x00000000a6500000|  0%| F|  |TAMS 0x00000000a6400000, 0x00000000a6400000| Untracked 
|  67|0x00000000a6500000, 0x00000000a6500000, 0x00000000a6600000|  0%| F|  |TAMS 0x00000000a6500000, 0x00000000a6500000| Untracked 
|  68|0x00000000a6600000, 0x00000000a6600000, 0x00000000a6700000|  0%| F|  |TAMS 0x00000000a6600000, 0x00000000a6600000| Untracked 
|  69|0x00000000a6700000, 0x00000000a6700000, 0x00000000a6800000|  0%| F|  |TAMS 0x00000000a6700000, 0x00000000a6700000| Untracked 
|  70|0x00000000a6800000, 0x00000000a6800000, 0x00000000a6900000|  0%| F|  |TAMS 0x00000000a6800000, 0x00000000a6800000| Untracked 
|  71|0x00000000a6900000, 0x00000000a6900000, 0x00000000a6a00000|  0%| F|  |TAMS 0x00000000a6900000, 0x00000000a6900000| Untracked 
|  72|0x00000000a6a00000, 0x00000000a6a00000, 0x00000000a6b00000|  0%| F|  |TAMS 0x00000000a6a00000, 0x00000000a6a00000| Untracked 
|  73|0x00000000a6b00000, 0x00000000a6b00000, 0x00000000a6c00000|  0%| F|  |TAMS 0x00000000a6b00000, 0x00000000a6b00000| Untracked 
|  74|0x00000000a6c00000, 0x00000000a6c00000, 0x00000000a6d00000|  0%| F|  |TAMS 0x00000000a6c00000, 0x00000000a6c00000| Untracked 
|  75|0x00000000a6d00000, 0x00000000a6d00000, 0x00000000a6e00000|  0%| F|  |TAMS 0x00000000a6d00000, 0x00000000a6d00000| Untracked 
|  76|0x00000000a6e00000, 0x00000000a6e00000, 0x00000000a6f00000|  0%| F|  |TAMS 0x00000000a6e00000, 0x00000000a6e00000| Untracked 
|  77|0x00000000a6f00000, 0x00000000a6f00000, 0x00000000a7000000|  0%| F|  |TAMS 0x00000000a6f00000, 0x00000000a6f00000| Untracked 
|  78|0x00000000a7000000, 0x00000000a7000000, 0x00000000a7100000|  0%| F|  |TAMS 0x00000000a7000000, 0x00000000a7000000| Untracked 
|  79|0x00000000a7100000, 0x00000000a7100000, 0x00000000a7200000|  0%| F|  |TAMS 0x00000000a7100000, 0x00000000a7100000| Untracked 
|  80|0x00000000a7200000, 0x00000000a7200000, 0x00000000a7300000|  0%| F|  |TAMS 0x00000000a7200000, 0x00000000a7200000| Untracked 
|  81|0x00000000a7300000, 0x00000000a7300800, 0x00000000a7400000|  0%| E|  |TAMS 0x00000000a7300000, 0x00000000a7300000| Complete 
|  82|0x00000000a7400000, 0x00000000a7500000, 0x00000000a7500000|100%| E|CS|TAMS 0x00000000a7400000, 0x00000000a7400000| Complete 
|  83|0x00000000a7500000, 0x00000000a7600000, 0x00000000a7600000|100%| E|CS|TAMS 0x00000000a7500000, 0x00000000a7500000| Complete 
|  84|0x00000000a7600000, 0x00000000a7700000, 0x00000000a7700000|100%| E|CS|TAMS 0x00000000a7600000, 0x00000000a7600000| Complete 
|  85|0x00000000a7700000, 0x00000000a7800000, 0x00000000a7800000|100%| E|CS|TAMS 0x00000000a7700000, 0x00000000a7700000| Complete 
|  86|0x00000000a7800000, 0x00000000a7900000, 0x00000000a7900000|100%| E|CS|TAMS 0x00000000a7800000, 0x00000000a7800000| Complete 
|  87|0x00000000a7900000, 0x00000000a7a00000, 0x00000000a7a00000|100%| E|CS|TAMS 0x00000000a7900000, 0x00000000a7900000| Complete 
|  88|0x00000000a7a00000, 0x00000000a7b00000, 0x00000000a7b00000|100%| E|CS|TAMS 0x00000000a7a00000, 0x00000000a7a00000| Complete 
|  89|0x00000000a7b00000, 0x00000000a7c00000, 0x00000000a7c00000|100%| E|CS|TAMS 0x00000000a7b00000, 0x00000000a7b00000| Complete 
|  90|0x00000000a7c00000, 0x00000000a7d00000, 0x00000000a7d00000|100%| E|CS|TAMS 0x00000000a7c00000, 0x00000000a7c00000| Complete 
|  91|0x00000000a7d00000, 0x00000000a7e00000, 0x00000000a7e00000|100%| E|CS|TAMS 0x00000000a7d00000, 0x00000000a7d00000| Complete 
|  92|0x00000000a7e00000, 0x00000000a7f00000, 0x00000000a7f00000|100%| E|CS|TAMS 0x00000000a7e00000, 0x00000000a7e00000| Complete 
|  93|0x00000000a7f00000, 0x00000000a8000000, 0x00000000a8000000|100%| E|CS|TAMS 0x00000000a7f00000, 0x00000000a7f00000| Complete 

Card table byte_map: [0x0000013bf2380000,0x0000013bf2670000] _byte_map_base: 0x0000013bf1e6f000

Marking Bits (Prev, Next): (CMBitMap*) 0x0000013bee4b7fb0, (CMBitMap*) 0x0000013bee4b7ff0
 Prev Bits: [0x0000013bf2960000, 0x0000013bf40d8000)
 Next Bits: [0x0000013bf40e0000, 0x0000013bf5858000)

Polling page: 0x0000013bec380000

Metaspace:

Usage:
  Non-class:     18.15 MB used.
      Class:      2.10 MB used.
       Both:     20.24 MB used.

Virtual space:
  Non-class space:       24.00 MB reserved,      18.25 MB ( 76%) committed,  3 nodes.
      Class space:        1.00 GB reserved,       2.19 MB ( <1%) committed,  1 nodes.
             Both:        1.02 GB reserved,      20.44 MB (  2%) committed. 

Chunk freelists:
   Non-Class:  1.08 MB
       Class:  1.76 MB
        Both:  2.84 MB

MaxMetaspaceSize: unlimited
CompressedClassSpaceSize: 1.00 GB
Initial GC threshold: 21.00 MB
Current GC threshold: 21.00 MB
CDS: off
MetaspaceReclaimPolicy: balanced
 - commit_granule_bytes: 65536.
 - commit_granule_words: 8192.
 - virtual_space_node_default_size: 1048576.
 - enlarge_chunks_in_place: 1.
 - new_chunks_are_fully_committed: 0.
 - uncommit_free_chunks: 1.
 - use_allocation_guard: 0.
 - handle_deallocations: 1.


Internal statistics:

num_allocs_failed_limit: 0.
num_arena_births: 72.
num_arena_deaths: 0.
num_vsnodes_births: 4.
num_vsnodes_deaths: 0.
num_space_committed: 327.
num_space_uncommitted: 0.
num_chunks_returned_to_freelist: 0.
num_chunks_taken_from_freelist: 517.
num_chunk_merges: 0.
num_chunk_splits: 361.
num_chunks_enlarged: 282.
num_purges: 0.
num_inconsistent_stats: 0.

CodeHeap 'non-profiled nmethods': size=120000Kb used=1789Kb max_used=1789Kb free=118210Kb
 bounds [0x0000013b87ad0000, 0x0000013b87d40000, 0x0000013b8f000000]
CodeHeap 'profiled nmethods': size=120000Kb used=6070Kb max_used=6070Kb free=113929Kb
 bounds [0x0000013b805a0000, 0x0000013b80b90000, 0x0000013b87ad0000]
CodeHeap 'non-nmethods': size=5760Kb used=1169Kb max_used=1228Kb free=4590Kb
 bounds [0x0000013b80000000, 0x0000013b80270000, 0x0000013b805a0000]
 total_blobs=3588 nmethods=3129 adapters=371
 compilation: enabled
              stopped_count=0, restarted_count=0
 full_count=0

Compilation events (20 events):
Event: 5.855 Thread 0x0000013bf8507780 nmethod 3121 0x0000013b80b83c10 code [0x0000013b80b83dc0, 0x0000013b80b83f48]
Event: 5.855 Thread 0x0000013bf8507780 3122       3       org.apache.maven.repository.internal.DefaultModelCache::get (26 bytes)
Event: 5.855 Thread 0x0000013bf8507780 nmethod 3122 0x0000013b80b84090 code [0x0000013b80b84260, 0x0000013b80b84598]
Event: 5.856 Thread 0x0000013bf8507780 3123       1       org.eclipse.aether.resolution.VersionRangeRequest::getRepositories (5 bytes)
Event: 5.856 Thread 0x0000013bf8507780 nmethod 3123 0x0000013b87c8e110 code [0x0000013b87c8e2a0, 0x0000013b87c8e378]
Event: 5.872 Thread 0x0000013bf8507780 3124       1       org.eclipse.aether.graph.DefaultDependencyNode::setVersionConstraint (6 bytes)
Event: 5.873 Thread 0x0000013bf8507780 nmethod 3124 0x0000013b87c8e410 code [0x0000013b87c8e5a0, 0x0000013b87c8e6b8]
Event: 5.873 Thread 0x0000013bf8507780 3125       1       org.eclipse.aether.graph.DefaultDependencyNode::setVersion (6 bytes)
Event: 5.873 Thread 0x0000013bf8507780 nmethod 3125 0x0000013b87c8e710 code [0x0000013b87c8e8a0, 0x0000013b87c8e9b8]
Event: 5.898 Thread 0x0000013bf8507780 3126       1       org.eclipse.aether.DefaultRepositorySystemSession::getArtifactTypeRegistry (5 bytes)
Event: 5.899 Thread 0x0000013bf8507780 nmethod 3126 0x0000013b87c8ea10 code [0x0000013b87c8eba0, 0x0000013b87c8ec78]
Event: 5.902 Thread 0x0000013bf8507780 3127       3       org.eclipse.aether.internal.impl.SimpleLocalRepositoryManager::getRepositoryKey (178 bytes)
Event: 5.903 Thread 0x0000013bf8507780 nmethod 3127 0x0000013b80b84710 code [0x0000013b80b84a80, 0x0000013b80b85d68]
Event: 5.906 Thread 0x0000013bf8507780 3128       3       org.eclipse.aether.util.version.GenericVersion$Item::<init> (15 bytes)
Event: 5.906 Thread 0x0000013bf8507780 nmethod 3128 0x0000013b80b86490 code [0x0000013b80b86620, 0x0000013b80b867d8]
Event: 5.906 Thread 0x0000013bf8507780 3129       1       org.eclipse.aether.util.version.GenericVersionConstraint::getVersion (5 bytes)
Event: 5.907 Thread 0x0000013bf8507780 nmethod 3129 0x0000013b87c8ed10 code [0x0000013b87c8eea0, 0x0000013b87c8ef78]
Event: 5.928 Thread 0x0000013bf8507780 3130   !   3       org.eclipse.aether.util.version.GenericVersion$Tokenizer::toItem (285 bytes)
Event: 5.929 Thread 0x0000013bf8507780 nmethod 3130 0x0000013b80b86890 code [0x0000013b80b86ce0, 0x0000013b80b88d78]
Event: 5.970 Thread 0x0000013bf8507780 3131   !   3       org.apache.maven.model.profile.DefaultProfileSelector::isActive (187 bytes)

GC Heap History (6 events):
Event: 0.958 GC heap before
{Heap before GC invocations=0 (full 0):
 garbage-first heap   total 96256K, used 23552K [0x00000000a2200000, 0x0000000100000000)
  region size 1024K, 23 young (23552K), 0 survivors (0K)
 Metaspace       used 12893K, committed 13056K, reserved 1064960K
  class space    used 1268K, committed 1344K, reserved 1048576K
}
Event: 0.963 GC heap after
{Heap after GC invocations=1 (full 0):
 garbage-first heap   total 96256K, used 3440K [0x00000000a2200000, 0x0000000100000000)
  region size 1024K, 3 young (3072K), 3 survivors (3072K)
 Metaspace       used 12893K, committed 13056K, reserved 1064960K
  class space    used 1268K, committed 1344K, reserved 1048576K
}
Event: 1.664 GC heap before
{Heap before GC invocations=1 (full 0):
 garbage-first heap   total 96256K, used 35184K [0x00000000a2200000, 0x0000000100000000)
  region size 1024K, 34 young (34816K), 3 survivors (3072K)
 Metaspace       used 18578K, committed 18752K, reserved 1073152K
  class space    used 1981K, committed 2048K, reserved 1048576K
}
Event: 1.671 GC heap after
{Heap after GC invocations=2 (full 0):
 garbage-first heap   total 96256K, used 5995K [0x00000000a2200000, 0x0000000100000000)
  region size 1024K, 3 young (3072K), 3 survivors (3072K)
 Metaspace       used 18578K, committed 18752K, reserved 1073152K
  class space    used 1981K, committed 2048K, reserved 1048576K
}
Event: 5.322 GC heap before
{Heap before GC invocations=2 (full 0):
 garbage-first heap   total 96256K, used 60267K [0x00000000a2200000, 0x0000000100000000)
  region size 1024K, 56 young (57344K), 3 survivors (3072K)
 Metaspace       used 20625K, committed 20864K, reserved 1073152K
  class space    used 2143K, committed 2240K, reserved 1048576K
}
Event: 5.336 GC heap after
{Heap after GC invocations=3 (full 0):
 garbage-first heap   total 96256K, used 13070K [0x00000000a2200000, 0x0000000100000000)
  region size 1024K, 7 young (7168K), 7 survivors (7168K)
 Metaspace       used 20625K, committed 20864K, reserved 1073152K
  class space    used 2143K, committed 2240K, reserved 1048576K
}

Deoptimization events (20 events):
Event: 4.941 Thread 0x0000013bee47faf0 Uncommon trap: trap_request=0xffffff45 fr.pc=0x0000013b87c2701c relative=0x000000000000091c
Event: 4.941 Thread 0x0000013bee47faf0 Uncommon trap: reason=unstable_if action=reinterpret pc=0x0000013b87c2701c method=org.apache.maven.model.interpolation.StringVisitorModelInterpolator$ModelVisitor.visit(Lorg/apache/maven/model/Dependency;)V @ 159 c2
Event: 4.941 Thread 0x0000013bee47faf0 DEOPT PACKING pc=0x0000013b87c2701c sp=0x0000003520ffcb10
Event: 4.941 Thread 0x0000013bee47faf0 DEOPT UNPACKING pc=0x0000013b800523a3 sp=0x0000003520ffcad8 mode 2
Event: 4.941 Thread 0x0000013bee47faf0 Uncommon trap: trap_request=0xffffff45 fr.pc=0x0000013b87c28b84 relative=0x0000000000000684
Event: 4.941 Thread 0x0000013bee47faf0 Uncommon trap: reason=unstable_if action=reinterpret pc=0x0000013b87c28b84 method=org.apache.maven.model.validation.DefaultModelValidator.validateEffectiveDependency(Lorg/apache/maven/model/building/ModelProblemCollector;Lorg/apache/maven/model/Dependency
Event: 4.941 Thread 0x0000013bee47faf0 DEOPT PACKING pc=0x0000013b87c28b84 sp=0x0000003520ffcb20
Event: 4.941 Thread 0x0000013bee47faf0 DEOPT UNPACKING pc=0x0000013b800523a3 sp=0x0000003520ffcaf0 mode 2
Event: 5.227 Thread 0x0000013bee47faf0 Uncommon trap: trap_request=0xffffff45 fr.pc=0x0000013b87c4d928 relative=0x0000000000005d08
Event: 5.227 Thread 0x0000013bee47faf0 Uncommon trap: reason=unstable_if action=reinterpret pc=0x0000013b87c4d928 method=org.codehaus.plexus.interpolation.StringSearchInterpolator.interpolate(Ljava/lang/String;Lorg/codehaus/plexus/interpolation/RecursionInterceptor;Ljava/util/Set;)Ljava/lang/S
Event: 5.227 Thread 0x0000013bee47faf0 DEOPT PACKING pc=0x0000013b87c4d928 sp=0x0000003520ffcb30
Event: 5.227 Thread 0x0000013bee47faf0 DEOPT UNPACKING pc=0x0000013b800523a3 sp=0x0000003520ffcb10 mode 2
Event: 5.603 Thread 0x0000013bee47faf0 Uncommon trap: trap_request=0xffffff45 fr.pc=0x0000013b87bee3c4 relative=0x00000000000000a4
Event: 5.603 Thread 0x0000013bee47faf0 Uncommon trap: reason=unstable_if action=reinterpret pc=0x0000013b87bee3c4 method=org.apache.maven.model.io.xpp3.MavenXpp3Reader.nextTag(Lorg/codehaus/plexus/util/xml/pull/XmlPullParser;)I @ 9 c2
Event: 5.603 Thread 0x0000013bee47faf0 DEOPT PACKING pc=0x0000013b87bee3c4 sp=0x0000003520ffc840
Event: 5.603 Thread 0x0000013bee47faf0 DEOPT UNPACKING pc=0x0000013b800523a3 sp=0x0000003520ffc7d0 mode 2
Event: 5.614 Thread 0x0000013bee47faf0 Uncommon trap: trap_request=0xffffffcc fr.pc=0x0000013b87c44b80 relative=0x00000000000001e0
Event: 5.614 Thread 0x0000013bee47faf0 Uncommon trap: reason=intrinsic_or_type_checked_inlining action=make_not_entrant pc=0x0000013b87c44b80 method=java.util.Arrays.copyOf([Ljava/lang/Object;ILjava/lang/Class;)[Ljava/lang/Object; @ 35 c2
Event: 5.614 Thread 0x0000013bee47faf0 DEOPT PACKING pc=0x0000013b87c44b80 sp=0x0000003520ffc6c0
Event: 5.614 Thread 0x0000013bee47faf0 DEOPT UNPACKING pc=0x0000013b800523a3 sp=0x0000003520ffc650 mode 2

Classes unloaded (0 events):
No events

Classes redefined (0 events):
No events

Internal exceptions (7 events):
Event: 0.209 Thread 0x0000013bee47faf0 Exception <a 'java/lang/NullPointerException'{0x00000000a7c66440}> (0x00000000a7c66440) 
thrown [e:\jenkins\tmp\workspace\build\src\src\hotspot\share\interpreter\linkResolver.cpp, line 1357]
Event: 0.817 Thread 0x0000013bee47faf0 Exception <a 'java/lang/NoSuchMethodError'{0x00000000a71eebf0}: 'java.lang.Object java.lang.invoke.DirectMethodHandle$Holder.newInvokeSpecial(java.lang.Object, java.lang.Object, java.lang.Object, java.lang.Object, java.lang.Object)'> (0x00000000a71eebf0) 
thrown [e:\jenkins\tmp\workspace\build\src\src\hotspot\share\interpreter\linkResolver.cpp, line 766]
Event: 0.882 Thread 0x0000013bee47faf0 Exception <a 'java/lang/NoClassDefFoundError'{0x00000000a6f60b60}: javax/enterprise/inject/Typed> (0x00000000a6f60b60) 
thrown [e:\jenkins\tmp\workspace\build\src\src\hotspot\share\classfile\systemDictionary.cpp, line 245]
Event: 1.565 Thread 0x0000013bee47faf0 Exception <a 'java/lang/NoClassDefFoundError'{0x00000000a600c688}: com/google/inject/servlet/ServletModuleTargetVisitor> (0x00000000a600c688) 
thrown [e:\jenkins\tmp\workspace\build\src\src\hotspot\share\classfile\systemDictionary.cpp, line 245]
Event: 1.618 Thread 0x0000013bee47faf0 Exception <a 'java/lang/NoSuchMethodError'{0x00000000a5f56868}: 'java.lang.Object java.lang.invoke.DirectMethodHandle$Holder.invokeStaticInit(java.lang.Object, int, int, int, int)'> (0x00000000a5f56868) 
thrown [e:\jenkins\tmp\workspace\build\src\src\hotspot\share\interpreter\linkResolver.cpp, line 766]
Event: 1.707 Thread 0x0000013bee47faf0 Implicit null exception at 0x0000013b87af4072 to 0x0000013b87af463c
Event: 1.707 Thread 0x0000013bee47faf0 Implicit null exception at 0x0000013b87b037f2 to 0x0000013b87b03dcc

VM Operations (20 events):
Event: 1.546 Executing VM operation: HandshakeAllThreads done
Event: 1.607 Executing VM operation: HandshakeAllThreads
Event: 1.607 Executing VM operation: HandshakeAllThreads done
Event: 1.630 Executing VM operation: HandshakeAllThreads
Event: 1.631 Executing VM operation: HandshakeAllThreads done
Event: 1.663 Executing VM operation: G1CollectForAllocation
Event: 1.671 Executing VM operation: G1CollectForAllocation done
Event: 1.700 Executing VM operation: HandshakeAllThreads
Event: 1.700 Executing VM operation: HandshakeAllThreads done
Event: 1.928 Executing VM operation: ICBufferFull
Event: 1.928 Executing VM operation: ICBufferFull done
Event: 2.942 Executing VM operation: Cleanup
Event: 2.943 Executing VM operation: Cleanup done
Event: 3.958 Executing VM operation: Cleanup
Event: 3.958 Executing VM operation: Cleanup done
Event: 4.941 Executing VM operation: HandshakeAllThreads
Event: 4.941 Executing VM operation: HandshakeAllThreads done
Event: 5.322 Executing VM operation: G1CollectForAllocation
Event: 5.336 Executing VM operation: G1CollectForAllocation done
Event: 6.340 Executing VM operation: Cleanup

Events (20 events):
Event: 1.773 loading class java/lang/Long$LongCache done
Event: 1.774 loading class java/lang/Short$ShortCache
Event: 1.774 loading class java/lang/Short$ShortCache done
Event: 1.774 loading class java/lang/Byte$ByteCache
Event: 1.774 loading class java/lang/Byte$ByteCache done
Event: 1.865 loading class java/util/LinkedList$ListItr
Event: 1.865 loading class java/util/LinkedList$ListItr done
Event: 1.940 loading class java/io/RandomAccessFile$1
Event: 1.940 loading class java/io/RandomAccessFile$1 done
Event: 1.941 loading class java/util/TreeMap$Values
Event: 1.941 loading class java/util/TreeMap$Values done
Event: 1.941 loading class java/util/TreeMap$ValueIterator
Event: 1.941 loading class java/util/TreeMap$ValueIterator done
Event: 2.172 Thread 0x0000013bf94d36d0 Thread exited: 0x0000013bf94d36d0
Event: 2.804 Thread 0x0000013bfa9c43d0 Thread added: 0x0000013bfa9c43d0
Event: 3.617 Thread 0x0000013bfa9c43d0 Thread exited: 0x0000013bfa9c43d0
Event: 4.614 loading class sun/nio/cs/ISO_8859_1$Decoder
Event: 4.614 loading class sun/nio/cs/ISO_8859_1$Decoder done
Event: 5.337 Thread 0x0000013bfa9cab20 Thread added: 0x0000013bfa9cab20
Event: 5.806 Thread 0x0000013bfa9cab20 Thread exited: 0x0000013bfa9cab20


Dynamic libraries:
0x00007ff67bea0000 - 0x00007ff67beae000 	C:\Users\91902\Downloads\sts-4.14.1.RELEASE\plugins\org.eclipse.justj.openjdk.hotspot.jre.full.win32.x86_64_17.0.2.v20220201-1208\jre\bin\javaw.exe
0x00007ffd36300000 - 0x00007ffd36569000 	C:\WINDOWS\SYSTEM32\ntdll.dll
0x00007ffd34870000 - 0x00007ffd34939000 	C:\WINDOWS\System32\KERNEL32.DLL
0x00007ffd33800000 - 0x00007ffd33bf3000 	C:\WINDOWS\System32\KERNELBASE.dll
0x00007ffd33490000 - 0x00007ffd335db000 	C:\WINDOWS\System32\ucrtbase.dll
0x00007ffcfde40000 - 0x00007ffcfde58000 	C:\Users\91902\Downloads\sts-4.14.1.RELEASE\plugins\org.eclipse.justj.openjdk.hotspot.jre.full.win32.x86_64_17.0.2.v20220201-1208\jre\bin\jli.dll
0x00007ffcfde20000 - 0x00007ffcfde39000 	C:\Users\91902\Downloads\sts-4.14.1.RELEASE\plugins\org.eclipse.justj.openjdk.hotspot.jre.full.win32.x86_64_17.0.2.v20220201-1208\jre\bin\VCRUNTIME140.dll
0x00007ffd360f0000 - 0x00007ffd362b4000 	C:\WINDOWS\System32\USER32.dll
0x00007ffd33710000 - 0x00007ffd33737000 	C:\WINDOWS\System32\win32u.dll
0x00007ffd23bd0000 - 0x00007ffd23e63000 	C:\WINDOWS\WinSxS\amd64_microsoft.windows.common-controls_6595b64144ccf1df_6.0.26100.5074_none_3e0d6f78e32fd63f\COMCTL32.dll
0x00007ffd34380000 - 0x00007ffd343ab000 	C:\WINDOWS\System32\GDI32.dll
0x00007ffd34fa0000 - 0x00007ffd35049000 	C:\WINDOWS\System32\msvcrt.dll
0x00007ffd33d70000 - 0x00007ffd33e9d000 	C:\WINDOWS\System32\gdi32full.dll
0x00007ffd33ea0000 - 0x00007ffd33f43000 	C:\WINDOWS\System32\msvcp_win.dll
0x00007ffd35670000 - 0x00007ffd3569f000 	C:\WINDOWS\System32\IMM32.DLL
0x00007ffd23550000 - 0x00007ffd2355c000 	C:\Users\91902\Downloads\sts-4.14.1.RELEASE\plugins\org.eclipse.justj.openjdk.hotspot.jre.full.win32.x86_64_17.0.2.v20220201-1208\jre\bin\vcruntime140_1.dll
0x00007ffccd2d0000 - 0x00007ffccd361000 	C:\Users\91902\Downloads\sts-4.14.1.RELEASE\plugins\org.eclipse.justj.openjdk.hotspot.jre.full.win32.x86_64_17.0.2.v20220201-1208\jre\bin\msvcp140.dll
0x00007ffcc4df0000 - 0x00007ffcc5a37000 	C:\Users\91902\Downloads\sts-4.14.1.RELEASE\plugins\org.eclipse.justj.openjdk.hotspot.jre.full.win32.x86_64_17.0.2.v20220201-1208\jre\bin\server\jvm.dll
0x00007ffd355b0000 - 0x00007ffd35664000 	C:\WINDOWS\System32\ADVAPI32.dll
0x00007ffd35700000 - 0x00007ffd357a6000 	C:\WINDOWS\System32\sechost.dll
0x00007ffd34180000 - 0x00007ffd34298000 	C:\WINDOWS\System32\RPCRT4.dll
0x00007ffd34300000 - 0x00007ffd34308000 	C:\WINDOWS\System32\PSAPI.DLL
0x00007ffd2bc80000 - 0x00007ffd2bcb5000 	C:\WINDOWS\SYSTEM32\WINMM.dll
0x00007ffd2bcc0000 - 0x00007ffd2bccb000 	C:\WINDOWS\SYSTEM32\VERSION.dll
0x00007ffd1a2c0000 - 0x00007ffd1a2ca000 	C:\WINDOWS\SYSTEM32\WSOCK32.dll
0x00007ffd340e0000 - 0x00007ffd34154000 	C:\WINDOWS\System32\WS2_32.dll
0x00007ffd32270000 - 0x00007ffd3228b000 	C:\WINDOWS\SYSTEM32\kernel.appcore.dll
0x00007ffd28720000 - 0x00007ffd2872a000 	C:\Users\91902\Downloads\sts-4.14.1.RELEASE\plugins\org.eclipse.justj.openjdk.hotspot.jre.full.win32.x86_64_17.0.2.v20220201-1208\jre\bin\jimage.dll
0x00007ffd30d40000 - 0x00007ffd30f82000 	C:\WINDOWS\SYSTEM32\DBGHELP.DLL
0x00007ffd34ba0000 - 0x00007ffd34f1b000 	C:\WINDOWS\System32\combase.dll
0x00007ffd352f0000 - 0x00007ffd353c7000 	C:\WINDOWS\System32\OLEAUT32.dll
0x00007ffd20e20000 - 0x00007ffd20e5d000 	C:\WINDOWS\SYSTEM32\dbgcore.DLL
0x00007ffd335e0000 - 0x00007ffd33679000 	C:\WINDOWS\System32\bcryptPrimitives.dll
0x00007ffcf1de0000 - 0x00007ffcf1e05000 	C:\Users\91902\Downloads\sts-4.14.1.RELEASE\plugins\org.eclipse.justj.openjdk.hotspot.jre.full.win32.x86_64_17.0.2.v20220201-1208\jre\bin\java.dll
0x00007ffcf1d70000 - 0x00007ffcf1d88000 	C:\Users\91902\Downloads\sts-4.14.1.RELEASE\plugins\org.eclipse.justj.openjdk.hotspot.jre.full.win32.x86_64_17.0.2.v20220201-1208\jre\bin\zip.dll
0x00007ffd357b0000 - 0x00007ffd35efd000 	C:\WINDOWS\System32\SHELL32.dll
0x00007ffd33c00000 - 0x00007ffd33d6c000 	C:\WINDOWS\System32\wintypes.dll
0x00007ffd31130000 - 0x00007ffd31989000 	C:\WINDOWS\SYSTEM32\windows.storage.dll
0x00007ffd35050000 - 0x00007ffd35140000 	C:\WINDOWS\System32\SHCORE.dll
0x00007ffd34310000 - 0x00007ffd34372000 	C:\WINDOWS\System32\shlwapi.dll
0x00007ffd333b0000 - 0x00007ffd333d9000 	C:\WINDOWS\SYSTEM32\profapi.dll
0x00007ffcf1280000 - 0x00007ffcf1299000 	C:\Users\91902\Downloads\sts-4.14.1.RELEASE\plugins\org.eclipse.justj.openjdk.hotspot.jre.full.win32.x86_64_17.0.2.v20220201-1208\jre\bin\net.dll
0x00007ffd2c660000 - 0x00007ffd2c77f000 	C:\WINDOWS\SYSTEM32\WINHTTP.dll
0x00007ffd327f0000 - 0x00007ffd3285b000 	C:\WINDOWS\system32\mswsock.dll
0x00007ffceeae0000 - 0x00007ffceeaf5000 	C:\Users\91902\Downloads\sts-4.14.1.RELEASE\plugins\org.eclipse.justj.openjdk.hotspot.jre.full.win32.x86_64_17.0.2.v20220201-1208\jre\bin\nio.dll
0x0000000069ac0000 - 0x0000000069ae4000 	C:\Users\91902\AppData\Local\Temp\jansi-2.4.0-b38302d2e5ed9e27-jansi.dll
0x00007ffd09080000 - 0x00007ffd09090000 	C:\Users\91902\Downloads\sts-4.14.1.RELEASE\plugins\org.eclipse.justj.openjdk.hotspot.jre.full.win32.x86_64_17.0.2.v20220201-1208\jre\bin\verify.dll

dbghelp: loaded successfully - version: 4.0.5 - missing functions: none
symbol engine: initialized successfully - sym options: 0x614 - pdb path: .;C:\Users\91902\Downloads\sts-4.14.1.RELEASE\plugins\org.eclipse.justj.openjdk.hotspot.jre.full.win32.x86_64_17.0.2.v20220201-1208\jre\bin;C:\WINDOWS\SYSTEM32;C:\WINDOWS\WinSxS\amd64_microsoft.windows.common-controls_6595b64144ccf1df_6.0.26100.5074_none_3e0d6f78e32fd63f;C:\Users\91902\Downloads\sts-4.14.1.RELEASE\plugins\org.eclipse.justj.openjdk.hotspot.jre.full.win32.x86_64_17.0.2.v20220201-1208\jre\bin\server;C:\Users\91902\AppData\Local\Temp

VM Arguments:
jvm_args: -Dmaven.home=EMBEDDED -Dclassworlds.conf=C:\Users\91902\Documents\workspace-ABC_BANKING\.metadata\.plugins\org.eclipse.m2e.launching\launches\m2conf10357106515712665944.tmp -Dmaven.multiModuleProjectDirectory=C:\Users\91902\Documents\GitHub\BRECON -Djansi.force=true -Djansi.passthrough=true -Dfile.encoding=Cp1252 -XX:+ShowCodeDetailsInExceptionMessages 
java_command: org.codehaus.plexus.classworlds.launcher.Launcher -B install -Dstyle.color=always
java_class_path (initial): C:\Users\91902\Downloads\sts-4.14.1.RELEASE\plugins\org.eclipse.m2e.maven.runtime_1.18.3.20220227-1319\jars\plexus-classworlds-2.6.0.jar
Launcher Type: SUN_STANDARD

[Global flags]
     intx CICompilerCount                          = 4                                         {product} {ergonomic}
     uint ConcGCThreads                            = 3                                         {product} {ergonomic}
     uint G1ConcRefinementThreads                  = 10                                        {product} {ergonomic}
   size_t G1HeapRegionSize                         = 1048576                                   {product} {ergonomic}
    uintx GCDrainStackTargetSize                   = 64                                        {product} {ergonomic}
   size_t InitialHeapSize                          = 98566144                                  {product} {ergonomic}
   size_t MarkStackSize                            = 4194304                                   {product} {ergonomic}
   size_t MaxHeapSize                              = 1574961152                                {product} {ergonomic}
   size_t MaxNewSize                               = 944766976                                 {product} {ergonomic}
   size_t MinHeapDeltaBytes                        = 1048576                                   {product} {ergonomic}
   size_t MinHeapSize                              = 8388608                                   {product} {ergonomic}
    uintx NonNMethodCodeHeapSize                   = 5839372                                {pd product} {ergonomic}
    uintx NonProfiledCodeHeapSize                  = 122909434                              {pd product} {ergonomic}
    uintx ProfiledCodeHeapSize                     = 122909434                              {pd product} {ergonomic}
    uintx ReservedCodeCacheSize                    = 251658240                              {pd product} {ergonomic}
     bool SegmentedCodeCache                       = true                                      {product} {ergonomic}
     bool ShowCodeDetailsInExceptionMessages       = true                                   {manageable} {command line}
   size_t SoftMaxHeapSize                          = 1574961152                             {manageable} {ergonomic}
     bool UseCompressedClassPointers               = true                           {product lp64_product} {ergonomic}
     bool UseCompressedOops                        = true                           {product lp64_product} {ergonomic}
     bool UseG1GC                                  = true                                      {product} {ergonomic}
     bool UseLargePagesIndividualAllocation        = false                                  {pd product} {ergonomic}

Logging:
Log output configuration:
 #0: stdout all=warning uptime,level,tags
 #1: stderr all=off uptime,level,tags

Environment Variables:
JAVA_HOME=C:\Program Files\java\jdk1.8.0_351
PATH=C:/Users/91902/Downloads/sts-4.14.1.RELEASE//plugins/org.eclipse.justj.openjdk.hotspot.jre.full.win32.x86_64_17.0.2.v20220201-1208/jre/bin/server;C:/Users/91902/Downloads/sts-4.14.1.RELEASE//plugins/org.eclipse.justj.openjdk.hotspot.jre.full.win32.x86_64_17.0.2.v20220201-1208/jre/bin;C:\MANIVANNAN\DATABASE\bin;C:\Program Files (x86)\Common Files\Oracle\Java\javapath;C:\Users\91902\Downloads\WINDOWS.X64_213000_db_home\bin;C:\Windows\System32;C:\Windows;C:\Windows\System32\wbem;C:\Windows\System32\WindowsPowerShell\v1.0\;C:\Windows\System32\OpenSSH\;C:\Program Files (x86)\GnuPG\bin;C:\Program Files\Git\cmd;C:\Program Files\PuTTY\;C:\Program Files (x86)\Microsoft SQL Server\160\DTS\Binn\;C:\Program Files\java\jdk-14.0.2\bin;C:\Program Files\dotnet\;%SystemRoot%\system32;%SystemRoot%;%SystemRoot%\System32\Wbem;%SYSTEMROOT%\System32\WindowsPowerShell\v1.0\;%SYSTEMROOT%\System32\OpenSSH\;C:\Users\91902\AppData\Local\Microsoft\WindowsApps;C:\Users\91902\AppData\Local\GitHubDesktop\bin;C:\flutter\bin;C:\Users\91902\AppData\Local\Programs\Microsoft VS Code\bin;C:\Windows\apptool;;C:\Users\91902\Downloads\sts-4.14.1.RELEASE;
USERNAME=91902
OS=Windows_NT
PROCESSOR_IDENTIFIER=AMD64 Family 23 Model 104 Stepping 1, AuthenticAMD



---------------  S Y S T E M  ---------------

OS:
 Windows 11 , 64 bit Build 26100 (10.0.26100.5074)
OS uptime: 3 days 3:16 hours

CPU: total 12 (initial active 12) (12 cores per cpu, 2 threads per core) family 23 model 104 stepping 1 microcode 0x8608103, cx8, cmov, fxsr, ht, mmx, 3dnowpref, sse, sse2, sse3, ssse3, sse4a, sse4.1, sse4.2, popcnt, lzcnt, tsc, tscinvbit, avx, avx2, aes, clmul, bmi1, bmi2, adx, sha, fma, vzeroupper, clflush, clflushopt

Memory: 4k page, system-wide physical 6005M (672M free)
TotalPageFile size 24437M (AvailPageFile size 8M)
current process WorkingSet (physical memory assigned to process): 150M, peak: 151M
current process commit charge ("private bytes"): 217M, peak: 222M

vm_info: OpenJDK 64-Bit Server VM (17.0.2+8) for windows-amd64 JRE (17.0.2+8), built on Jan 20 2022 04:52:34 by "" with MS VC++ 16.7 (VS2019)

END.
