#
# There is insufficient memory for the Java Runtime Environment to continue.
# Native memory allocation (malloc) failed to allocate 1369824 bytes for Chunk::new
# Possible reasons:
#   The system is out of physical RAM or swap space
#   The process is running with CompressedOops enabled, and the Java Heap may be blocking the growth of the native heap
# Possible solutions:
#   Reduce memory load on the system
#   Increase physical memory or swap space
#   Check if swap backing store is full
#   Decrease Java heap size (-Xmx/-Xms)
#   Decrease number of Java threads
#   Decrease Java thread stack sizes (-Xss)
#   Set larger code cache with -XX:ReservedCodeCacheSize=
#   JVM is running with Unscaled Compressed Oops mode in which the Java heap is
#     placed in the first 4GB address space. The Java Heap base address is the
#     maximum limit for the native heap growth. Please use -XX:HeapBaseMinAddress
#     to set the Java Heap base and to place the Java Heap above 4GB virtual address.
# This output file may be truncated or incomplete.
#
#  Out of Memory Error (arena.cpp:189), pid=11488, tid=47796
#
# JRE version: OpenJDK Runtime Environment Temurin-17.0.2+8 (17.0.2+8) (build 17.0.2+8)
# Java VM: OpenJDK 64-Bit Server VM Temurin-17.0.2+8 (17.0.2+8, mixed mode, tiered, compressed oops, compressed class ptrs, g1 gc, windows-amd64)
# No core dump will be written. Minidumps are not enabled by default on client versions of Windows
#

---------------  S U M M A R Y ------------

Command Line: -Dmaven.home=EMBEDDED -Dclassworlds.conf=C:\Users\91902\Documents\workspace-ABC_BANKING\.metadata\.plugins\org.eclipse.m2e.launching\launches\m2conf4741951169584570905.tmp -Dmaven.multiModuleProjectDirectory=C:\Users\91902\Documents\GitHub\BRECON -Djansi.force=true -Djansi.passthrough=true -Dfile.encoding=Cp1252 -XX:+ShowCodeDetailsInExceptionMessages org.codehaus.plexus.classworlds.launcher.Launcher -B install -Dstyle.color=always

Host: AMD Ryzen 5 5500U with Radeon Graphics         , 12 cores, 5G,  Windows 11 , 64 bit Build 26100 (10.0.26100.5074)
Time: Mon Sep 29 09:55:11 2025 Mauritius Standard Time elapsed time: 14.101921 seconds (0d 0h 0m 14s)

---------------  T H R E A D  ---------------

Current thread (0x000001d84a86b960):  JavaThread "C2 CompilerThread1" daemon [_thread_in_native, id=47796, stack(0x0000000719700000,0x0000000719800000)]


Current CompileTask:
C2:  14101 4898   !   4       com.sun.tools.javac.parser.JavaTokenizer::readToken (1731 bytes)

Stack: [0x0000000719700000,0x0000000719800000]
Native frames: (J=compiled Java code, j=interpreted, Vv=VM code, C=native code)
V  [jvm.dll+0x67564a]
V  [jvm.dll+0x82fc04]
V  [jvm.dll+0x8313ae]
V  [jvm.dll+0x831a13]
V  [jvm.dll+0x245235]
V  [jvm.dll+0xabd7b]
V  [jvm.dll+0xac30c]
V  [jvm.dll+0x3631f7]
V  [jvm.dll+0x1bb8e8]
V  [jvm.dll+0x218229]
V  [jvm.dll+0x2174f1]
V  [jvm.dll+0x1a3a8d]
V  [jvm.dll+0x226ef8]
V  [jvm.dll+0x22503c]
V  [jvm.dll+0x7e596b]
V  [jvm.dll+0x7dff2a]
V  [jvm.dll+0x6744d5]
C  [ucrtbase.dll+0x37b0]
C  [KERNEL32.DLL+0x2e8d7]
C  [ntdll.dll+0x8d9c]


---------------  P R O C E S S  ---------------

Threads class SMR info:
_java_thread_list=0x000001d84ad198b0, length=13, elements={
0x000001d82d2eeda0, 0x000001d8482c41a0, 0x000001d8482c7c80, 0x000001d848325360,
0x000001d848d3b010, 0x000001d848d3b8d0, 0x000001d848d3c190, 0x000001d848d3ca50,
0x000001d848d46e90, 0x000001d848d4b830, 0x000001d848eb8a00, 0x000001d848eeaf50,
0x000001d84a86b960
}

Java Threads: ( => current thread )
  0x000001d82d2eeda0 JavaThread "main" [_thread_blocked, id=46800, stack(0x0000000718400000,0x0000000718500000)]
  0x000001d8482c41a0 JavaThread "Reference Handler" daemon [_thread_blocked, id=47676, stack(0x0000000718b00000,0x0000000718c00000)]
  0x000001d8482c7c80 JavaThread "Finalizer" daemon [_thread_blocked, id=41496, stack(0x0000000718c00000,0x0000000718d00000)]
  0x000001d848325360 JavaThread "Signal Dispatcher" daemon [_thread_blocked, id=14304, stack(0x0000000718d00000,0x0000000718e00000)]
  0x000001d848d3b010 JavaThread "Attach Listener" daemon [_thread_blocked, id=3284, stack(0x0000000718e00000,0x0000000718f00000)]
  0x000001d848d3b8d0 JavaThread "Service Thread" daemon [_thread_blocked, id=22964, stack(0x0000000718f00000,0x0000000719000000)]
  0x000001d848d3c190 JavaThread "Monitor Deflation Thread" daemon [_thread_blocked, id=36596, stack(0x0000000719000000,0x0000000719100000)]
  0x000001d848d3ca50 JavaThread "C2 CompilerThread0" daemon [_thread_blocked, id=46668, stack(0x0000000719100000,0x0000000719200000)]
  0x000001d848d46e90 JavaThread "C1 CompilerThread0" daemon [_thread_blocked, id=31492, stack(0x0000000719200000,0x0000000719300000)]
  0x000001d848d4b830 JavaThread "Sweeper thread" daemon [_thread_blocked, id=48096, stack(0x0000000719300000,0x0000000719400000)]
  0x000001d848eb8a00 JavaThread "Notification Thread" daemon [_thread_blocked, id=11328, stack(0x0000000719400000,0x0000000719500000)]
  0x000001d848eeaf50 JavaThread "Common-Cleaner" daemon [_thread_blocked, id=6936, stack(0x0000000719600000,0x0000000719700000)]
=>0x000001d84a86b960 JavaThread "C2 CompilerThread1" daemon [_thread_in_native, id=47796, stack(0x0000000719700000,0x0000000719800000)]

Other Threads:
  0x000001d8482867d0 VMThread "VM Thread" [stack: 0x0000000718a00000,0x0000000718b00000] [id=39368] _threads_hazard_ptr=0x000001d84ad198b0
  0x000001d82d359d80 WatcherThread [stack: 0x0000000719500000,0x0000000719600000] [id=44424]
  0x000001d82d329550 GCTaskThread "GC Thread#0" [stack: 0x0000000718500000,0x0000000718600000] [id=4908]
  0x000001d848fd30d0 GCTaskThread "GC Thread#1" [stack: 0x0000000719800000,0x0000000719900000] [id=47260]
  0x000001d84a6088a0 GCTaskThread "GC Thread#2" [stack: 0x0000000719900000,0x0000000719a00000] [id=38920]
  0x000001d84a5e5830 GCTaskThread "GC Thread#3" [stack: 0x0000000719a00000,0x0000000719b00000] [id=17728]
  0x000001d84a5e5ae0 GCTaskThread "GC Thread#4" [stack: 0x0000000719b00000,0x0000000719c00000] [id=25536]
  0x000001d84a5e5d90 GCTaskThread "GC Thread#5" [stack: 0x0000000719c00000,0x0000000719d00000] [id=42800]
  0x000001d84a5e6040 GCTaskThread "GC Thread#6" [stack: 0x0000000719d00000,0x0000000719e00000] [id=44260]
  0x000001d84a506050 GCTaskThread "GC Thread#7" [stack: 0x0000000719e00000,0x0000000719f00000] [id=14572]
  0x000001d84afbf1e0 GCTaskThread "GC Thread#8" [stack: 0x0000000719f00000,0x000000071a000000] [id=46556]
  0x000001d84afbf490 GCTaskThread "GC Thread#9" [stack: 0x000000071a000000,0x000000071a100000] [id=26028]
  0x000001d82d335f60 ConcurrentGCThread "G1 Main Marker" [stack: 0x0000000718600000,0x0000000718700000] [id=3368]
  0x000001d82d338d00 ConcurrentGCThread "G1 Conc#0" [stack: 0x0000000718700000,0x0000000718800000] [id=14432]
  0x000001d84bca1580 ConcurrentGCThread "G1 Conc#1" [stack: 0x000000071a300000,0x000000071a400000] [id=24484]
  0x000001d84c346be0 ConcurrentGCThread "G1 Conc#2" [stack: 0x000000071a400000,0x000000071a500000] [id=10592]
  0x000001d82d3b9c90 ConcurrentGCThread "G1 Refine#0" [stack: 0x0000000718800000,0x0000000718900000] [id=31516]
  0x000001d84ab45af0 ConcurrentGCThread "G1 Refine#1" [stack: 0x000000071a100000,0x000000071a200000] [id=46408]
  0x000001d84ab45dd0 ConcurrentGCThread "G1 Refine#2" [stack: 0x000000071a200000,0x000000071a300000] [id=47764]
  0x000001d84af14710 ConcurrentGCThread "G1 Refine#3" [stack: 0x000000071a500000,0x000000071a600000] [id=28012]
  0x000001d84a948540 ConcurrentGCThread "G1 Refine#4" [stack: 0x000000071a600000,0x000000071a700000] [id=41124]
  0x000001d82d3bb470 ConcurrentGCThread "G1 Service" [stack: 0x0000000718900000,0x0000000718a00000] [id=35868]

Threads with active compile tasks:
C2 CompilerThread0    14113 4924       4       com.sun.tools.javac.parser.JavacParser::blockStatement (1439 bytes)
C1 CompilerThread0    14113 4930       3       com.sun.tools.javac.parser.JavacParser::typeArguments (283 bytes)
C2 CompilerThread1    14113 4898   !   4       com.sun.tools.javac.parser.JavaTokenizer::readToken (1731 bytes)

VM state: synchronizing (normal execution)

VM Mutex/Monitor currently owned by a thread:  ([mutex/lock_event])
[0x000001d82d099760] Threads_lock - owner thread: 0x000001d8482867d0

Heap address: 0x00000000a2200000, size: 1502 MB, Compressed Oops mode: 32-bit

CDS archive(s) not mapped
Compressed class space mapped at: 0x0000000100000000-0x0000000140000000, reserved size: 1073741824
Narrow klass base: 0x0000000000000000, Narrow klass shift: 3, Narrow klass range: 0x140000000

GC Precious Log:
 CPUs: 12 total, 12 available
 Memory: 6005M
 Large Page Support: Disabled
 NUMA Support: Disabled
 Compressed Oops: Enabled (32-bit)
 Heap Region Size: 1M
 Heap Min Capacity: 8M
 Heap Initial Capacity: 94M
 Heap Max Capacity: 1502M
 Pre-touch: Disabled
 Parallel Workers: 10
 Concurrent Workers: 3
 Concurrent Refinement Workers: 10
 Periodic GC: Disabled

Heap:
 garbage-first heap   total 78848K, used 40445K [0x00000000a2200000, 0x0000000100000000)
  region size 1024K, 6 young (6144K), 5 survivors (5120K)
 Metaspace       used 30402K, committed 30656K, reserved 1081344K
  class space    used 3172K, committed 3328K, reserved 1048576K

Heap Regions: E=young(eden), S=young(survivor), O=old, HS=humongous(starts), HC=humongous(continues), CS=collection set, F=free, OA=open archive, CA=closed archive, TAMS=top-at-mark-start (previous, next)
|   0|0x00000000a2200000, 0x00000000a2300000, 0x00000000a2300000|100%| O|  |TAMS 0x00000000a2300000, 0x00000000a2200000| Untracked 
|   1|0x00000000a2300000, 0x00000000a2400000, 0x00000000a2400000|100%| O|  |TAMS 0x00000000a2400000, 0x00000000a2300000| Untracked 
|   2|0x00000000a2400000, 0x00000000a2500000, 0x00000000a2500000|100%| O|  |TAMS 0x00000000a2500000, 0x00000000a2400000| Untracked 
|   3|0x00000000a2500000, 0x00000000a2600000, 0x00000000a2600000|100%| O|  |TAMS 0x00000000a2600000, 0x00000000a2500000| Untracked 
|   4|0x00000000a2600000, 0x00000000a2700000, 0x00000000a2700000|100%| O|  |TAMS 0x00000000a2700000, 0x00000000a2600000| Untracked 
|   5|0x00000000a2700000, 0x00000000a2800000, 0x00000000a2800000|100%| O|  |TAMS 0x00000000a2800000, 0x00000000a2700000| Untracked 
|   6|0x00000000a2800000, 0x00000000a2900000, 0x00000000a2900000|100%| O|  |TAMS 0x00000000a2900000, 0x00000000a2800000| Untracked 
|   7|0x00000000a2900000, 0x00000000a2a00000, 0x00000000a2a00000|100%| O|  |TAMS 0x00000000a2a00000, 0x00000000a2900000| Untracked 
|   8|0x00000000a2a00000, 0x00000000a2b00000, 0x00000000a2b00000|100%| O|  |TAMS 0x00000000a2b00000, 0x00000000a2a00000| Untracked 
|   9|0x00000000a2b00000, 0x00000000a2c00000, 0x00000000a2c00000|100%| O|  |TAMS 0x00000000a2c00000, 0x00000000a2b00000| Untracked 
|  10|0x00000000a2c00000, 0x00000000a2d00000, 0x00000000a2d00000|100%| O|  |TAMS 0x00000000a2d00000, 0x00000000a2c00000| Untracked 
|  11|0x00000000a2d00000, 0x00000000a2e00000, 0x00000000a2e00000|100%| O|  |TAMS 0x00000000a2e00000, 0x00000000a2d00000| Untracked 
|  12|0x00000000a2e00000, 0x00000000a2f00000, 0x00000000a2f00000|100%| O|  |TAMS 0x00000000a2eae400, 0x00000000a2e00000| Untracked 
|  13|0x00000000a2f00000, 0x00000000a3000000, 0x00000000a3000000|100%| O|  |TAMS 0x00000000a2f00000, 0x00000000a2f00000| Untracked 
|  14|0x00000000a3000000, 0x00000000a3100000, 0x00000000a3100000|100%| O|  |TAMS 0x00000000a3000000, 0x00000000a3000000| Untracked 
|  15|0x00000000a3100000, 0x00000000a3200000, 0x00000000a3200000|100%| O|  |TAMS 0x00000000a3100000, 0x00000000a3100000| Untracked 
|  16|0x00000000a3200000, 0x00000000a3300000, 0x00000000a3300000|100%| O|  |TAMS 0x00000000a3200000, 0x00000000a3200000| Untracked 
|  17|0x00000000a3300000, 0x00000000a3400000, 0x00000000a3400000|100%| O|  |TAMS 0x00000000a3300000, 0x00000000a3300000| Untracked 
|  18|0x00000000a3400000, 0x00000000a3480000, 0x00000000a3500000| 50%| O|  |TAMS 0x00000000a3400000, 0x00000000a3400000| Untracked 
|  19|0x00000000a3500000, 0x00000000a3600000, 0x00000000a3600000|100%|HS|  |TAMS 0x00000000a3500000, 0x00000000a3500000| Complete 
|  20|0x00000000a3600000, 0x00000000a3700000, 0x00000000a3700000|100%|HS|  |TAMS 0x00000000a3600000, 0x00000000a3600000| Complete 
|  21|0x00000000a3700000, 0x00000000a3800000, 0x00000000a3800000|100%|HS|  |TAMS 0x00000000a3700000, 0x00000000a3700000| Complete 
|  22|0x00000000a3800000, 0x00000000a3900000, 0x00000000a3900000|100%|HC|  |TAMS 0x00000000a3800000, 0x00000000a3800000| Complete 
|  23|0x00000000a3900000, 0x00000000a3a00000, 0x00000000a3a00000|100%|HC|  |TAMS 0x00000000a3900000, 0x00000000a3900000| Complete 
|  24|0x00000000a3a00000, 0x00000000a3b00000, 0x00000000a3b00000|100%| O|  |TAMS 0x00000000a3a00000, 0x00000000a3a00000| Untracked 
|  25|0x00000000a3b00000, 0x00000000a3c00000, 0x00000000a3c00000|100%| O|  |TAMS 0x00000000a3b00000, 0x00000000a3b00000| Untracked 
|  26|0x00000000a3c00000, 0x00000000a3d00000, 0x00000000a3d00000|100%| O|  |TAMS 0x00000000a3c00000, 0x00000000a3c00000| Untracked 
|  27|0x00000000a3d00000, 0x00000000a3e00000, 0x00000000a3e00000|100%| O|  |TAMS 0x00000000a3d00000, 0x00000000a3d00000| Untracked 
|  28|0x00000000a3e00000, 0x00000000a3f00000, 0x00000000a3f00000|100%| O|  |TAMS 0x00000000a3e00000, 0x00000000a3e00000| Untracked 
|  29|0x00000000a3f00000, 0x00000000a4000000, 0x00000000a4000000|100%| O|  |TAMS 0x00000000a3f00000, 0x00000000a3f00000| Untracked 
|  30|0x00000000a4000000, 0x00000000a4100000, 0x00000000a4100000|100%| O|  |TAMS 0x00000000a4000000, 0x00000000a4000000| Untracked 
|  31|0x00000000a4100000, 0x00000000a4200000, 0x00000000a4200000|100%| O|  |TAMS 0x00000000a4100000, 0x00000000a4100000| Untracked 
|  32|0x00000000a4200000, 0x00000000a4300000, 0x00000000a4300000|100%| S|CS|TAMS 0x00000000a4200000, 0x00000000a4200000| Complete 
|  33|0x00000000a4300000, 0x00000000a4400000, 0x00000000a4400000|100%| S|CS|TAMS 0x00000000a4300000, 0x00000000a4300000| Complete 
|  34|0x00000000a4400000, 0x00000000a4500000, 0x00000000a4500000|100%| S|CS|TAMS 0x00000000a4400000, 0x00000000a4400000| Complete 
|  35|0x00000000a4500000, 0x00000000a4600000, 0x00000000a4600000|100%| S|CS|TAMS 0x00000000a4500000, 0x00000000a4500000| Complete 
|  36|0x00000000a4600000, 0x00000000a4600000, 0x00000000a4700000|  0%| F|  |TAMS 0x00000000a4600000, 0x00000000a4600000| Untracked 
|  37|0x00000000a4700000, 0x00000000a4700000, 0x00000000a4800000|  0%| F|  |TAMS 0x00000000a4700000, 0x00000000a4700000| Untracked 
|  38|0x00000000a4800000, 0x00000000a4800000, 0x00000000a4900000|  0%| F|  |TAMS 0x00000000a4800000, 0x00000000a4800000| Untracked 
|  39|0x00000000a4900000, 0x00000000a4900000, 0x00000000a4a00000|  0%| F|  |TAMS 0x00000000a4900000, 0x00000000a4900000| Untracked 
|  40|0x00000000a4a00000, 0x00000000a4b00000, 0x00000000a4b00000|100%| S|CS|TAMS 0x00000000a4a00000, 0x00000000a4a00000| Complete 
|  41|0x00000000a4b00000, 0x00000000a4b00000, 0x00000000a4c00000|  0%| F|  |TAMS 0x00000000a4b00000, 0x00000000a4b00000| Untracked 
|  42|0x00000000a4c00000, 0x00000000a4c00000, 0x00000000a4d00000|  0%| F|  |TAMS 0x00000000a4c00000, 0x00000000a4c00000| Untracked 
|  43|0x00000000a4d00000, 0x00000000a4d00000, 0x00000000a4e00000|  0%| F|  |TAMS 0x00000000a4d00000, 0x00000000a4d00000| Untracked 
|  44|0x00000000a4e00000, 0x00000000a4e00000, 0x00000000a4f00000|  0%| F|  |TAMS 0x00000000a4e00000, 0x00000000a4e00000| Untracked 
|  45|0x00000000a4f00000, 0x00000000a4f00000, 0x00000000a5000000|  0%| F|  |TAMS 0x00000000a4f00000, 0x00000000a4f00000| Untracked 
|  46|0x00000000a5000000, 0x00000000a5000000, 0x00000000a5100000|  0%| F|  |TAMS 0x00000000a5000000, 0x00000000a5000000| Untracked 
|  47|0x00000000a5100000, 0x00000000a5100000, 0x00000000a5200000|  0%| F|  |TAMS 0x00000000a5100000, 0x00000000a5100000| Untracked 
|  48|0x00000000a5200000, 0x00000000a5200000, 0x00000000a5300000|  0%| F|  |TAMS 0x00000000a5200000, 0x00000000a5200000| Untracked 
|  49|0x00000000a5300000, 0x00000000a5300000, 0x00000000a5400000|  0%| F|  |TAMS 0x00000000a5300000, 0x00000000a5300000| Untracked 
|  50|0x00000000a5400000, 0x00000000a5400000, 0x00000000a5500000|  0%| F|  |TAMS 0x00000000a5400000, 0x00000000a5400000| Untracked 
|  51|0x00000000a5500000, 0x00000000a5500000, 0x00000000a5600000|  0%| F|  |TAMS 0x00000000a5500000, 0x00000000a5500000| Untracked 
|  52|0x00000000a5600000, 0x00000000a5600000, 0x00000000a5700000|  0%| F|  |TAMS 0x00000000a5600000, 0x00000000a5600000| Untracked 
|  53|0x00000000a5700000, 0x00000000a5700000, 0x00000000a5800000|  0%| F|  |TAMS 0x00000000a5700000, 0x00000000a5700000| Untracked 
|  54|0x00000000a5800000, 0x00000000a5800000, 0x00000000a5900000|  0%| F|  |TAMS 0x00000000a5800000, 0x00000000a5800000| Untracked 
|  55|0x00000000a5900000, 0x00000000a5900000, 0x00000000a5a00000|  0%| F|  |TAMS 0x00000000a5900000, 0x00000000a5900000| Untracked 
|  56|0x00000000a5a00000, 0x00000000a5a00000, 0x00000000a5b00000|  0%| F|  |TAMS 0x00000000a5a00000, 0x00000000a5a00000| Untracked 
|  57|0x00000000a5b00000, 0x00000000a5b00000, 0x00000000a5c00000|  0%| F|  |TAMS 0x00000000a5b00000, 0x00000000a5b00000| Untracked 
|  58|0x00000000a5c00000, 0x00000000a5c00000, 0x00000000a5d00000|  0%| F|  |TAMS 0x00000000a5c00000, 0x00000000a5c00000| Untracked 
|  59|0x00000000a5d00000, 0x00000000a5d00000, 0x00000000a5e00000|  0%| F|  |TAMS 0x00000000a5d00000, 0x00000000a5d00000| Untracked 
|  60|0x00000000a5e00000, 0x00000000a5e00000, 0x00000000a5f00000|  0%| F|  |TAMS 0x00000000a5e00000, 0x00000000a5e00000| Untracked 
|  61|0x00000000a5f00000, 0x00000000a5f00000, 0x00000000a6000000|  0%| F|  |TAMS 0x00000000a5f00000, 0x00000000a5f00000| Untracked 
|  62|0x00000000a6000000, 0x00000000a6000000, 0x00000000a6100000|  0%| F|  |TAMS 0x00000000a6000000, 0x00000000a6000000| Untracked 
|  63|0x00000000a6100000, 0x00000000a6100000, 0x00000000a6200000|  0%| F|  |TAMS 0x00000000a6100000, 0x00000000a6100000| Untracked 
|  64|0x00000000a6200000, 0x00000000a6200000, 0x00000000a6300000|  0%| F|  |TAMS 0x00000000a6200000, 0x00000000a6200000| Untracked 
|  65|0x00000000a6300000, 0x00000000a6300000, 0x00000000a6400000|  0%| F|  |TAMS 0x00000000a6300000, 0x00000000a6300000| Untracked 
|  66|0x00000000a6400000, 0x00000000a6400000, 0x00000000a6500000|  0%| F|  |TAMS 0x00000000a6400000, 0x00000000a6400000| Untracked 
|  67|0x00000000a6500000, 0x00000000a6500000, 0x00000000a6600000|  0%| F|  |TAMS 0x00000000a6500000, 0x00000000a6500000| Untracked 
|  68|0x00000000a6600000, 0x00000000a6600000, 0x00000000a6700000|  0%| F|  |TAMS 0x00000000a6600000, 0x00000000a6600000| Untracked 
|  69|0x00000000a6700000, 0x00000000a6700000, 0x00000000a6800000|  0%| F|  |TAMS 0x00000000a6700000, 0x00000000a6700000| Untracked 
|  70|0x00000000a6800000, 0x00000000a6800000, 0x00000000a6900000|  0%| F|  |TAMS 0x00000000a6800000, 0x00000000a6800000| Untracked 
|  71|0x00000000a6900000, 0x00000000a6900000, 0x00000000a6a00000|  0%| F|  |TAMS 0x00000000a6900000, 0x00000000a6900000| Untracked 
|  72|0x00000000a6a00000, 0x00000000a6a00000, 0x00000000a6b00000|  0%| F|  |TAMS 0x00000000a6a00000, 0x00000000a6a00000| Untracked 
|  93|0x00000000a7f00000, 0x00000000a7fc5858, 0x00000000a8000000| 77%| E|  |TAMS 0x00000000a7f00000, 0x00000000a7f00000| Complete 
|1499|0x00000000ffd00000, 0x00000000ffdff600, 0x00000000ffe00000| 99%| O|  |TAMS 0x00000000ffd00000, 0x00000000ffd00000| Untracked 
|1500|0x00000000ffe00000, 0x00000000fff00000, 0x00000000fff00000|100%| O|  |TAMS 0x00000000ffe00000, 0x00000000ffe00000| Untracked 
|1501|0x00000000fff00000, 0x0000000100000000, 0x0000000100000000|100%| O|  |TAMS 0x00000000fff00000, 0x00000000fff00000| Untracked 

Card table byte_map: [0x000001d842130000,0x000001d842420000] _byte_map_base: 0x000001d841c1f000

Marking Bits (Prev, Next): (CMBitMap*) 0x000001d82d329ab0, (CMBitMap*) 0x000001d82d329a70
 Prev Bits: [0x000001d843e90000, 0x000001d845608000)
 Next Bits: [0x000001d842710000, 0x000001d843e88000)

Polling page: 0x000001d82d3c0000

Metaspace:

Usage:
  Non-class:     26.59 MB used.
      Class:      3.10 MB used.
       Both:     29.69 MB used.

Virtual space:
  Non-class space:       32.00 MB reserved,      26.69 MB ( 83%) committed,  4 nodes.
      Class space:        1.00 GB reserved,       3.25 MB ( <1%) committed,  1 nodes.
             Both:        1.03 GB reserved,      29.94 MB (  3%) committed. 

Chunk freelists:
   Non-Class:  1.11 MB
       Class:  831.00 KB
        Both:  1.92 MB

MaxMetaspaceSize: unlimited
CompressedClassSpaceSize: 1.00 GB
Initial GC threshold: 21.00 MB
Current GC threshold: 35.12 MB
CDS: off
MetaspaceReclaimPolicy: balanced
 - commit_granule_bytes: 65536.
 - commit_granule_words: 8192.
 - virtual_space_node_default_size: 1048576.
 - enlarge_chunks_in_place: 1.
 - new_chunks_are_fully_committed: 0.
 - uncommit_free_chunks: 1.
 - use_allocation_guard: 0.
 - handle_deallocations: 1.


Internal statistics:

num_allocs_failed_limit: 3.
num_arena_births: 130.
num_arena_deaths: 0.
num_vsnodes_births: 5.
num_vsnodes_deaths: 0.
num_space_committed: 479.
num_space_uncommitted: 0.
num_chunks_returned_to_freelist: 3.
num_chunks_taken_from_freelist: 939.
num_chunk_merges: 3.
num_chunk_splits: 662.
num_chunks_enlarged: 515.
num_purges: 0.
num_inconsistent_stats: 0.

CodeHeap 'non-profiled nmethods': size=120000Kb used=2570Kb max_used=2990Kb free=117429Kb
 bounds [0x000001d839c80000, 0x000001d839f80000, 0x000001d8411b0000]
CodeHeap 'profiled nmethods': size=120000Kb used=8720Kb max_used=10843Kb free=111280Kb
 bounds [0x000001d832750000, 0x000001d8331f0000, 0x000001d839c80000]
CodeHeap 'non-nmethods': size=5760Kb used=1192Kb max_used=1253Kb free=4567Kb
 bounds [0x000001d8321b0000, 0x000001d832420000, 0x000001d832750000]
 total_blobs=4672 nmethods=4185 adapters=399
 compilation: enabled
              stopped_count=0, restarted_count=0
 full_count=0

Compilation events (20 events):
Event: 13.038 Thread 0x000001d848d3ca50 4919       4       com.sun.tools.javac.util.List::isEmpty (13 bytes)
Event: 13.039 Thread 0x000001d848d3ca50 nmethod 4919 0x000001d839ce0310 code [0x000001d839ce0480, 0x000001d839ce0518]
Event: 13.039 Thread 0x000001d848d3ca50 4920       4       com.sun.tools.javac.parser.UnicodeReader::digit (94 bytes)
Event: 13.040 Thread 0x000001d848d3ca50 nmethod 4920 0x000001d839ebf010 code [0x000001d839ebf1a0, 0x000001d839ebf338]
Event: 13.056 Thread 0x000001d848d3ca50 4921       4       com.sun.tools.javac.parser.UnicodeReader::accept (71 bytes)
Event: 13.058 Thread 0x000001d848d46e90 4922       3       com.sun.tools.javac.parser.JavacParser::term3Rest (732 bytes)
Event: 13.071 Thread 0x000001d848d3ca50 nmethod 4921 0x000001d839d70410 code [0x000001d839d70620, 0x000001d839d70d80]
Event: 13.071 Thread 0x000001d848d3ca50 4925       4       com.sun.tools.javac.parser.JavacParser::typeAnnotationsOpt (10 bytes)
Event: 13.072 Thread 0x000001d848d3ca50 nmethod 4925 0x000001d839f0e310 code [0x000001d839f0e4a0, 0x000001d839f0e558]
Event: 13.072 Thread 0x000001d848d3ca50 4924       4       com.sun.tools.javac.parser.JavacParser::blockStatement (1439 bytes)
Event: 13.073 Thread 0x000001d848d46e90 nmethod 4922 0x000001d832bd9910 code [0x000001d832bda240, 0x000001d832bdf0b8]
Event: 13.073 Thread 0x000001d848d46e90 4923       3       com.sun.tools.javac.parser.JavacParser::annotationValue (214 bytes)
Event: 13.075 Thread 0x000001d848d46e90 nmethod 4923 0x000001d832c5f210 code [0x000001d832c5f620, 0x000001d832c60dd8]
Event: 13.075 Thread 0x000001d848d46e90 4926       3       com.sun.tools.javac.tree.TreeMaker::Parens (19 bytes)
Event: 13.075 Thread 0x000001d848d46e90 nmethod 4926 0x000001d83294bf90 code [0x000001d83294c160, 0x000001d83294c4f8]
Event: 13.075 Thread 0x000001d848d46e90 4927       3       com.sun.tools.javac.tree.JCTree$JCParens::<init> (10 bytes)
Event: 13.075 Thread 0x000001d848d46e90 nmethod 4927 0x000001d832a89090 code [0x000001d832a89240, 0x000001d832a89518]
Event: 13.078 Thread 0x000001d848d46e90 4928       3       com.sun.tools.javac.parser.JavacParser::typeArgument (383 bytes)
Event: 13.080 Thread 0x000001d848d46e90 nmethod 4928 0x000001d833056610 code [0x000001d833056d40, 0x000001d83305a738]
Event: 13.090 Thread 0x000001d848d46e90 4930       3       com.sun.tools.javac.parser.JavacParser::typeArguments (283 bytes)

GC Heap History (16 events):
Event: 0.846 GC heap before
{Heap before GC invocations=0 (full 0):
 garbage-first heap   total 96256K, used 23552K [0x00000000a2200000, 0x0000000100000000)
  region size 1024K, 23 young (23552K), 0 survivors (0K)
 Metaspace       used 12729K, committed 12864K, reserved 1064960K
  class space    used 1259K, committed 1344K, reserved 1048576K
}
Event: 0.851 GC heap after
{Heap after GC invocations=1 (full 0):
 garbage-first heap   total 96256K, used 3232K [0x00000000a2200000, 0x0000000100000000)
  region size 1024K, 3 young (3072K), 3 survivors (3072K)
 Metaspace       used 12729K, committed 12864K, reserved 1064960K
  class space    used 1259K, committed 1344K, reserved 1048576K
}
Event: 1.555 GC heap before
{Heap before GC invocations=1 (full 0):
 garbage-first heap   total 96256K, used 36000K [0x00000000a2200000, 0x0000000100000000)
  region size 1024K, 35 young (35840K), 3 survivors (3072K)
 Metaspace       used 18713K, committed 18816K, reserved 1073152K
  class space    used 2002K, committed 2048K, reserved 1048576K
}
Event: 1.562 GC heap after
{Heap after GC invocations=2 (full 0):
 garbage-first heap   total 96256K, used 5665K [0x00000000a2200000, 0x0000000100000000)
  region size 1024K, 3 young (3072K), 3 survivors (3072K)
 Metaspace       used 18713K, committed 18816K, reserved 1073152K
  class space    used 2002K, committed 2048K, reserved 1048576K
}
Event: 2.081 GC heap before
{Heap before GC invocations=2 (full 0):
 garbage-first heap   total 96256K, used 59937K [0x00000000a2200000, 0x0000000100000000)
  region size 1024K, 56 young (57344K), 3 survivors (3072K)
 Metaspace       used 20639K, committed 20800K, reserved 1073152K
  class space    used 2142K, committed 2240K, reserved 1048576K
}
Event: 2.095 GC heap after
{Heap after GC invocations=3 (full 0):
 garbage-first heap   total 96256K, used 12809K [0x00000000a2200000, 0x0000000100000000)
  region size 1024K, 7 young (7168K), 7 survivors (7168K)
 Metaspace       used 20639K, committed 20800K, reserved 1073152K
  class space    used 2142K, committed 2240K, reserved 1048576K
}
Event: 4.498 GC heap before
{Heap before GC invocations=3 (full 0):
 garbage-first heap   total 96256K, used 62985K [0x00000000a2200000, 0x0000000100000000)
  region size 1024K, 56 young (57344K), 7 survivors (7168K)
 Metaspace       used 21073K, committed 21248K, reserved 1073152K
  class space    used 2148K, committed 2240K, reserved 1048576K
}
Event: 4.510 GC heap after
{Heap after GC invocations=4 (full 0):
 garbage-first heap   total 96256K, used 18617K [0x00000000a2200000, 0x0000000100000000)
  region size 1024K, 6 young (6144K), 6 survivors (6144K)
 Metaspace       used 21073K, committed 21248K, reserved 1073152K
  class space    used 2148K, committed 2240K, reserved 1048576K
}
Event: 5.683 GC heap before
{Heap before GC invocations=4 (full 0):
 garbage-first heap   total 96256K, used 40121K [0x00000000a2200000, 0x0000000100000000)
  region size 1024K, 28 young (28672K), 6 survivors (6144K)
 Metaspace       used 21279K, committed 21504K, reserved 1073152K
  class space    used 2162K, committed 2304K, reserved 1048576K
}
Event: 5.690 GC heap after
{Heap after GC invocations=5 (full 0):
 garbage-first heap   total 96256K, used 20992K [0x00000000a2200000, 0x0000000100000000)
  region size 1024K, 2 young (2048K), 2 survivors (2048K)
 Metaspace       used 21279K, committed 21504K, reserved 1073152K
  class space    used 2162K, committed 2304K, reserved 1048576K
}
Event: 9.350 GC heap before
{Heap before GC invocations=6 (full 0):
 garbage-first heap   total 75776K, used 65024K [0x00000000a2200000, 0x0000000100000000)
  region size 1024K, 46 young (47104K), 2 survivors (2048K)
 Metaspace       used 22714K, committed 22976K, reserved 1073152K
  class space    used 2290K, committed 2432K, reserved 1048576K
}
Event: 9.356 GC heap after
{Heap after GC invocations=7 (full 0):
 garbage-first heap   total 75776K, used 23006K [0x00000000a2200000, 0x0000000100000000)
  region size 1024K, 4 young (4096K), 4 survivors (4096K)
 Metaspace       used 22714K, committed 22976K, reserved 1073152K
  class space    used 2290K, committed 2432K, reserved 1048576K
}
Event: 10.126 GC heap before
{Heap before GC invocations=7 (full 0):
 garbage-first heap   total 75776K, used 61918K [0x00000000a2200000, 0x0000000100000000)
  region size 1024K, 38 young (38912K), 4 survivors (4096K)
 Metaspace       used 27217K, committed 27456K, reserved 1081344K
  class space    used 2870K, committed 3008K, reserved 1048576K
}
Event: 10.133 GC heap after
{Heap after GC invocations=8 (full 0):
 garbage-first heap   total 75776K, used 24589K [0x00000000a2200000, 0x0000000100000000)
  region size 1024K, 4 young (4096K), 4 survivors (4096K)
 Metaspace       used 27217K, committed 27456K, reserved 1081344K
  class space    used 2870K, committed 3008K, reserved 1048576K
}
Event: 13.059 GC heap before
{Heap before GC invocations=8 (full 0):
 garbage-first heap   total 75776K, used 62477K [0x00000000a2200000, 0x0000000100000000)
  region size 1024K, 37 young (37888K), 4 survivors (4096K)
 Metaspace       used 30399K, committed 30656K, reserved 1081344K
  class space    used 3172K, committed 3328K, reserved 1048576K
}
Event: 13.071 GC heap after
{Heap after GC invocations=9 (full 0):
 garbage-first heap   total 78848K, used 40445K [0x00000000a2200000, 0x0000000100000000)
  region size 1024K, 5 young (5120K), 5 survivors (5120K)
 Metaspace       used 30399K, committed 30656K, reserved 1081344K
  class space    used 3172K, committed 3328K, reserved 1048576K
}

Deoptimization events (20 events):
Event: 12.757 Thread 0x000001d82d2eeda0 DEOPT PACKING pc=0x000001d839f64cec sp=0x00000007184fc2c0
Event: 12.757 Thread 0x000001d82d2eeda0 DEOPT UNPACKING pc=0x000001d8322023a3 sp=0x00000007184fc290 mode 2
Event: 12.757 Thread 0x000001d82d2eeda0 Uncommon trap: trap_request=0xffffff45 fr.pc=0x000001d839d1b458 relative=0x00000000000000d8
Event: 12.757 Thread 0x000001d82d2eeda0 Uncommon trap: reason=unstable_if action=reinterpret pc=0x000001d839d1b458 method=com.sun.tools.javac.parser.JavaTokenizer.isSpecial(C)Z @ 1 c2
Event: 12.757 Thread 0x000001d82d2eeda0 DEOPT PACKING pc=0x000001d839d1b458 sp=0x00000007184fc290
Event: 12.757 Thread 0x000001d82d2eeda0 DEOPT UNPACKING pc=0x000001d8322023a3 sp=0x00000007184fc220 mode 2
Event: 12.774 Thread 0x000001d82d2eeda0 DEOPT PACKING pc=0x000001d8331d61a8 sp=0x00000007184fd730
Event: 12.774 Thread 0x000001d82d2eeda0 DEOPT UNPACKING pc=0x000001d832202b43 sp=0x00000007184fcbd8 mode 0
Event: 12.863 Thread 0x000001d82d2eeda0 Uncommon trap: trap_request=0xffffff45 fr.pc=0x000001d839f44e28 relative=0x0000000000000108
Event: 12.863 Thread 0x000001d82d2eeda0 Uncommon trap: reason=unstable_if action=reinterpret pc=0x000001d839f44e28 method=java.lang.Character.isHighSurrogate(C)Z @ 3 c2
Event: 12.863 Thread 0x000001d82d2eeda0 DEOPT PACKING pc=0x000001d839f44e28 sp=0x00000007184fc690
Event: 12.863 Thread 0x000001d82d2eeda0 DEOPT UNPACKING pc=0x000001d8322023a3 sp=0x00000007184fc5c0 mode 2
Event: 12.865 Thread 0x000001d82d2eeda0 Uncommon trap: trap_request=0xffffff45 fr.pc=0x000001d839e66030 relative=0x0000000000000170
Event: 12.865 Thread 0x000001d82d2eeda0 Uncommon trap: reason=unstable_if action=reinterpret pc=0x000001d839e66030 method=com.sun.tools.javac.parser.JavacParser.optag(Lcom/sun/tools/javac/parser/Tokens$TokenKind;)Lcom/sun/tools/javac/tree/JCTree$Tag; @ 8 c2
Event: 12.865 Thread 0x000001d82d2eeda0 DEOPT PACKING pc=0x000001d839e66030 sp=0x00000007184fbf30
Event: 12.865 Thread 0x000001d82d2eeda0 DEOPT UNPACKING pc=0x000001d8322023a3 sp=0x00000007184fbeb8 mode 2
Event: 13.054 Thread 0x000001d82d2eeda0 Uncommon trap: trap_request=0xffffff45 fr.pc=0x000001d839db9dd8 relative=0x0000000000001698
Event: 13.054 Thread 0x000001d82d2eeda0 Uncommon trap: reason=unstable_if action=reinterpret pc=0x000001d839db9dd8 method=com.sun.tools.javac.parser.JavacParser.term3Rest(Lcom/sun/tools/javac/tree/JCTree$JCExpression;Lcom/sun/tools/javac/util/List;)Lcom/sun/tools/javac/tree/JCTree$JCExpression;
Event: 13.054 Thread 0x000001d82d2eeda0 DEOPT PACKING pc=0x000001d839db9dd8 sp=0x00000007184fb220
Event: 13.054 Thread 0x000001d82d2eeda0 DEOPT UNPACKING pc=0x000001d8322023a3 sp=0x00000007184fb1e8 mode 2

Classes unloaded (0 events):
No events

Classes redefined (0 events):
No events

Internal exceptions (20 events):
Event: 1.579 Thread 0x000001d82d2eeda0 Implicit null exception at 0x000001d839caac72 to 0x000001d839cab24c
Event: 5.632 Thread 0x000001d82d2eeda0 Implicit null exception at 0x000001d839d2cd6a to 0x000001d839d2cf20
Event: 5.633 Thread 0x000001d82d2eeda0 Implicit null exception at 0x000001d839d2286a to 0x000001d839d22a14
Event: 5.633 Thread 0x000001d82d2eeda0 Implicit null exception at 0x000001d839d1b38f to 0x000001d839d1b405
Event: 5.698 Thread 0x000001d82d2eeda0 Implicit null exception at 0x000001d839e13dc8 to 0x000001d839e14854
Event: 7.619 Thread 0x000001d82d2eeda0 Implicit null exception at 0x000001d839e50403 to 0x000001d839e50d48
Event: 9.490 Thread 0x000001d82d2eeda0 Exception <a 'java/lang/NoSuchMethodError'{0x00000000a63be5c0}: 'void java.lang.invoke.DirectMethodHandle$Holder.invokeSpecial(java.lang.Object, java.lang.Object, java.lang.Object)'> (0x00000000a63be5c0) 
thrown [e:\jenkins\tmp\workspace\build\src\src\hotspot\share\interpreter\linkResolver.cpp, line 766]
Event: 9.563 Thread 0x000001d82d2eeda0 Exception <a 'java/lang/NoSuchMethodError'{0x00000000a61c3c40}: 'java.lang.Object java.lang.invoke.DirectMethodHandle$Holder.invokeVirtual(java.lang.Object, java.lang.Object, java.lang.Object)'> (0x00000000a61c3c40) 
thrown [e:\jenkins\tmp\workspace\build\src\src\hotspot\share\interpreter\linkResolver.cpp, line 766]
Event: 9.565 Thread 0x000001d82d2eeda0 Exception <a 'java/lang/NoSuchMethodError'{0x00000000a61cb8b8}: 'int java.lang.invoke.DirectMethodHandle$Holder.invokeInterface(java.lang.Object, java.lang.Object)'> (0x00000000a61cb8b8) 
thrown [e:\jenkins\tmp\workspace\build\src\src\hotspot\share\interpreter\linkResolver.cpp, line 766]
Event: 9.992 Thread 0x000001d82d2eeda0 Exception <a 'java/lang/NoSuchMethodError'{0x00000000a537a1f0}: 'void java.lang.invoke.DirectMethodHandle$Holder.invokeStatic(java.lang.Object, java.lang.Object)'> (0x00000000a537a1f0) 
thrown [e:\jenkins\tmp\workspace\build\src\src\hotspot\share\interpreter\linkResolver.cpp, line 766]
Event: 9.995 Thread 0x000001d82d2eeda0 Exception <a 'sun/nio/fs/WindowsException'{0x00000000a538d360}> (0x00000000a538d360) 
thrown [e:\jenkins\tmp\workspace\build\src\src\hotspot\share\prims\jni.cpp, line 516]
Event: 9.996 Thread 0x000001d82d2eeda0 Exception <a 'sun/nio/fs/WindowsException'{0x00000000a538d6f8}> (0x00000000a538d6f8) 
thrown [e:\jenkins\tmp\workspace\build\src\src\hotspot\share\prims\jni.cpp, line 516]
Event: 9.997 Thread 0x000001d82d2eeda0 Exception <a 'sun/nio/fs/WindowsException'{0x00000000a5392e68}> (0x00000000a5392e68) 
thrown [e:\jenkins\tmp\workspace\build\src\src\hotspot\share\prims\jni.cpp, line 516]
Event: 9.997 Thread 0x000001d82d2eeda0 Exception <a 'sun/nio/fs/WindowsException'{0x00000000a5393310}> (0x00000000a5393310) 
thrown [e:\jenkins\tmp\workspace\build\src\src\hotspot\share\prims\jni.cpp, line 516]
Event: 10.004 Thread 0x000001d82d2eeda0 Exception <a 'java/lang/NoSuchMethodError'{0x00000000a53bd910}: 'int java.lang.invoke.DirectMethodHandle$Holder.invokeVirtual(java.lang.Object, java.lang.Object, java.lang.Object)'> (0x00000000a53bd910) 
thrown [e:\jenkins\tmp\workspace\build\src\src\hotspot\share\interpreter\linkResolver.cpp, line 766]
Event: 10.005 Thread 0x000001d82d2eeda0 Exception <a 'java/lang/NoSuchMethodError'{0x00000000a53c40d8}: 'void java.lang.invoke.DirectMethodHandle$Holder.invokeInterface(java.lang.Object, java.lang.Object, java.lang.Object)'> (0x00000000a53c40d8) 
thrown [e:\jenkins\tmp\workspace\build\src\src\hotspot\share\interpreter\linkResolver.cpp, line 766]
Event: 10.099 Thread 0x000001d82d2eeda0 Exception <a 'java/lang/NoSuchMethodError'{0x00000000a4c81528}: 'int java.lang.invoke.DirectMethodHandle$Holder.invokeStaticInit(java.lang.Object, java.lang.Object)'> (0x00000000a4c81528) 
thrown [e:\jenkins\tmp\workspace\build\src\src\hotspot\share\interpreter\linkResolver.cpp, line 766]
Event: 10.195 Thread 0x000001d82d2eeda0 Exception <a 'java/lang/NoSuchMethodError'{0x00000000a67d4f28}: 'int java.lang.invoke.DirectMethodHandle$Holder.invokeVirtual(java.lang.Object, java.lang.Object)'> (0x00000000a67d4f28) 
thrown [e:\jenkins\tmp\workspace\build\src\src\hotspot\share\interpreter\linkResolver.cpp, line 766]
Event: 10.201 Thread 0x000001d82d2eeda0 Exception <a 'java/lang/NoSuchMethodError'{0x00000000a6614ac0}: 'java.lang.Object java.lang.invoke.DirectMethodHandle$Holder.newInvokeSpecial(java.lang.Object, java.lang.Object, java.lang.Object, java.lang.Object, java.lang.Object, java.lang.Object)'> (0x00000000a6614ac0) 
thrown [e:\jenkins\tmp\workspace\build\src\src\hotspot\share\interpreter\linkResolver.cpp, line 766]
Event: 10.221 Thread 0x000001d82d2eeda0 Exception <a 'java/lang/NoSuchMethodError'{0x00000000a659e868}: 'java.lang.Object java.lang.invoke.DirectMethodHandle$Holder.invokeStaticInit(java.lang.Object)'> (0x00000000a659e868) 
thrown [e:\jenkins\tmp\workspace\build\src\src\hotspot\share\interpreter\linkResolver.cpp, line 766]

VM Operations (20 events):
Event: 9.562 Executing VM operation: HandshakeAllThreads done
Event: 9.573 Executing VM operation: HandshakeAllThreads
Event: 9.573 Executing VM operation: HandshakeAllThreads done
Event: 10.126 Executing VM operation: G1CollectForAllocation
Event: 10.133 Executing VM operation: G1CollectForAllocation done
Event: 10.221 Executing VM operation: HandshakeAllThreads
Event: 10.221 Executing VM operation: HandshakeAllThreads done
Event: 11.226 Executing VM operation: Cleanup
Event: 11.226 Executing VM operation: Cleanup done
Event: 12.695 Executing VM operation: HandshakeAllThreads
Event: 12.695 Executing VM operation: HandshakeAllThreads done
Event: 12.695 Executing VM operation: Cleanup
Event: 12.695 Executing VM operation: Cleanup done
Event: 12.704 Executing VM operation: HandshakeAllThreads
Event: 12.704 Executing VM operation: HandshakeAllThreads done
Event: 12.711 Executing VM operation: HandshakeAllThreads
Event: 12.711 Executing VM operation: HandshakeAllThreads done
Event: 13.059 Executing VM operation: G1CollectForAllocation
Event: 13.071 Executing VM operation: G1CollectForAllocation done
Event: 14.084 Executing VM operation: Cleanup

Events (20 events):
Event: 12.716 Thread 0x000001d848d4b830 flushing nmethod 0x000001d833064d10
Event: 12.716 Thread 0x000001d848d4b830 flushing nmethod 0x000001d83306e390
Event: 12.716 Thread 0x000001d848d4b830 flushing nmethod 0x000001d833070410
Event: 12.716 Thread 0x000001d848d4b830 flushing nmethod 0x000001d833085a90
Event: 12.716 Thread 0x000001d848d4b830 flushing nmethod 0x000001d833088e10
Event: 12.716 Thread 0x000001d848d4b830 flushing nmethod 0x000001d8330e0410
Event: 12.716 Thread 0x000001d848d4b830 flushing nmethod 0x000001d8330e2490
Event: 12.716 Thread 0x000001d848d4b830 flushing nmethod 0x000001d833101110
Event: 12.716 Thread 0x000001d848d4b830 flushing nmethod 0x000001d833101b10
Event: 12.716 Thread 0x000001d848d4b830 flushing nmethod 0x000001d833102410
Event: 12.716 Thread 0x000001d848d4b830 flushing nmethod 0x000001d833102890
Event: 12.716 Thread 0x000001d848d4b830 flushing nmethod 0x000001d833103e90
Event: 12.716 Thread 0x000001d848d4b830 flushing nmethod 0x000001d833105190
Event: 12.716 Thread 0x000001d848d4b830 flushing nmethod 0x000001d833106c10
Event: 12.716 Thread 0x000001d848d4b830 flushing nmethod 0x000001d833108990
Event: 12.716 Thread 0x000001d848d4b830 flushing nmethod 0x000001d83311f490
Event: 12.716 Thread 0x000001d848d4b830 flushing nmethod 0x000001d833120990
Event: 12.716 Thread 0x000001d848d4b830 flushing nmethod 0x000001d833124c10
Event: 12.716 Thread 0x000001d848d4b830 flushing nmethod 0x000001d833126090
Event: 12.716 Thread 0x000001d848d4b830 flushing nmethod 0x000001d83312b110


Dynamic libraries:
0x00007ff67bea0000 - 0x00007ff67beae000 	C:\Users\91902\Downloads\sts-4.14.1.RELEASE\plugins\org.eclipse.justj.openjdk.hotspot.jre.full.win32.x86_64_17.0.2.v20220201-1208\jre\bin\javaw.exe
0x00007ffd36300000 - 0x00007ffd36569000 	C:\WINDOWS\SYSTEM32\ntdll.dll
0x00007ffd34870000 - 0x00007ffd34939000 	C:\WINDOWS\System32\KERNEL32.DLL
0x00007ffd33800000 - 0x00007ffd33bf3000 	C:\WINDOWS\System32\KERNELBASE.dll
0x00007ffd33490000 - 0x00007ffd335db000 	C:\WINDOWS\System32\ucrtbase.dll
0x00007ffcfde40000 - 0x00007ffcfde58000 	C:\Users\91902\Downloads\sts-4.14.1.RELEASE\plugins\org.eclipse.justj.openjdk.hotspot.jre.full.win32.x86_64_17.0.2.v20220201-1208\jre\bin\jli.dll
0x00007ffcfde20000 - 0x00007ffcfde39000 	C:\Users\91902\Downloads\sts-4.14.1.RELEASE\plugins\org.eclipse.justj.openjdk.hotspot.jre.full.win32.x86_64_17.0.2.v20220201-1208\jre\bin\VCRUNTIME140.dll
0x00007ffd360f0000 - 0x00007ffd362b4000 	C:\WINDOWS\System32\USER32.dll
0x00007ffd23bd0000 - 0x00007ffd23e63000 	C:\WINDOWS\WinSxS\amd64_microsoft.windows.common-controls_6595b64144ccf1df_6.0.26100.5074_none_3e0d6f78e32fd63f\COMCTL32.dll
0x00007ffd33710000 - 0x00007ffd33737000 	C:\WINDOWS\System32\win32u.dll
0x00007ffd34fa0000 - 0x00007ffd35049000 	C:\WINDOWS\System32\msvcrt.dll
0x00007ffd34380000 - 0x00007ffd343ab000 	C:\WINDOWS\System32\GDI32.dll
0x00007ffd33d70000 - 0x00007ffd33e9d000 	C:\WINDOWS\System32\gdi32full.dll
0x00007ffd33ea0000 - 0x00007ffd33f43000 	C:\WINDOWS\System32\msvcp_win.dll
0x00007ffd35670000 - 0x00007ffd3569f000 	C:\WINDOWS\System32\IMM32.DLL
0x00007ffd23550000 - 0x00007ffd2355c000 	C:\Users\91902\Downloads\sts-4.14.1.RELEASE\plugins\org.eclipse.justj.openjdk.hotspot.jre.full.win32.x86_64_17.0.2.v20220201-1208\jre\bin\vcruntime140_1.dll
0x00007ffccd2d0000 - 0x00007ffccd361000 	C:\Users\91902\Downloads\sts-4.14.1.RELEASE\plugins\org.eclipse.justj.openjdk.hotspot.jre.full.win32.x86_64_17.0.2.v20220201-1208\jre\bin\msvcp140.dll
0x00007ffcc4df0000 - 0x00007ffcc5a37000 	C:\Users\91902\Downloads\sts-4.14.1.RELEASE\plugins\org.eclipse.justj.openjdk.hotspot.jre.full.win32.x86_64_17.0.2.v20220201-1208\jre\bin\server\jvm.dll
0x00007ffd355b0000 - 0x00007ffd35664000 	C:\WINDOWS\System32\ADVAPI32.dll
0x00007ffd35700000 - 0x00007ffd357a6000 	C:\WINDOWS\System32\sechost.dll
0x00007ffd34180000 - 0x00007ffd34298000 	C:\WINDOWS\System32\RPCRT4.dll
0x00007ffd34300000 - 0x00007ffd34308000 	C:\WINDOWS\System32\PSAPI.DLL
0x00007ffd2bc80000 - 0x00007ffd2bcb5000 	C:\WINDOWS\SYSTEM32\WINMM.dll
0x00007ffd1a2c0000 - 0x00007ffd1a2ca000 	C:\WINDOWS\SYSTEM32\WSOCK32.dll
0x00007ffd2bcc0000 - 0x00007ffd2bccb000 	C:\WINDOWS\SYSTEM32\VERSION.dll
0x00007ffd340e0000 - 0x00007ffd34154000 	C:\WINDOWS\System32\WS2_32.dll
0x00007ffd32270000 - 0x00007ffd3228b000 	C:\WINDOWS\SYSTEM32\kernel.appcore.dll
0x00007ffd28720000 - 0x00007ffd2872a000 	C:\Users\91902\Downloads\sts-4.14.1.RELEASE\plugins\org.eclipse.justj.openjdk.hotspot.jre.full.win32.x86_64_17.0.2.v20220201-1208\jre\bin\jimage.dll
0x00007ffd30d40000 - 0x00007ffd30f82000 	C:\WINDOWS\SYSTEM32\DBGHELP.DLL
0x00007ffd34ba0000 - 0x00007ffd34f1b000 	C:\WINDOWS\System32\combase.dll
0x00007ffd352f0000 - 0x00007ffd353c7000 	C:\WINDOWS\System32\OLEAUT32.dll
0x00007ffd20e20000 - 0x00007ffd20e5d000 	C:\WINDOWS\SYSTEM32\dbgcore.DLL
0x00007ffd335e0000 - 0x00007ffd33679000 	C:\WINDOWS\System32\bcryptPrimitives.dll
0x00007ffcf1de0000 - 0x00007ffcf1e05000 	C:\Users\91902\Downloads\sts-4.14.1.RELEASE\plugins\org.eclipse.justj.openjdk.hotspot.jre.full.win32.x86_64_17.0.2.v20220201-1208\jre\bin\java.dll
0x00007ffcf1d70000 - 0x00007ffcf1d88000 	C:\Users\91902\Downloads\sts-4.14.1.RELEASE\plugins\org.eclipse.justj.openjdk.hotspot.jre.full.win32.x86_64_17.0.2.v20220201-1208\jre\bin\zip.dll
0x00007ffd357b0000 - 0x00007ffd35efd000 	C:\WINDOWS\System32\SHELL32.dll
0x00007ffd33c00000 - 0x00007ffd33d6c000 	C:\WINDOWS\System32\wintypes.dll
0x00007ffd31130000 - 0x00007ffd31989000 	C:\WINDOWS\SYSTEM32\windows.storage.dll
0x00007ffd35050000 - 0x00007ffd35140000 	C:\WINDOWS\System32\SHCORE.dll
0x00007ffd34310000 - 0x00007ffd34372000 	C:\WINDOWS\System32\shlwapi.dll
0x00007ffd333b0000 - 0x00007ffd333d9000 	C:\WINDOWS\SYSTEM32\profapi.dll
0x00007ffcf1280000 - 0x00007ffcf1299000 	C:\Users\91902\Downloads\sts-4.14.1.RELEASE\plugins\org.eclipse.justj.openjdk.hotspot.jre.full.win32.x86_64_17.0.2.v20220201-1208\jre\bin\net.dll
0x00007ffd2c660000 - 0x00007ffd2c77f000 	C:\WINDOWS\SYSTEM32\WINHTTP.dll
0x00007ffd327f0000 - 0x00007ffd3285b000 	C:\WINDOWS\system32\mswsock.dll
0x00007ffceeae0000 - 0x00007ffceeaf5000 	C:\Users\91902\Downloads\sts-4.14.1.RELEASE\plugins\org.eclipse.justj.openjdk.hotspot.jre.full.win32.x86_64_17.0.2.v20220201-1208\jre\bin\nio.dll
0x0000000069ac0000 - 0x0000000069ae4000 	C:\Users\91902\AppData\Local\Temp\jansi-2.4.0-cfbd784a21b785a8-jansi.dll
0x00007ffd09080000 - 0x00007ffd09090000 	C:\Users\91902\Downloads\sts-4.14.1.RELEASE\plugins\org.eclipse.justj.openjdk.hotspot.jre.full.win32.x86_64_17.0.2.v20220201-1208\jre\bin\verify.dll

dbghelp: loaded successfully - version: 4.0.5 - missing functions: none
symbol engine: initialized successfully - sym options: 0x614 - pdb path: .;C:\Users\91902\Downloads\sts-4.14.1.RELEASE\plugins\org.eclipse.justj.openjdk.hotspot.jre.full.win32.x86_64_17.0.2.v20220201-1208\jre\bin;C:\WINDOWS\SYSTEM32;C:\WINDOWS\WinSxS\amd64_microsoft.windows.common-controls_6595b64144ccf1df_6.0.26100.5074_none_3e0d6f78e32fd63f;C:\Users\91902\Downloads\sts-4.14.1.RELEASE\plugins\org.eclipse.justj.openjdk.hotspot.jre.full.win32.x86_64_17.0.2.v20220201-1208\jre\bin\server;C:\Users\91902\AppData\Local\Temp

VM Arguments:
jvm_args: -Dmaven.home=EMBEDDED -Dclassworlds.conf=C:\Users\91902\Documents\workspace-ABC_BANKING\.metadata\.plugins\org.eclipse.m2e.launching\launches\m2conf4741951169584570905.tmp -Dmaven.multiModuleProjectDirectory=C:\Users\91902\Documents\GitHub\BRECON -Djansi.force=true -Djansi.passthrough=true -Dfile.encoding=Cp1252 -XX:+ShowCodeDetailsInExceptionMessages 
java_command: org.codehaus.plexus.classworlds.launcher.Launcher -B install -Dstyle.color=always
java_class_path (initial): C:\Users\91902\Downloads\sts-4.14.1.RELEASE\plugins\org.eclipse.m2e.maven.runtime_1.18.3.20220227-1319\jars\plexus-classworlds-2.6.0.jar
Launcher Type: SUN_STANDARD

[Global flags]
     intx CICompilerCount                          = 4                                         {product} {ergonomic}
     uint ConcGCThreads                            = 3                                         {product} {ergonomic}
     uint G1ConcRefinementThreads                  = 10                                        {product} {ergonomic}
   size_t G1HeapRegionSize                         = 1048576                                   {product} {ergonomic}
    uintx GCDrainStackTargetSize                   = 64                                        {product} {ergonomic}
   size_t InitialHeapSize                          = 98566144                                  {product} {ergonomic}
   size_t MarkStackSize                            = 4194304                                   {product} {ergonomic}
   size_t MaxHeapSize                              = 1574961152                                {product} {ergonomic}
   size_t MaxNewSize                               = 944766976                                 {product} {ergonomic}
   size_t MinHeapDeltaBytes                        = 1048576                                   {product} {ergonomic}
   size_t MinHeapSize                              = 8388608                                   {product} {ergonomic}
    uintx NonNMethodCodeHeapSize                   = 5839372                                {pd product} {ergonomic}
    uintx NonProfiledCodeHeapSize                  = 122909434                              {pd product} {ergonomic}
    uintx ProfiledCodeHeapSize                     = 122909434                              {pd product} {ergonomic}
    uintx ReservedCodeCacheSize                    = 251658240                              {pd product} {ergonomic}
     bool SegmentedCodeCache                       = true                                      {product} {ergonomic}
     bool ShowCodeDetailsInExceptionMessages       = true                                   {manageable} {command line}
   size_t SoftMaxHeapSize                          = 1574961152                             {manageable} {ergonomic}
     bool UseCompressedClassPointers               = true                           {product lp64_product} {ergonomic}
     bool UseCompressedOops                        = true                           {product lp64_product} {ergonomic}
     bool UseG1GC                                  = true                                      {product} {ergonomic}
     bool UseLargePagesIndividualAllocation        = false                                  {pd product} {ergonomic}

Logging:
Log output configuration:
 #0: stdout all=warning uptime,level,tags
 #1: stderr all=off uptime,level,tags

Environment Variables:
JAVA_HOME=C:\Program Files\java\jdk1.8.0_351
PATH=C:/Users/91902/Downloads/sts-4.14.1.RELEASE//plugins/org.eclipse.justj.openjdk.hotspot.jre.full.win32.x86_64_17.0.2.v20220201-1208/jre/bin/server;C:/Users/91902/Downloads/sts-4.14.1.RELEASE//plugins/org.eclipse.justj.openjdk.hotspot.jre.full.win32.x86_64_17.0.2.v20220201-1208/jre/bin;C:\MANIVANNAN\DATABASE\bin;C:\Program Files (x86)\Common Files\Oracle\Java\javapath;C:\Users\91902\Downloads\WINDOWS.X64_213000_db_home\bin;C:\Windows\System32;C:\Windows;C:\Windows\System32\wbem;C:\Windows\System32\WindowsPowerShell\v1.0\;C:\Windows\System32\OpenSSH\;C:\Program Files (x86)\GnuPG\bin;C:\Program Files\Git\cmd;C:\Program Files\PuTTY\;C:\Program Files (x86)\Microsoft SQL Server\160\DTS\Binn\;C:\Program Files\java\jdk-14.0.2\bin;C:\Program Files\dotnet\;%SystemRoot%\system32;%SystemRoot%;%SystemRoot%\System32\Wbem;%SYSTEMROOT%\System32\WindowsPowerShell\v1.0\;%SYSTEMROOT%\System32\OpenSSH\;C:\Users\91902\AppData\Local\Microsoft\WindowsApps;C:\Users\91902\AppData\Local\GitHubDesktop\bin;C:\flutter\bin;C:\Users\91902\AppData\Local\Programs\Microsoft VS Code\bin;C:\Windows\apptool;;C:\Users\91902\Downloads\sts-4.14.1.RELEASE;
USERNAME=91902
OS=Windows_NT
PROCESSOR_IDENTIFIER=AMD64 Family 23 Model 104 Stepping 1, AuthenticAMD



---------------  S Y S T E M  ---------------

OS:
 Windows 11 , 64 bit Build 26100 (10.0.26100.5074)
OS uptime: 3 days 3:17 hours

CPU: total 12 (initial active 12) (12 cores per cpu, 2 threads per core) family 23 model 104 stepping 1 microcode 0x8608103, cx8, cmov, fxsr, ht, mmx, 3dnowpref, sse, sse2, sse3, ssse3, sse4a, sse4.1, sse4.2, popcnt, lzcnt, tsc, tscinvbit, avx, avx2, aes, clmul, bmi1, bmi2, adx, sha, fma, vzeroupper, clflush, clflushopt

Memory: 4k page, system-wide physical 6005M (479M free)
TotalPageFile size 24437M (AvailPageFile size 17M)
current process WorkingSet (physical memory assigned to process): 203M, peak: 205M
current process commit charge ("private bytes"): 243M, peak: 245M

vm_info: OpenJDK 64-Bit Server VM (17.0.2+8) for windows-amd64 JRE (17.0.2+8), built on Jan 20 2022 04:52:34 by "" with MS VC++ 16.7 (VS2019)

END.
