#
# There is insufficient memory for the Java Runtime Environment to continue.
# Native memory allocation (malloc) failed to allocate 2702496 bytes for Chunk::new
# Possible reasons:
#   The system is out of physical RAM or swap space
#   The process is running with CompressedOops enabled, and the Java Heap may be blocking the growth of the native heap
# Possible solutions:
#   Reduce memory load on the system
#   Increase physical memory or swap space
#   Check if swap backing store is full
#   Decrease Java heap size (-Xmx/-Xms)
#   Decrease number of Java threads
#   Decrease Java thread stack sizes (-Xss)
#   Set larger code cache with -XX:ReservedCodeCacheSize=
#   JVM is running with Unscaled Compressed Oops mode in which the Java heap is
#     placed in the first 4GB address space. The Java Heap base address is the
#     maximum limit for the native heap growth. Please use -XX:HeapBaseMinAddress
#     to set the Java Heap base and to place the Java Heap above 4GB virtual address.
# This output file may be truncated or incomplete.
#
#  Out of Memory Error (arena.cpp:189), pid=46564, tid=20588
#
# JRE version: OpenJDK Runtime Environment Temurin-17.0.2+8 (17.0.2+8) (build 17.0.2+8)
# Java VM: OpenJDK 64-Bit Server VM Temurin-17.0.2+8 (17.0.2+8, mixed mode, tiered, compressed oops, compressed class ptrs, g1 gc, windows-amd64)
# No core dump will be written. Minidumps are not enabled by default on client versions of Windows
#

---------------  S U M M A R Y ------------

Command Line: -Dmaven.home=EMBEDDED -Dclassworlds.conf=C:\Users\91902\Documents\workspace-ABC_BANKING\.metadata\.plugins\org.eclipse.m2e.launching\launches\m2conf16570989498010962834.tmp -Dmaven.multiModuleProjectDirectory=C:\Users\91902\Documents\GitHub\BRECON -Djansi.force=true -Djansi.passthrough=true -Dfile.encoding=Cp1252 -XX:+ShowCodeDetailsInExceptionMessages org.codehaus.plexus.classworlds.launcher.Launcher -B install -Dstyle.color=always

Host: AMD Ryzen 5 5500U with Radeon Graphics         , 12 cores, 5G,  Windows 11 , 64 bit Build 26100 (10.0.26100.5074)
Time: Mon Sep 29 10:50:54 2025 Mauritius Standard Time elapsed time: 18.678054 seconds (0d 0h 0m 18s)

---------------  T H R E A D  ---------------

Current thread (0x0000021141ac3780):  JavaThread "C2 CompilerThread1" daemon [_thread_in_native, id=20588, stack(0x000000dae9300000,0x000000dae9400000)]


Current CompileTask:
C2:  18678 10081   !   4       java.lang.ClassLoader::loadClass (121 bytes)

Stack: [0x000000dae9300000,0x000000dae9400000]
Native frames: (J=compiled Java code, j=interpreted, Vv=VM code, C=native code)
V  [jvm.dll+0x67564a]
V  [jvm.dll+0x82fc04]
V  [jvm.dll+0x8313ae]
V  [jvm.dll+0x831a13]
V  [jvm.dll+0x245235]
V  [jvm.dll+0xabd7b]
V  [jvm.dll+0xac30c]
V  [jvm.dll+0x3631f7]
V  [jvm.dll+0x32d891]
V  [jvm.dll+0x32cd3a]
V  [jvm.dll+0x2180d1]
V  [jvm.dll+0x2174f1]
V  [jvm.dll+0x1a3a8d]
V  [jvm.dll+0x226ef8]
V  [jvm.dll+0x22503c]
V  [jvm.dll+0x7e596b]
V  [jvm.dll+0x7dff2a]
V  [jvm.dll+0x6744d5]
C  [ucrtbase.dll+0x37b0]
C  [KERNEL32.DLL+0x2e8d7]
C  [ntdll.dll+0x8d9c]


---------------  P R O C E S S  ---------------

Threads class SMR info:
_java_thread_list=0x0000021140f199f0, length=13, elements={
0x0000021121c5ee70, 0x000002113d412250, 0x000002113d413930, 0x000002113ca2a8a0,
0x000002113ca2cd80, 0x000002113ca2d250, 0x000002113ca2d720, 0x000002113ca5ce20,
0x000002113ca5d330, 0x000002113ca5d840, 0x000002113d5a4760, 0x000002113d5b7450,
0x0000021141ac3780
}

Java Threads: ( => current thread )
  0x0000021121c5ee70 JavaThread "main" [_thread_in_native, id=48296, stack(0x000000dae8000000,0x000000dae8100000)]
  0x000002113d412250 JavaThread "Reference Handler" daemon [_thread_blocked, id=15876, stack(0x000000dae8700000,0x000000dae8800000)]
  0x000002113d413930 JavaThread "Finalizer" daemon [_thread_blocked, id=48236, stack(0x000000dae8800000,0x000000dae8900000)]
  0x000002113ca2a8a0 JavaThread "Signal Dispatcher" daemon [_thread_blocked, id=28112, stack(0x000000dae8900000,0x000000dae8a00000)]
  0x000002113ca2cd80 JavaThread "Attach Listener" daemon [_thread_blocked, id=11304, stack(0x000000dae8a00000,0x000000dae8b00000)]
  0x000002113ca2d250 JavaThread "Service Thread" daemon [_thread_blocked, id=46748, stack(0x000000dae8b00000,0x000000dae8c00000)]
  0x000002113ca2d720 JavaThread "Monitor Deflation Thread" daemon [_thread_blocked, id=22076, stack(0x000000dae8c00000,0x000000dae8d00000)]
  0x000002113ca5ce20 JavaThread "C2 CompilerThread0" daemon [_thread_blocked, id=46472, stack(0x000000dae8d00000,0x000000dae8e00000)]
  0x000002113ca5d330 JavaThread "C1 CompilerThread0" daemon [_thread_blocked, id=1172, stack(0x000000dae8e00000,0x000000dae8f00000)]
  0x000002113ca5d840 JavaThread "Sweeper thread" daemon [_thread_blocked, id=48912, stack(0x000000dae8f00000,0x000000dae9000000)]
  0x000002113d5a4760 JavaThread "Notification Thread" daemon [_thread_blocked, id=21388, stack(0x000000dae9000000,0x000000dae9100000)]
  0x000002113d5b7450 JavaThread "Common-Cleaner" daemon [_thread_blocked, id=48948, stack(0x000000dae9200000,0x000000dae9300000)]
=>0x0000021141ac3780 JavaThread "C2 CompilerThread1" daemon [_thread_in_native, id=20588, stack(0x000000dae9300000,0x000000dae9400000)]

Other Threads:
  0x000002113ca41ad0 VMThread "VM Thread" [stack: 0x000000dae8600000,0x000000dae8700000] [id=47380]
  0x0000021121cb1b90 WatcherThread [stack: 0x000000dae9100000,0x000000dae9200000] [id=48836]
  0x0000021121c96df0 GCTaskThread "GC Thread#0" [stack: 0x000000dae8100000,0x000000dae8200000] [id=3180]
  0x000002113dfe22f0 GCTaskThread "GC Thread#1" [stack: 0x000000dae9400000,0x000000dae9500000] [id=47004]
  0x000002113df77340 GCTaskThread "GC Thread#2" [stack: 0x000000dae9500000,0x000000dae9600000] [id=50140]
  0x000002113eaeff00 GCTaskThread "GC Thread#3" [stack: 0x000000dae9600000,0x000000dae9700000] [id=6148]
  0x000002113eaef6f0 GCTaskThread "GC Thread#4" [stack: 0x000000dae9700000,0x000000dae9800000] [id=17052]
  0x000002113eaeeee0 GCTaskThread "GC Thread#5" [stack: 0x000000dae9800000,0x000000dae9900000] [id=46124]
  0x000002113eaf0710 GCTaskThread "GC Thread#6" [stack: 0x000000dae9900000,0x000000dae9a00000] [id=48768]
  0x000002113eaeec30 GCTaskThread "GC Thread#7" [stack: 0x000000dae9a00000,0x000000dae9b00000] [id=46180]
  0x000002113eaef9a0 GCTaskThread "GC Thread#8" [stack: 0x000000dae9b00000,0x000000dae9c00000] [id=48156]
  0x000002113eaefc50 GCTaskThread "GC Thread#9" [stack: 0x000000dae9c00000,0x000000dae9d00000] [id=24648]
  0x0000021121ca4810 ConcurrentGCThread "G1 Main Marker" [stack: 0x000000dae8200000,0x000000dae8300000] [id=46848]
  0x0000021121ca65a0 ConcurrentGCThread "G1 Conc#0" [stack: 0x000000dae8300000,0x000000dae8400000] [id=49440]
  0x000002113eaef440 ConcurrentGCThread "G1 Conc#1" [stack: 0x000000dae9e00000,0x000000dae9f00000] [id=15236]
  0x000002113f4c3a50 ConcurrentGCThread "G1 Conc#2" [stack: 0x000000dae9f00000,0x000000daea000000] [id=49916]
  0x0000021121d2c960 ConcurrentGCThread "G1 Refine#0" [stack: 0x000000dae8400000,0x000000dae8500000] [id=50068]
  0x000002113f546e80 ConcurrentGCThread "G1 Refine#1" [stack: 0x000000dae9d00000,0x000000dae9e00000] [id=48736]
  0x0000021140b31430 ConcurrentGCThread "G1 Refine#2" [stack: 0x000000daea000000,0x000000daea100000] [id=26336]
  0x000002113f68d0a0 ConcurrentGCThread "G1 Refine#3" [stack: 0x000000daea100000,0x000000daea200000] [id=15420]
  0x000002113dbb2bf0 ConcurrentGCThread "G1 Refine#4" [stack: 0x000000daea200000,0x000000daea300000] [id=49764]
  0x000002113ef94420 ConcurrentGCThread "G1 Refine#5" [stack: 0x000000daea300000,0x000000daea400000] [id=48752]
  0x0000021140c895f0 ConcurrentGCThread "G1 Refine#6" [stack: 0x000000daea400000,0x000000daea500000] [id=46736]
  0x0000021121d2dd50 ConcurrentGCThread "G1 Service" [stack: 0x000000dae8500000,0x000000dae8600000] [id=34604]

Threads with active compile tasks:
C2 CompilerThread1    18711 10081   !   4       java.lang.ClassLoader::loadClass (121 bytes)

VM state: not at safepoint (normal execution)

VM Mutex/Monitor currently owned by a thread: None

Heap address: 0x00000000a2200000, size: 1502 MB, Compressed Oops mode: 32-bit

CDS archive(s) not mapped
Compressed class space mapped at: 0x0000000100000000-0x0000000140000000, reserved size: 1073741824
Narrow klass base: 0x0000000000000000, Narrow klass shift: 3, Narrow klass range: 0x140000000

GC Precious Log:
 CPUs: 12 total, 12 available
 Memory: 6005M
 Large Page Support: Disabled
 NUMA Support: Disabled
 Compressed Oops: Enabled (32-bit)
 Heap Region Size: 1M
 Heap Min Capacity: 8M
 Heap Initial Capacity: 94M
 Heap Max Capacity: 1502M
 Pre-touch: Disabled
 Parallel Workers: 10
 Concurrent Workers: 3
 Concurrent Refinement Workers: 10
 Periodic GC: Disabled

Heap:
 garbage-first heap   total 351232K, used 300290K [0x00000000a2200000, 0x0000000100000000)
  region size 1024K, 71 young (72704K), 7 survivors (7168K)
 Metaspace       used 43753K, committed 44160K, reserved 1089536K
  class space    used 4537K, committed 4736K, reserved 1048576K

Heap Regions: E=young(eden), S=young(survivor), O=old, HS=humongous(starts), HC=humongous(continues), CS=collection set, F=free, OA=open archive, CA=closed archive, TAMS=top-at-mark-start (previous, next)
|   0|0x00000000a2200000, 0x00000000a2300000, 0x00000000a2300000|100%| O|  |TAMS 0x00000000a2300000, 0x00000000a2200000| Untracked 
|   1|0x00000000a2300000, 0x00000000a2400000, 0x00000000a2400000|100%| O|  |TAMS 0x00000000a2400000, 0x00000000a2300000| Untracked 
|   2|0x00000000a2400000, 0x00000000a2500000, 0x00000000a2500000|100%| O|  |TAMS 0x00000000a2500000, 0x00000000a2400000| Untracked 
|   3|0x00000000a2500000, 0x00000000a2600000, 0x00000000a2600000|100%| O|  |TAMS 0x00000000a2600000, 0x00000000a2500000| Untracked 
|   4|0x00000000a2600000, 0x00000000a2700000, 0x00000000a2700000|100%| O|  |TAMS 0x00000000a2700000, 0x00000000a2600000| Untracked 
|   5|0x00000000a2700000, 0x00000000a2800000, 0x00000000a2800000|100%|HS|  |TAMS 0x00000000a2800000, 0x00000000a2700000| Complete 
|   6|0x00000000a2800000, 0x00000000a2900000, 0x00000000a2900000|100%| O|  |TAMS 0x00000000a2900000, 0x00000000a2800000| Untracked 
|   7|0x00000000a2900000, 0x00000000a2a00000, 0x00000000a2a00000|100%| O|  |TAMS 0x00000000a2a00000, 0x00000000a2900000| Untracked 
|   8|0x00000000a2a00000, 0x00000000a2b00000, 0x00000000a2b00000|100%| O|  |TAMS 0x00000000a2b00000, 0x00000000a2a00000| Untracked 
|   9|0x00000000a2b00000, 0x00000000a2c00000, 0x00000000a2c00000|100%| O|  |TAMS 0x00000000a2c00000, 0x00000000a2b00000| Untracked 
|  10|0x00000000a2c00000, 0x00000000a2d00000, 0x00000000a2d00000|100%| O|  |TAMS 0x00000000a2d00000, 0x00000000a2c00000| Untracked 
|  11|0x00000000a2d00000, 0x00000000a2e00000, 0x00000000a2e00000|100%| O|  |TAMS 0x00000000a2e00000, 0x00000000a2d00000| Untracked 
|  12|0x00000000a2e00000, 0x00000000a2f00000, 0x00000000a2f00000|100%| O|  |TAMS 0x00000000a2f00000, 0x00000000a2e00000| Untracked 
|  13|0x00000000a2f00000, 0x00000000a3000000, 0x00000000a3000000|100%| O|  |TAMS 0x00000000a3000000, 0x00000000a2f00000| Untracked 
|  14|0x00000000a3000000, 0x00000000a3100000, 0x00000000a3100000|100%| O|  |TAMS 0x00000000a3100000, 0x00000000a3000000| Untracked 
|  15|0x00000000a3100000, 0x00000000a3200000, 0x00000000a3200000|100%| O|  |TAMS 0x00000000a3200000, 0x00000000a3100000| Untracked 
|  16|0x00000000a3200000, 0x00000000a3300000, 0x00000000a3300000|100%| O|  |TAMS 0x00000000a3300000, 0x00000000a3200000| Untracked 
|  17|0x00000000a3300000, 0x00000000a3400000, 0x00000000a3400000|100%| O|  |TAMS 0x00000000a3400000, 0x00000000a3300000| Untracked 
|  18|0x00000000a3400000, 0x00000000a3500000, 0x00000000a3500000|100%| O|  |TAMS 0x00000000a3500000, 0x00000000a3400000| Untracked 
|  19|0x00000000a3500000, 0x00000000a3600000, 0x00000000a3600000|100%| O|  |TAMS 0x00000000a3600000, 0x00000000a3500000| Untracked 
|  20|0x00000000a3600000, 0x00000000a3700000, 0x00000000a3700000|100%| O|  |TAMS 0x00000000a3700000, 0x00000000a3600000| Untracked 
|  21|0x00000000a3700000, 0x00000000a3800000, 0x00000000a3800000|100%| O|  |TAMS 0x00000000a3800000, 0x00000000a3700000| Untracked 
|  22|0x00000000a3800000, 0x00000000a3900000, 0x00000000a3900000|100%| O|  |TAMS 0x00000000a3900000, 0x00000000a3800000| Untracked 
|  23|0x00000000a3900000, 0x00000000a3a00000, 0x00000000a3a00000|100%|HS|  |TAMS 0x00000000a3a00000, 0x00000000a3900000| Complete 
|  24|0x00000000a3a00000, 0x00000000a3b00000, 0x00000000a3b00000|100%|HS|  |TAMS 0x00000000a3b00000, 0x00000000a3a00000| Complete 
|  25|0x00000000a3b00000, 0x00000000a3c00000, 0x00000000a3c00000|100%|HS|  |TAMS 0x00000000a3c00000, 0x00000000a3b00000| Complete 
|  26|0x00000000a3c00000, 0x00000000a3d00000, 0x00000000a3d00000|100%|HS|  |TAMS 0x00000000a3d00000, 0x00000000a3c00000| Complete 
|  27|0x00000000a3d00000, 0x00000000a3e00000, 0x00000000a3e00000|100%| O|  |TAMS 0x00000000a3e00000, 0x00000000a3d00000| Complete 
|  28|0x00000000a3e00000, 0x00000000a3f00000, 0x00000000a3f00000|100%| O|  |TAMS 0x00000000a3f00000, 0x00000000a3e00000| Untracked 
|  29|0x00000000a3f00000, 0x00000000a4000000, 0x00000000a4000000|100%| O|  |TAMS 0x00000000a4000000, 0x00000000a3f00000| Untracked 
|  30|0x00000000a4000000, 0x00000000a4100000, 0x00000000a4100000|100%| O|  |TAMS 0x00000000a4100000, 0x00000000a4000000| Untracked 
|  31|0x00000000a4100000, 0x00000000a4200000, 0x00000000a4200000|100%| O|  |TAMS 0x00000000a4200000, 0x00000000a4100000| Untracked 
|  32|0x00000000a4200000, 0x00000000a4300000, 0x00000000a4300000|100%| O|  |TAMS 0x00000000a4300000, 0x00000000a4200000| Untracked 
|  33|0x00000000a4300000, 0x00000000a4400000, 0x00000000a4400000|100%|HS|  |TAMS 0x00000000a4400000, 0x00000000a4300000| Complete 
|  34|0x00000000a4400000, 0x00000000a4500000, 0x00000000a4500000|100%|HS|  |TAMS 0x00000000a4500000, 0x00000000a4400000| Complete 
|  35|0x00000000a4500000, 0x00000000a4600000, 0x00000000a4600000|100%| O|  |TAMS 0x00000000a4600000, 0x00000000a4500000| Untracked 
|  36|0x00000000a4600000, 0x00000000a4700000, 0x00000000a4700000|100%| O|  |TAMS 0x00000000a4700000, 0x00000000a4600000| Untracked 
|  37|0x00000000a4700000, 0x00000000a4800000, 0x00000000a4800000|100%| O|  |TAMS 0x00000000a4800000, 0x00000000a4700000| Untracked 
|  38|0x00000000a4800000, 0x00000000a4900000, 0x00000000a4900000|100%| O|  |TAMS 0x00000000a4900000, 0x00000000a4800000| Untracked 
|  39|0x00000000a4900000, 0x00000000a4a00000, 0x00000000a4a00000|100%| O|  |TAMS 0x00000000a4a00000, 0x00000000a4900000| Untracked 
|  40|0x00000000a4a00000, 0x00000000a4b00000, 0x00000000a4b00000|100%| O|  |TAMS 0x00000000a4b00000, 0x00000000a4a00000| Complete 
|  41|0x00000000a4b00000, 0x00000000a4c00000, 0x00000000a4c00000|100%| O|  |TAMS 0x00000000a4c00000, 0x00000000a4b00000| Untracked 
|  42|0x00000000a4c00000, 0x00000000a4d00000, 0x00000000a4d00000|100%| O|  |TAMS 0x00000000a4d00000, 0x00000000a4c00000| Untracked 
|  43|0x00000000a4d00000, 0x00000000a4e00000, 0x00000000a4e00000|100%|HS|  |TAMS 0x00000000a4e00000, 0x00000000a4d00000| Complete 
|  44|0x00000000a4e00000, 0x00000000a4f00000, 0x00000000a4f00000|100%|HC|  |TAMS 0x00000000a4f00000, 0x00000000a4e00000| Complete 
|  45|0x00000000a4f00000, 0x00000000a5000000, 0x00000000a5000000|100%|HC|  |TAMS 0x00000000a5000000, 0x00000000a4f00000| Complete 
|  46|0x00000000a5000000, 0x00000000a5100000, 0x00000000a5100000|100%| O|  |TAMS 0x00000000a5100000, 0x00000000a5000000| Untracked 
|  47|0x00000000a5100000, 0x00000000a5200000, 0x00000000a5200000|100%| O|  |TAMS 0x00000000a5200000, 0x00000000a5100000| Untracked 
|  48|0x00000000a5200000, 0x00000000a5300000, 0x00000000a5300000|100%| O|  |TAMS 0x00000000a5300000, 0x00000000a5200000| Untracked 
|  49|0x00000000a5300000, 0x00000000a5400000, 0x00000000a5400000|100%| O|  |TAMS 0x00000000a5400000, 0x00000000a5300000| Untracked 
|  50|0x00000000a5400000, 0x00000000a5500000, 0x00000000a5500000|100%| O|  |TAMS 0x00000000a5500000, 0x00000000a5400000| Untracked 
|  51|0x00000000a5500000, 0x00000000a5600000, 0x00000000a5600000|100%| O|  |TAMS 0x00000000a5600000, 0x00000000a5500000| Untracked 
|  52|0x00000000a5600000, 0x00000000a5700000, 0x00000000a5700000|100%| O|  |TAMS 0x00000000a5700000, 0x00000000a5600000| Untracked 
|  53|0x00000000a5700000, 0x00000000a5800000, 0x00000000a5800000|100%| O|  |TAMS 0x00000000a5800000, 0x00000000a5700000| Untracked 
|  54|0x00000000a5800000, 0x00000000a5900000, 0x00000000a5900000|100%| O|  |TAMS 0x00000000a5900000, 0x00000000a5800000| Untracked 
|  55|0x00000000a5900000, 0x00000000a5a00000, 0x00000000a5a00000|100%| O|  |TAMS 0x00000000a5a00000, 0x00000000a5900000| Untracked 
|  56|0x00000000a5a00000, 0x00000000a5b00000, 0x00000000a5b00000|100%| O|  |TAMS 0x00000000a5b00000, 0x00000000a5a00000| Untracked 
|  57|0x00000000a5b00000, 0x00000000a5c00000, 0x00000000a5c00000|100%| O|  |TAMS 0x00000000a5c00000, 0x00000000a5b00000| Untracked 
|  58|0x00000000a5c00000, 0x00000000a5d00000, 0x00000000a5d00000|100%| O|  |TAMS 0x00000000a5d00000, 0x00000000a5c00000| Untracked 
|  59|0x00000000a5d00000, 0x00000000a5e00000, 0x00000000a5e00000|100%| O|  |TAMS 0x00000000a5e00000, 0x00000000a5d00000| Untracked 
|  60|0x00000000a5e00000, 0x00000000a5f00000, 0x00000000a5f00000|100%| O|  |TAMS 0x00000000a5f00000, 0x00000000a5e00000| Untracked 
|  61|0x00000000a5f00000, 0x00000000a6000000, 0x00000000a6000000|100%| O|  |TAMS 0x00000000a6000000, 0x00000000a5f00000| Untracked 
|  62|0x00000000a6000000, 0x00000000a6100000, 0x00000000a6100000|100%| O|  |TAMS 0x00000000a6100000, 0x00000000a6000000| Untracked 
|  63|0x00000000a6100000, 0x00000000a6200000, 0x00000000a6200000|100%| O|  |TAMS 0x00000000a6200000, 0x00000000a6100000| Untracked 
|  64|0x00000000a6200000, 0x00000000a6300000, 0x00000000a6300000|100%| O|  |TAMS 0x00000000a6300000, 0x00000000a6200000| Untracked 
|  65|0x00000000a6300000, 0x00000000a6400000, 0x00000000a6400000|100%| O|  |TAMS 0x00000000a6400000, 0x00000000a6300000| Untracked 
|  66|0x00000000a6400000, 0x00000000a6500000, 0x00000000a6500000|100%| O|  |TAMS 0x00000000a6500000, 0x00000000a6400000| Untracked 
|  67|0x00000000a6500000, 0x00000000a6600000, 0x00000000a6600000|100%| O|  |TAMS 0x00000000a6600000, 0x00000000a6500000| Untracked 
|  68|0x00000000a6600000, 0x00000000a6700000, 0x00000000a6700000|100%| O|  |TAMS 0x00000000a6700000, 0x00000000a6600000| Untracked 
|  69|0x00000000a6700000, 0x00000000a6800000, 0x00000000a6800000|100%| O|  |TAMS 0x00000000a6800000, 0x00000000a6700000| Untracked 
|  70|0x00000000a6800000, 0x00000000a6900000, 0x00000000a6900000|100%| O|  |TAMS 0x00000000a6900000, 0x00000000a6800000| Untracked 
|  71|0x00000000a6900000, 0x00000000a6a00000, 0x00000000a6a00000|100%| O|  |TAMS 0x00000000a6a00000, 0x00000000a6900000| Untracked 
|  72|0x00000000a6a00000, 0x00000000a6b00000, 0x00000000a6b00000|100%| O|  |TAMS 0x00000000a6b00000, 0x00000000a6a00000| Untracked 
|  73|0x00000000a6b00000, 0x00000000a6c00000, 0x00000000a6c00000|100%|HS|  |TAMS 0x00000000a6c00000, 0x00000000a6b00000| Complete 
|  74|0x00000000a6c00000, 0x00000000a6d00000, 0x00000000a6d00000|100%| O|  |TAMS 0x00000000a6d00000, 0x00000000a6c00000| Untracked 
|  75|0x00000000a6d00000, 0x00000000a6e00000, 0x00000000a6e00000|100%| O|  |TAMS 0x00000000a6e00000, 0x00000000a6d00000| Untracked 
|  76|0x00000000a6e00000, 0x00000000a6f00000, 0x00000000a6f00000|100%| O|  |TAMS 0x00000000a6f00000, 0x00000000a6e00000| Untracked 
|  77|0x00000000a6f00000, 0x00000000a7000000, 0x00000000a7000000|100%| O|  |TAMS 0x00000000a7000000, 0x00000000a6f00000| Untracked 
|  78|0x00000000a7000000, 0x00000000a7100000, 0x00000000a7100000|100%| O|  |TAMS 0x00000000a7100000, 0x00000000a7000000| Untracked 
|  79|0x00000000a7100000, 0x00000000a7200000, 0x00000000a7200000|100%|HS|  |TAMS 0x00000000a7200000, 0x00000000a7100000| Complete 
|  80|0x00000000a7200000, 0x00000000a7300000, 0x00000000a7300000|100%|HC|  |TAMS 0x00000000a7300000, 0x00000000a7200000| Complete 
|  81|0x00000000a7300000, 0x00000000a7400000, 0x00000000a7400000|100%|HC|  |TAMS 0x00000000a7400000, 0x00000000a7300000| Complete 
|  82|0x00000000a7400000, 0x00000000a7500000, 0x00000000a7500000|100%| O|  |TAMS 0x00000000a7500000, 0x00000000a7400000| Untracked 
|  83|0x00000000a7500000, 0x00000000a7600000, 0x00000000a7600000|100%| O|  |TAMS 0x00000000a7600000, 0x00000000a7500000| Untracked 
|  84|0x00000000a7600000, 0x00000000a7700000, 0x00000000a7700000|100%| O|  |TAMS 0x00000000a7700000, 0x00000000a7600000| Untracked 
|  85|0x00000000a7700000, 0x00000000a776fc00, 0x00000000a7800000| 43%| O|  |TAMS 0x00000000a776fc00, 0x00000000a7700000| Untracked 
|  86|0x00000000a7800000, 0x00000000a7900000, 0x00000000a7900000|100%|HS|  |TAMS 0x00000000a7900000, 0x00000000a7800000| Complete 
|  87|0x00000000a7900000, 0x00000000a7a00000, 0x00000000a7a00000|100%|HS|  |TAMS 0x00000000a7a00000, 0x00000000a7900000| Complete 
|  88|0x00000000a7a00000, 0x00000000a7b00000, 0x00000000a7b00000|100%|HS|  |TAMS 0x00000000a7b00000, 0x00000000a7a00000| Complete 
|  89|0x00000000a7b00000, 0x00000000a7c00000, 0x00000000a7c00000|100%|HS|  |TAMS 0x00000000a7c00000, 0x00000000a7b00000| Complete 
|  90|0x00000000a7c00000, 0x00000000a7d00000, 0x00000000a7d00000|100%|HS|  |TAMS 0x00000000a7d00000, 0x00000000a7c00000| Complete 
|  91|0x00000000a7d00000, 0x00000000a7e00000, 0x00000000a7e00000|100%|HS|  |TAMS 0x00000000a7e00000, 0x00000000a7d00000| Complete 
|  92|0x00000000a7e00000, 0x00000000a7f00000, 0x00000000a7f00000|100%|HS|  |TAMS 0x00000000a7f00000, 0x00000000a7e00000| Complete 
|  93|0x00000000a7f00000, 0x00000000a8000000, 0x00000000a8000000|100%|HS|  |TAMS 0x00000000a8000000, 0x00000000a7f00000| Complete 
|  94|0x00000000a8000000, 0x00000000a8100000, 0x00000000a8100000|100%|HS|  |TAMS 0x00000000a8100000, 0x00000000a8000000| Complete 
|  95|0x00000000a8100000, 0x00000000a8200000, 0x00000000a8200000|100%|HS|  |TAMS 0x00000000a8200000, 0x00000000a8100000| Complete 
|  96|0x00000000a8200000, 0x00000000a8300000, 0x00000000a8300000|100%|HS|  |TAMS 0x00000000a8300000, 0x00000000a8200000| Complete 
|  97|0x00000000a8300000, 0x00000000a8400000, 0x00000000a8400000|100%|HS|  |TAMS 0x00000000a8400000, 0x00000000a8300000| Complete 
|  98|0x00000000a8400000, 0x00000000a8500000, 0x00000000a8500000|100%|HC|  |TAMS 0x00000000a8500000, 0x00000000a8400000| Complete 
|  99|0x00000000a8500000, 0x00000000a8600000, 0x00000000a8600000|100%|HS|  |TAMS 0x00000000a8600000, 0x00000000a8500000| Complete 
| 100|0x00000000a8600000, 0x00000000a8700000, 0x00000000a8700000|100%|HC|  |TAMS 0x00000000a8700000, 0x00000000a8600000| Complete 
| 101|0x00000000a8700000, 0x00000000a8800000, 0x00000000a8800000|100%|HS|  |TAMS 0x00000000a8800000, 0x00000000a8700000| Complete 
| 102|0x00000000a8800000, 0x00000000a8900000, 0x00000000a8900000|100%|HC|  |TAMS 0x00000000a8900000, 0x00000000a8800000| Complete 
| 103|0x00000000a8900000, 0x00000000a8a00000, 0x00000000a8a00000|100%|HS|  |TAMS 0x00000000a8a00000, 0x00000000a8900000| Complete 
| 104|0x00000000a8a00000, 0x00000000a8b00000, 0x00000000a8b00000|100%|HC|  |TAMS 0x00000000a8b00000, 0x00000000a8a00000| Complete 
| 105|0x00000000a8b00000, 0x00000000a8c00000, 0x00000000a8c00000|100%|HS|  |TAMS 0x00000000a8c00000, 0x00000000a8b00000| Complete 
| 106|0x00000000a8c00000, 0x00000000a8d00000, 0x00000000a8d00000|100%|HC|  |TAMS 0x00000000a8d00000, 0x00000000a8c00000| Complete 
| 107|0x00000000a8d00000, 0x00000000a8e00000, 0x00000000a8e00000|100%|HS|  |TAMS 0x00000000a8e00000, 0x00000000a8d00000| Complete 
| 108|0x00000000a8e00000, 0x00000000a8f00000, 0x00000000a8f00000|100%|HC|  |TAMS 0x00000000a8f00000, 0x00000000a8e00000| Complete 
| 109|0x00000000a8f00000, 0x00000000a9000000, 0x00000000a9000000|100%|HS|  |TAMS 0x00000000a9000000, 0x00000000a8f00000| Complete 
| 110|0x00000000a9000000, 0x00000000a9100000, 0x00000000a9100000|100%|HC|  |TAMS 0x00000000a9100000, 0x00000000a9000000| Complete 
| 111|0x00000000a9100000, 0x00000000a9200000, 0x00000000a9200000|100%|HS|  |TAMS 0x00000000a9200000, 0x00000000a9100000| Complete 
| 112|0x00000000a9200000, 0x00000000a9300000, 0x00000000a9300000|100%|HC|  |TAMS 0x00000000a9300000, 0x00000000a9200000| Complete 
| 113|0x00000000a9300000, 0x00000000a9400000, 0x00000000a9400000|100%|HC|  |TAMS 0x00000000a9400000, 0x00000000a9300000| Complete 
| 114|0x00000000a9400000, 0x00000000a9500000, 0x00000000a9500000|100%|HC|  |TAMS 0x00000000a9500000, 0x00000000a9400000| Complete 
| 115|0x00000000a9500000, 0x00000000a9600000, 0x00000000a9600000|100%|HS|  |TAMS 0x00000000a9600000, 0x00000000a9500000| Complete 
| 116|0x00000000a9600000, 0x00000000a9700000, 0x00000000a9700000|100%|HC|  |TAMS 0x00000000a9700000, 0x00000000a9600000| Complete 
| 117|0x00000000a9700000, 0x00000000a9800000, 0x00000000a9800000|100%|HS|  |TAMS 0x00000000a9800000, 0x00000000a9700000| Complete 
| 118|0x00000000a9800000, 0x00000000a9900000, 0x00000000a9900000|100%|HC|  |TAMS 0x00000000a9900000, 0x00000000a9800000| Complete 
| 119|0x00000000a9900000, 0x00000000a9a00000, 0x00000000a9a00000|100%|HC|  |TAMS 0x00000000a9a00000, 0x00000000a9900000| Complete 
| 120|0x00000000a9a00000, 0x00000000a9b00000, 0x00000000a9b00000|100%|HC|  |TAMS 0x00000000a9b00000, 0x00000000a9a00000| Complete 
| 121|0x00000000a9b00000, 0x00000000a9c00000, 0x00000000a9c00000|100%|HS|  |TAMS 0x00000000a9b00000, 0x00000000a9b00000| Complete 
| 122|0x00000000a9c00000, 0x00000000a9d00000, 0x00000000a9d00000|100%|HC|  |TAMS 0x00000000a9c00000, 0x00000000a9c00000| Complete 
| 123|0x00000000a9d00000, 0x00000000a9e00000, 0x00000000a9e00000|100%|HS|  |TAMS 0x00000000a9d00000, 0x00000000a9d00000| Complete 
| 124|0x00000000a9e00000, 0x00000000a9f00000, 0x00000000a9f00000|100%|HC|  |TAMS 0x00000000a9e00000, 0x00000000a9e00000| Complete 
| 125|0x00000000a9f00000, 0x00000000aa000000, 0x00000000aa000000|100%|HC|  |TAMS 0x00000000a9f00000, 0x00000000a9f00000| Complete 
| 126|0x00000000aa000000, 0x00000000aa100000, 0x00000000aa100000|100%|HC|  |TAMS 0x00000000aa000000, 0x00000000aa000000| Complete 
| 127|0x00000000aa100000, 0x00000000aa100000, 0x00000000aa200000|  0%| F|  |TAMS 0x00000000aa100000, 0x00000000aa100000| Untracked 
| 128|0x00000000aa200000, 0x00000000aa300000, 0x00000000aa300000|100%|HS|  |TAMS 0x00000000aa300000, 0x00000000aa200000| Complete 
| 129|0x00000000aa300000, 0x00000000aa400000, 0x00000000aa400000|100%|HC|  |TAMS 0x00000000aa400000, 0x00000000aa300000| Complete 
| 130|0x00000000aa400000, 0x00000000aa500000, 0x00000000aa500000|100%|HC|  |TAMS 0x00000000aa500000, 0x00000000aa400000| Complete 
| 131|0x00000000aa500000, 0x00000000aa600000, 0x00000000aa600000|100%|HC|  |TAMS 0x00000000aa600000, 0x00000000aa500000| Complete 
| 132|0x00000000aa600000, 0x00000000aa700000, 0x00000000aa700000|100%|HS|  |TAMS 0x00000000aa700000, 0x00000000aa600000| Complete 
| 133|0x00000000aa700000, 0x00000000aa800000, 0x00000000aa800000|100%|HC|  |TAMS 0x00000000aa800000, 0x00000000aa700000| Complete 
| 134|0x00000000aa800000, 0x00000000aa900000, 0x00000000aa900000|100%|HC|  |TAMS 0x00000000aa900000, 0x00000000aa800000| Complete 
| 135|0x00000000aa900000, 0x00000000aaa00000, 0x00000000aaa00000|100%|HC|  |TAMS 0x00000000aaa00000, 0x00000000aa900000| Complete 
| 136|0x00000000aaa00000, 0x00000000aab00000, 0x00000000aab00000|100%|HS|  |TAMS 0x00000000aab00000, 0x00000000aaa00000| Complete 
| 137|0x00000000aab00000, 0x00000000aac00000, 0x00000000aac00000|100%|HC|  |TAMS 0x00000000aac00000, 0x00000000aab00000| Complete 
| 138|0x00000000aac00000, 0x00000000aad00000, 0x00000000aad00000|100%|HS|  |TAMS 0x00000000aad00000, 0x00000000aac00000| Complete 
| 139|0x00000000aad00000, 0x00000000aae00000, 0x00000000aae00000|100%|HC|  |TAMS 0x00000000aae00000, 0x00000000aad00000| Complete 
| 140|0x00000000aae00000, 0x00000000aaf00000, 0x00000000aaf00000|100%|HC|  |TAMS 0x00000000aaf00000, 0x00000000aae00000| Complete 
| 141|0x00000000aaf00000, 0x00000000ab000000, 0x00000000ab000000|100%|HC|  |TAMS 0x00000000ab000000, 0x00000000aaf00000| Complete 
| 142|0x00000000ab000000, 0x00000000ab100000, 0x00000000ab100000|100%|HS|  |TAMS 0x00000000ab100000, 0x00000000ab000000| Complete 
| 143|0x00000000ab100000, 0x00000000ab200000, 0x00000000ab200000|100%|HC|  |TAMS 0x00000000ab200000, 0x00000000ab100000| Complete 
| 144|0x00000000ab200000, 0x00000000ab300000, 0x00000000ab300000|100%|HC|  |TAMS 0x00000000ab300000, 0x00000000ab200000| Complete 
| 145|0x00000000ab300000, 0x00000000ab400000, 0x00000000ab400000|100%|HC|  |TAMS 0x00000000ab400000, 0x00000000ab300000| Complete 
| 146|0x00000000ab400000, 0x00000000ab500000, 0x00000000ab500000|100%|HS|  |TAMS 0x00000000ab500000, 0x00000000ab400000| Complete 
| 147|0x00000000ab500000, 0x00000000ab600000, 0x00000000ab600000|100%|HC|  |TAMS 0x00000000ab600000, 0x00000000ab500000| Complete 
| 148|0x00000000ab600000, 0x00000000ab700000, 0x00000000ab700000|100%|HS|  |TAMS 0x00000000ab700000, 0x00000000ab600000| Complete 
| 149|0x00000000ab700000, 0x00000000ab800000, 0x00000000ab800000|100%|HC|  |TAMS 0x00000000ab800000, 0x00000000ab700000| Complete 
| 150|0x00000000ab800000, 0x00000000ab900000, 0x00000000ab900000|100%|HC|  |TAMS 0x00000000ab900000, 0x00000000ab800000| Complete 
| 151|0x00000000ab900000, 0x00000000aba00000, 0x00000000aba00000|100%|HC|  |TAMS 0x00000000aba00000, 0x00000000ab900000| Complete 
| 152|0x00000000aba00000, 0x00000000abb00000, 0x00000000abb00000|100%|HS|  |TAMS 0x00000000abb00000, 0x00000000aba00000| Complete 
| 153|0x00000000abb00000, 0x00000000abc00000, 0x00000000abc00000|100%|HC|  |TAMS 0x00000000abc00000, 0x00000000abb00000| Complete 
| 154|0x00000000abc00000, 0x00000000abd00000, 0x00000000abd00000|100%|HC|  |TAMS 0x00000000abd00000, 0x00000000abc00000| Complete 
| 155|0x00000000abd00000, 0x00000000abe00000, 0x00000000abe00000|100%|HC|  |TAMS 0x00000000abe00000, 0x00000000abd00000| Complete 
| 156|0x00000000abe00000, 0x00000000abf00000, 0x00000000abf00000|100%|HS|  |TAMS 0x00000000abf00000, 0x00000000abe00000| Complete 
| 157|0x00000000abf00000, 0x00000000ac000000, 0x00000000ac000000|100%|HC|  |TAMS 0x00000000ac000000, 0x00000000abf00000| Complete 
| 158|0x00000000ac000000, 0x00000000ac100000, 0x00000000ac100000|100%|HS|  |TAMS 0x00000000ac000000, 0x00000000ac000000| Complete 
| 159|0x00000000ac100000, 0x00000000ac200000, 0x00000000ac200000|100%|HC|  |TAMS 0x00000000ac100000, 0x00000000ac100000| Complete 
| 160|0x00000000ac200000, 0x00000000ac300000, 0x00000000ac300000|100%|HC|  |TAMS 0x00000000ac200000, 0x00000000ac200000| Complete 
| 161|0x00000000ac300000, 0x00000000ac400000, 0x00000000ac400000|100%|HC|  |TAMS 0x00000000ac300000, 0x00000000ac300000| Complete 
| 162|0x00000000ac400000, 0x00000000ac500000, 0x00000000ac500000|100%|HC|  |TAMS 0x00000000ac400000, 0x00000000ac400000| Complete 
| 163|0x00000000ac500000, 0x00000000ac600000, 0x00000000ac600000|100%|HC|  |TAMS 0x00000000ac500000, 0x00000000ac500000| Complete 
| 164|0x00000000ac600000, 0x00000000ac700000, 0x00000000ac700000|100%|HC|  |TAMS 0x00000000ac600000, 0x00000000ac600000| Complete 
| 165|0x00000000ac700000, 0x00000000ac800000, 0x00000000ac800000|100%|HS|  |TAMS 0x00000000ac700000, 0x00000000ac700000| Complete 
| 166|0x00000000ac800000, 0x00000000ac900000, 0x00000000ac900000|100%|HC|  |TAMS 0x00000000ac800000, 0x00000000ac800000| Complete 
| 167|0x00000000ac900000, 0x00000000aca00000, 0x00000000aca00000|100%|HC|  |TAMS 0x00000000ac900000, 0x00000000ac900000| Complete 
| 168|0x00000000aca00000, 0x00000000acb00000, 0x00000000acb00000|100%|HC|  |TAMS 0x00000000aca00000, 0x00000000aca00000| Complete 
| 169|0x00000000acb00000, 0x00000000acc00000, 0x00000000acc00000|100%|HC|  |TAMS 0x00000000acb00000, 0x00000000acb00000| Complete 
| 170|0x00000000acc00000, 0x00000000acd00000, 0x00000000acd00000|100%|HC|  |TAMS 0x00000000acc00000, 0x00000000acc00000| Complete 
| 171|0x00000000acd00000, 0x00000000ace00000, 0x00000000ace00000|100%|HC|  |TAMS 0x00000000acd00000, 0x00000000acd00000| Complete 
| 172|0x00000000ace00000, 0x00000000acf00000, 0x00000000acf00000|100%|HS|  |TAMS 0x00000000ace00000, 0x00000000ace00000| Complete 
| 173|0x00000000acf00000, 0x00000000ad000000, 0x00000000ad000000|100%|HC|  |TAMS 0x00000000acf00000, 0x00000000acf00000| Complete 
| 174|0x00000000ad000000, 0x00000000ad100000, 0x00000000ad100000|100%|HC|  |TAMS 0x00000000ad000000, 0x00000000ad000000| Complete 
| 175|0x00000000ad100000, 0x00000000ad200000, 0x00000000ad200000|100%|HC|  |TAMS 0x00000000ad100000, 0x00000000ad100000| Complete 
| 176|0x00000000ad200000, 0x00000000ad300000, 0x00000000ad300000|100%|HS|  |TAMS 0x00000000ad200000, 0x00000000ad200000| Complete 
| 177|0x00000000ad300000, 0x00000000ad400000, 0x00000000ad400000|100%|HC|  |TAMS 0x00000000ad300000, 0x00000000ad300000| Complete 
| 178|0x00000000ad400000, 0x00000000ad500000, 0x00000000ad500000|100%|HC|  |TAMS 0x00000000ad400000, 0x00000000ad400000| Complete 
| 179|0x00000000ad500000, 0x00000000ad600000, 0x00000000ad600000|100%|HC|  |TAMS 0x00000000ad500000, 0x00000000ad500000| Complete 
| 180|0x00000000ad600000, 0x00000000ad700000, 0x00000000ad700000|100%|HC|  |TAMS 0x00000000ad600000, 0x00000000ad600000| Complete 
| 181|0x00000000ad700000, 0x00000000ad800000, 0x00000000ad800000|100%|HC|  |TAMS 0x00000000ad700000, 0x00000000ad700000| Complete 
| 182|0x00000000ad800000, 0x00000000ad900000, 0x00000000ad900000|100%|HC|  |TAMS 0x00000000ad800000, 0x00000000ad800000| Complete 
| 183|0x00000000ad900000, 0x00000000ada00000, 0x00000000ada00000|100%|HS|  |TAMS 0x00000000ad900000, 0x00000000ad900000| Complete 
| 184|0x00000000ada00000, 0x00000000adb00000, 0x00000000adb00000|100%|HC|  |TAMS 0x00000000ada00000, 0x00000000ada00000| Complete 
| 185|0x00000000adb00000, 0x00000000adc00000, 0x00000000adc00000|100%|HC|  |TAMS 0x00000000adb00000, 0x00000000adb00000| Complete 
| 186|0x00000000adc00000, 0x00000000add00000, 0x00000000add00000|100%|HC|  |TAMS 0x00000000adc00000, 0x00000000adc00000| Complete 
| 187|0x00000000add00000, 0x00000000ade00000, 0x00000000ade00000|100%|HC|  |TAMS 0x00000000add00000, 0x00000000add00000| Complete 
| 188|0x00000000ade00000, 0x00000000adf00000, 0x00000000adf00000|100%|HC|  |TAMS 0x00000000ade00000, 0x00000000ade00000| Complete 
| 189|0x00000000adf00000, 0x00000000ae000000, 0x00000000ae000000|100%|HC|  |TAMS 0x00000000adf00000, 0x00000000adf00000| Complete 
| 190|0x00000000ae000000, 0x00000000ae100000, 0x00000000ae100000|100%|HS|  |TAMS 0x00000000ae000000, 0x00000000ae000000| Complete 
| 191|0x00000000ae100000, 0x00000000ae200000, 0x00000000ae200000|100%|HC|  |TAMS 0x00000000ae100000, 0x00000000ae100000| Complete 
| 192|0x00000000ae200000, 0x00000000ae300000, 0x00000000ae300000|100%|HC|  |TAMS 0x00000000ae200000, 0x00000000ae200000| Complete 
| 193|0x00000000ae300000, 0x00000000ae400000, 0x00000000ae400000|100%|HC|  |TAMS 0x00000000ae300000, 0x00000000ae300000| Complete 
| 194|0x00000000ae400000, 0x00000000ae500000, 0x00000000ae500000|100%|HC|  |TAMS 0x00000000ae400000, 0x00000000ae400000| Complete 
| 195|0x00000000ae500000, 0x00000000ae600000, 0x00000000ae600000|100%|HC|  |TAMS 0x00000000ae500000, 0x00000000ae500000| Complete 
| 196|0x00000000ae600000, 0x00000000ae700000, 0x00000000ae700000|100%|HC|  |TAMS 0x00000000ae600000, 0x00000000ae600000| Complete 
| 197|0x00000000ae700000, 0x00000000ae800000, 0x00000000ae800000|100%|HS|  |TAMS 0x00000000ae700000, 0x00000000ae700000| Complete 
| 198|0x00000000ae800000, 0x00000000ae900000, 0x00000000ae900000|100%|HC|  |TAMS 0x00000000ae800000, 0x00000000ae800000| Complete 
| 199|0x00000000ae900000, 0x00000000aea00000, 0x00000000aea00000|100%|HC|  |TAMS 0x00000000ae900000, 0x00000000ae900000| Complete 
| 200|0x00000000aea00000, 0x00000000aeb00000, 0x00000000aeb00000|100%|HC|  |TAMS 0x00000000aea00000, 0x00000000aea00000| Complete 
| 201|0x00000000aeb00000, 0x00000000aec00000, 0x00000000aec00000|100%|HC|  |TAMS 0x00000000aeb00000, 0x00000000aeb00000| Complete 
| 202|0x00000000aec00000, 0x00000000aed00000, 0x00000000aed00000|100%|HC|  |TAMS 0x00000000aec00000, 0x00000000aec00000| Complete 
| 203|0x00000000aed00000, 0x00000000aee00000, 0x00000000aee00000|100%|HC|  |TAMS 0x00000000aed00000, 0x00000000aed00000| Complete 
| 204|0x00000000aee00000, 0x00000000aef00000, 0x00000000aef00000|100%|HS|  |TAMS 0x00000000aee00000, 0x00000000aee00000| Complete 
| 205|0x00000000aef00000, 0x00000000af000000, 0x00000000af000000|100%|HC|  |TAMS 0x00000000aef00000, 0x00000000aef00000| Complete 
| 206|0x00000000af000000, 0x00000000af100000, 0x00000000af100000|100%|HC|  |TAMS 0x00000000af000000, 0x00000000af000000| Complete 
| 207|0x00000000af100000, 0x00000000af200000, 0x00000000af200000|100%|HC|  |TAMS 0x00000000af100000, 0x00000000af100000| Complete 
| 208|0x00000000af200000, 0x00000000af300000, 0x00000000af300000|100%|HC|  |TAMS 0x00000000af200000, 0x00000000af200000| Complete 
| 209|0x00000000af300000, 0x00000000af400000, 0x00000000af400000|100%|HC|  |TAMS 0x00000000af300000, 0x00000000af300000| Complete 
| 210|0x00000000af400000, 0x00000000af500000, 0x00000000af500000|100%|HC|  |TAMS 0x00000000af400000, 0x00000000af400000| Complete 
| 211|0x00000000af500000, 0x00000000af600000, 0x00000000af600000|100%|HS|  |TAMS 0x00000000af500000, 0x00000000af500000| Complete 
| 212|0x00000000af600000, 0x00000000af700000, 0x00000000af700000|100%|HC|  |TAMS 0x00000000af600000, 0x00000000af600000| Complete 
| 213|0x00000000af700000, 0x00000000af800000, 0x00000000af800000|100%|HC|  |TAMS 0x00000000af700000, 0x00000000af700000| Complete 
| 214|0x00000000af800000, 0x00000000af900000, 0x00000000af900000|100%|HC|  |TAMS 0x00000000af800000, 0x00000000af800000| Complete 
| 215|0x00000000af900000, 0x00000000afa00000, 0x00000000afa00000|100%|HC|  |TAMS 0x00000000af900000, 0x00000000af900000| Complete 
| 216|0x00000000afa00000, 0x00000000afb00000, 0x00000000afb00000|100%|HC|  |TAMS 0x00000000afa00000, 0x00000000afa00000| Complete 
| 217|0x00000000afb00000, 0x00000000afc00000, 0x00000000afc00000|100%|HC|  |TAMS 0x00000000afb00000, 0x00000000afb00000| Complete 
| 218|0x00000000afc00000, 0x00000000afd00000, 0x00000000afd00000|100%|HS|  |TAMS 0x00000000afc00000, 0x00000000afc00000| Complete 
| 219|0x00000000afd00000, 0x00000000afe00000, 0x00000000afe00000|100%|HC|  |TAMS 0x00000000afd00000, 0x00000000afd00000| Complete 
| 220|0x00000000afe00000, 0x00000000aff00000, 0x00000000aff00000|100%|HC|  |TAMS 0x00000000afe00000, 0x00000000afe00000| Complete 
| 221|0x00000000aff00000, 0x00000000b0000000, 0x00000000b0000000|100%|HC|  |TAMS 0x00000000aff00000, 0x00000000aff00000| Complete 
| 222|0x00000000b0000000, 0x00000000b0000000, 0x00000000b0100000|  0%| F|  |TAMS 0x00000000b0000000, 0x00000000b0000000| Untracked 
| 223|0x00000000b0100000, 0x00000000b0100000, 0x00000000b0200000|  0%| F|  |TAMS 0x00000000b0100000, 0x00000000b0100000| Untracked 
| 224|0x00000000b0200000, 0x00000000b0200000, 0x00000000b0300000|  0%| F|  |TAMS 0x00000000b0200000, 0x00000000b0200000| Untracked 
| 225|0x00000000b0300000, 0x00000000b0300000, 0x00000000b0400000|  0%| F|  |TAMS 0x00000000b0300000, 0x00000000b0300000| Untracked 
| 226|0x00000000b0400000, 0x00000000b0400000, 0x00000000b0500000|  0%| F|  |TAMS 0x00000000b0400000, 0x00000000b0400000| Untracked 
| 227|0x00000000b0500000, 0x00000000b0500000, 0x00000000b0600000|  0%| F|  |TAMS 0x00000000b0500000, 0x00000000b0500000| Untracked 
| 228|0x00000000b0600000, 0x00000000b0600000, 0x00000000b0700000|  0%| F|  |TAMS 0x00000000b0600000, 0x00000000b0600000| Untracked 
| 229|0x00000000b0700000, 0x00000000b0700000, 0x00000000b0800000|  0%| F|  |TAMS 0x00000000b0700000, 0x00000000b0700000| Untracked 
| 230|0x00000000b0800000, 0x00000000b0800000, 0x00000000b0900000|  0%| F|  |TAMS 0x00000000b0800000, 0x00000000b0800000| Untracked 
| 231|0x00000000b0900000, 0x00000000b0900000, 0x00000000b0a00000|  0%| F|  |TAMS 0x00000000b0900000, 0x00000000b0900000| Untracked 
| 232|0x00000000b0a00000, 0x00000000b0a00000, 0x00000000b0b00000|  0%| F|  |TAMS 0x00000000b0a00000, 0x00000000b0a00000| Untracked 
| 233|0x00000000b0b00000, 0x00000000b0b00000, 0x00000000b0c00000|  0%| F|  |TAMS 0x00000000b0b00000, 0x00000000b0b00000| Untracked 
| 234|0x00000000b0c00000, 0x00000000b0c00000, 0x00000000b0d00000|  0%| F|  |TAMS 0x00000000b0c00000, 0x00000000b0c00000| Untracked 
| 235|0x00000000b0d00000, 0x00000000b0d00000, 0x00000000b0e00000|  0%| F|  |TAMS 0x00000000b0d00000, 0x00000000b0d00000| Untracked 
| 236|0x00000000b0e00000, 0x00000000b0e00000, 0x00000000b0f00000|  0%| F|  |TAMS 0x00000000b0e00000, 0x00000000b0e00000| Untracked 
| 237|0x00000000b0f00000, 0x00000000b0f00000, 0x00000000b1000000|  0%| F|  |TAMS 0x00000000b0f00000, 0x00000000b0f00000| Untracked 
| 238|0x00000000b1000000, 0x00000000b1000000, 0x00000000b1100000|  0%| F|  |TAMS 0x00000000b1000000, 0x00000000b1000000| Untracked 
| 239|0x00000000b1100000, 0x00000000b1100000, 0x00000000b1200000|  0%| F|  |TAMS 0x00000000b1100000, 0x00000000b1100000| Untracked 
| 240|0x00000000b1200000, 0x00000000b1200000, 0x00000000b1300000|  0%| F|  |TAMS 0x00000000b1200000, 0x00000000b1200000| Untracked 
| 241|0x00000000b1300000, 0x00000000b1300000, 0x00000000b1400000|  0%| F|  |TAMS 0x00000000b1300000, 0x00000000b1300000| Untracked 
| 242|0x00000000b1400000, 0x00000000b1400000, 0x00000000b1500000|  0%| F|  |TAMS 0x00000000b1400000, 0x00000000b1400000| Untracked 
| 243|0x00000000b1500000, 0x00000000b1500000, 0x00000000b1600000|  0%| F|  |TAMS 0x00000000b1500000, 0x00000000b1500000| Untracked 
| 244|0x00000000b1600000, 0x00000000b1600000, 0x00000000b1700000|  0%| F|  |TAMS 0x00000000b1600000, 0x00000000b1600000| Untracked 
| 245|0x00000000b1700000, 0x00000000b1700000, 0x00000000b1800000|  0%| F|  |TAMS 0x00000000b1700000, 0x00000000b1700000| Untracked 
| 246|0x00000000b1800000, 0x00000000b1800000, 0x00000000b1900000|  0%| F|  |TAMS 0x00000000b1800000, 0x00000000b1800000| Untracked 
| 247|0x00000000b1900000, 0x00000000b1900000, 0x00000000b1a00000|  0%| F|  |TAMS 0x00000000b1900000, 0x00000000b1900000| Untracked 
| 248|0x00000000b1a00000, 0x00000000b1a00000, 0x00000000b1b00000|  0%| F|  |TAMS 0x00000000b1a00000, 0x00000000b1a00000| Untracked 
| 249|0x00000000b1b00000, 0x00000000b1b00000, 0x00000000b1c00000|  0%| F|  |TAMS 0x00000000b1b00000, 0x00000000b1b00000| Untracked 
| 250|0x00000000b1c00000, 0x00000000b1c00000, 0x00000000b1d00000|  0%| F|  |TAMS 0x00000000b1c00000, 0x00000000b1c00000| Untracked 
| 251|0x00000000b1d00000, 0x00000000b1d00000, 0x00000000b1e00000|  0%| F|  |TAMS 0x00000000b1d00000, 0x00000000b1d00000| Untracked 
| 252|0x00000000b1e00000, 0x00000000b1e00000, 0x00000000b1f00000|  0%| F|  |TAMS 0x00000000b1e00000, 0x00000000b1e00000| Untracked 
| 253|0x00000000b1f00000, 0x00000000b1f00000, 0x00000000b2000000|  0%| F|  |TAMS 0x00000000b1f00000, 0x00000000b1f00000| Untracked 
| 254|0x00000000b2000000, 0x00000000b2000000, 0x00000000b2100000|  0%| F|  |TAMS 0x00000000b2000000, 0x00000000b2000000| Untracked 
| 255|0x00000000b2100000, 0x00000000b2100000, 0x00000000b2200000|  0%| F|  |TAMS 0x00000000b2100000, 0x00000000b2100000| Untracked 
| 256|0x00000000b2200000, 0x00000000b2200000, 0x00000000b2300000|  0%| F|  |TAMS 0x00000000b2200000, 0x00000000b2200000| Untracked 
| 257|0x00000000b2300000, 0x00000000b2300000, 0x00000000b2400000|  0%| F|  |TAMS 0x00000000b2300000, 0x00000000b2300000| Untracked 
| 258|0x00000000b2400000, 0x00000000b2400000, 0x00000000b2500000|  0%| F|  |TAMS 0x00000000b2400000, 0x00000000b2400000| Untracked 
| 259|0x00000000b2500000, 0x00000000b2500000, 0x00000000b2600000|  0%| F|  |TAMS 0x00000000b2500000, 0x00000000b2500000| Untracked 
| 260|0x00000000b2600000, 0x00000000b2600000, 0x00000000b2700000|  0%| F|  |TAMS 0x00000000b2600000, 0x00000000b2600000| Untracked 
| 261|0x00000000b2700000, 0x00000000b2700000, 0x00000000b2800000|  0%| F|  |TAMS 0x00000000b2700000, 0x00000000b2700000| Untracked 
| 262|0x00000000b2800000, 0x00000000b2800000, 0x00000000b2900000|  0%| F|  |TAMS 0x00000000b2800000, 0x00000000b2800000| Untracked 
| 263|0x00000000b2900000, 0x00000000b2900000, 0x00000000b2a00000|  0%| F|  |TAMS 0x00000000b2900000, 0x00000000b2900000| Untracked 
| 264|0x00000000b2a00000, 0x00000000b2a00000, 0x00000000b2b00000|  0%| F|  |TAMS 0x00000000b2a00000, 0x00000000b2a00000| Untracked 
| 265|0x00000000b2b00000, 0x00000000b2b00000, 0x00000000b2c00000|  0%| F|  |TAMS 0x00000000b2b00000, 0x00000000b2b00000| Untracked 
| 266|0x00000000b2c00000, 0x00000000b2c00000, 0x00000000b2d00000|  0%| F|  |TAMS 0x00000000b2c00000, 0x00000000b2c00000| Untracked 
| 267|0x00000000b2d00000, 0x00000000b2d00000, 0x00000000b2e00000|  0%| F|  |TAMS 0x00000000b2d00000, 0x00000000b2d00000| Untracked 
| 268|0x00000000b2e00000, 0x00000000b2e00000, 0x00000000b2f00000|  0%| F|  |TAMS 0x00000000b2e00000, 0x00000000b2e00000| Untracked 
| 269|0x00000000b2f00000, 0x00000000b3000000, 0x00000000b3000000|100%| E|  |TAMS 0x00000000b2f00000, 0x00000000b2f00000| Complete 
| 270|0x00000000b3000000, 0x00000000b3100000, 0x00000000b3100000|100%| E|CS|TAMS 0x00000000b3000000, 0x00000000b3000000| Complete 
| 271|0x00000000b3100000, 0x00000000b3200000, 0x00000000b3200000|100%| E|CS|TAMS 0x00000000b3100000, 0x00000000b3100000| Complete 
| 272|0x00000000b3200000, 0x00000000b3300000, 0x00000000b3300000|100%| E|CS|TAMS 0x00000000b3200000, 0x00000000b3200000| Complete 
| 273|0x00000000b3300000, 0x00000000b3400000, 0x00000000b3400000|100%| E|CS|TAMS 0x00000000b3300000, 0x00000000b3300000| Complete 
| 274|0x00000000b3400000, 0x00000000b3500000, 0x00000000b3500000|100%| E|CS|TAMS 0x00000000b3400000, 0x00000000b3400000| Complete 
| 275|0x00000000b3500000, 0x00000000b3600000, 0x00000000b3600000|100%| E|CS|TAMS 0x00000000b3500000, 0x00000000b3500000| Complete 
| 276|0x00000000b3600000, 0x00000000b3700000, 0x00000000b3700000|100%| E|CS|TAMS 0x00000000b3600000, 0x00000000b3600000| Complete 
| 277|0x00000000b3700000, 0x00000000b3800000, 0x00000000b3800000|100%| E|CS|TAMS 0x00000000b3700000, 0x00000000b3700000| Complete 
| 278|0x00000000b3800000, 0x00000000b3900000, 0x00000000b3900000|100%| E|CS|TAMS 0x00000000b3800000, 0x00000000b3800000| Complete 
| 279|0x00000000b3900000, 0x00000000b3a00000, 0x00000000b3a00000|100%| E|CS|TAMS 0x00000000b3900000, 0x00000000b3900000| Complete 
| 280|0x00000000b3a00000, 0x00000000b3b00000, 0x00000000b3b00000|100%| E|CS|TAMS 0x00000000b3a00000, 0x00000000b3a00000| Complete 
| 281|0x00000000b3b00000, 0x00000000b3c00000, 0x00000000b3c00000|100%| E|CS|TAMS 0x00000000b3b00000, 0x00000000b3b00000| Complete 
| 282|0x00000000b3c00000, 0x00000000b3d00000, 0x00000000b3d00000|100%| E|CS|TAMS 0x00000000b3c00000, 0x00000000b3c00000| Complete 
| 283|0x00000000b3d00000, 0x00000000b3e00000, 0x00000000b3e00000|100%| E|CS|TAMS 0x00000000b3d00000, 0x00000000b3d00000| Complete 
| 284|0x00000000b3e00000, 0x00000000b3f00000, 0x00000000b3f00000|100%| E|CS|TAMS 0x00000000b3e00000, 0x00000000b3e00000| Complete 
| 285|0x00000000b3f00000, 0x00000000b4000000, 0x00000000b4000000|100%| E|CS|TAMS 0x00000000b3f00000, 0x00000000b3f00000| Complete 
| 286|0x00000000b4000000, 0x00000000b4100000, 0x00000000b4100000|100%| E|CS|TAMS 0x00000000b4000000, 0x00000000b4000000| Complete 
| 287|0x00000000b4100000, 0x00000000b4200000, 0x00000000b4200000|100%| E|CS|TAMS 0x00000000b4100000, 0x00000000b4100000| Complete 
| 288|0x00000000b4200000, 0x00000000b4300000, 0x00000000b4300000|100%| E|CS|TAMS 0x00000000b4200000, 0x00000000b4200000| Complete 
| 289|0x00000000b4300000, 0x00000000b4400000, 0x00000000b4400000|100%| E|CS|TAMS 0x00000000b4300000, 0x00000000b4300000| Complete 
| 290|0x00000000b4400000, 0x00000000b4500000, 0x00000000b4500000|100%| E|CS|TAMS 0x00000000b4400000, 0x00000000b4400000| Complete 
| 291|0x00000000b4500000, 0x00000000b4600000, 0x00000000b4600000|100%| E|CS|TAMS 0x00000000b4500000, 0x00000000b4500000| Complete 
| 292|0x00000000b4600000, 0x00000000b4700000, 0x00000000b4700000|100%| E|CS|TAMS 0x00000000b4600000, 0x00000000b4600000| Complete 
| 293|0x00000000b4700000, 0x00000000b4800000, 0x00000000b4800000|100%| E|CS|TAMS 0x00000000b4700000, 0x00000000b4700000| Complete 
| 294|0x00000000b4800000, 0x00000000b4900000, 0x00000000b4900000|100%| E|CS|TAMS 0x00000000b4800000, 0x00000000b4800000| Complete 
| 295|0x00000000b4900000, 0x00000000b4a00000, 0x00000000b4a00000|100%| E|CS|TAMS 0x00000000b4900000, 0x00000000b4900000| Complete 
| 296|0x00000000b4a00000, 0x00000000b4b00000, 0x00000000b4b00000|100%| E|CS|TAMS 0x00000000b4a00000, 0x00000000b4a00000| Complete 
| 297|0x00000000b4b00000, 0x00000000b4c00000, 0x00000000b4c00000|100%| E|CS|TAMS 0x00000000b4b00000, 0x00000000b4b00000| Complete 
| 298|0x00000000b4c00000, 0x00000000b4d00000, 0x00000000b4d00000|100%| E|CS|TAMS 0x00000000b4c00000, 0x00000000b4c00000| Complete 
| 299|0x00000000b4d00000, 0x00000000b4e00000, 0x00000000b4e00000|100%| E|CS|TAMS 0x00000000b4d00000, 0x00000000b4d00000| Complete 
| 300|0x00000000b4e00000, 0x00000000b4f00000, 0x00000000b4f00000|100%| E|CS|TAMS 0x00000000b4e00000, 0x00000000b4e00000| Complete 
| 301|0x00000000b4f00000, 0x00000000b5000000, 0x00000000b5000000|100%| E|CS|TAMS 0x00000000b4f00000, 0x00000000b4f00000| Complete 
| 302|0x00000000b5000000, 0x00000000b5100000, 0x00000000b5100000|100%| E|CS|TAMS 0x00000000b5000000, 0x00000000b5000000| Complete 
| 303|0x00000000b5100000, 0x00000000b5200000, 0x00000000b5200000|100%| E|CS|TAMS 0x00000000b5100000, 0x00000000b5100000| Complete 
| 304|0x00000000b5200000, 0x00000000b5300000, 0x00000000b5300000|100%| E|CS|TAMS 0x00000000b5200000, 0x00000000b5200000| Complete 
| 305|0x00000000b5300000, 0x00000000b5400000, 0x00000000b5400000|100%| E|CS|TAMS 0x00000000b5300000, 0x00000000b5300000| Complete 
| 306|0x00000000b5400000, 0x00000000b5500000, 0x00000000b5500000|100%| E|CS|TAMS 0x00000000b5400000, 0x00000000b5400000| Complete 
| 307|0x00000000b5500000, 0x00000000b5600000, 0x00000000b5600000|100%| E|CS|TAMS 0x00000000b5500000, 0x00000000b5500000| Complete 
| 308|0x00000000b5600000, 0x00000000b5700000, 0x00000000b5700000|100%| E|CS|TAMS 0x00000000b5600000, 0x00000000b5600000| Complete 
| 309|0x00000000b5700000, 0x00000000b5800000, 0x00000000b5800000|100%| E|CS|TAMS 0x00000000b5700000, 0x00000000b5700000| Complete 
| 310|0x00000000b5800000, 0x00000000b5900000, 0x00000000b5900000|100%| E|CS|TAMS 0x00000000b5800000, 0x00000000b5800000| Complete 
| 311|0x00000000b5900000, 0x00000000b5a00000, 0x00000000b5a00000|100%| E|CS|TAMS 0x00000000b5900000, 0x00000000b5900000| Complete 
| 312|0x00000000b5a00000, 0x00000000b5b00000, 0x00000000b5b00000|100%| E|CS|TAMS 0x00000000b5a00000, 0x00000000b5a00000| Complete 
| 313|0x00000000b5b00000, 0x00000000b5c00000, 0x00000000b5c00000|100%| E|CS|TAMS 0x00000000b5b00000, 0x00000000b5b00000| Complete 
| 314|0x00000000b5c00000, 0x00000000b5d00000, 0x00000000b5d00000|100%| E|CS|TAMS 0x00000000b5c00000, 0x00000000b5c00000| Complete 
| 315|0x00000000b5d00000, 0x00000000b5e00000, 0x00000000b5e00000|100%| E|CS|TAMS 0x00000000b5d00000, 0x00000000b5d00000| Complete 
| 316|0x00000000b5e00000, 0x00000000b5f00000, 0x00000000b5f00000|100%| E|CS|TAMS 0x00000000b5e00000, 0x00000000b5e00000| Complete 
| 317|0x00000000b5f00000, 0x00000000b6000000, 0x00000000b6000000|100%| E|CS|TAMS 0x00000000b5f00000, 0x00000000b5f00000| Complete 
| 318|0x00000000b6000000, 0x00000000b6100000, 0x00000000b6100000|100%| E|CS|TAMS 0x00000000b6000000, 0x00000000b6000000| Complete 
| 319|0x00000000b6100000, 0x00000000b6200000, 0x00000000b6200000|100%| E|CS|TAMS 0x00000000b6100000, 0x00000000b6100000| Complete 
| 320|0x00000000b6200000, 0x00000000b6300000, 0x00000000b6300000|100%| E|CS|TAMS 0x00000000b6200000, 0x00000000b6200000| Complete 
| 321|0x00000000b6300000, 0x00000000b6400000, 0x00000000b6400000|100%| E|CS|TAMS 0x00000000b6300000, 0x00000000b6300000| Complete 
| 322|0x00000000b6400000, 0x00000000b6500000, 0x00000000b6500000|100%| E|CS|TAMS 0x00000000b6400000, 0x00000000b6400000| Complete 
| 323|0x00000000b6500000, 0x00000000b6600000, 0x00000000b6600000|100%| E|CS|TAMS 0x00000000b6500000, 0x00000000b6500000| Complete 
| 324|0x00000000b6600000, 0x00000000b66d0cc0, 0x00000000b6700000| 81%| S|CS|TAMS 0x00000000b6600000, 0x00000000b6600000| Complete 
| 325|0x00000000b6700000, 0x00000000b6800000, 0x00000000b6800000|100%| S|CS|TAMS 0x00000000b6700000, 0x00000000b6700000| Complete 
| 326|0x00000000b6800000, 0x00000000b6900000, 0x00000000b6900000|100%| S|CS|TAMS 0x00000000b6800000, 0x00000000b6800000| Complete 
| 327|0x00000000b6900000, 0x00000000b6a00000, 0x00000000b6a00000|100%| S|CS|TAMS 0x00000000b6900000, 0x00000000b6900000| Complete 
| 328|0x00000000b6a00000, 0x00000000b6b00000, 0x00000000b6b00000|100%| S|CS|TAMS 0x00000000b6a00000, 0x00000000b6a00000| Complete 
| 329|0x00000000b6b00000, 0x00000000b6c00000, 0x00000000b6c00000|100%| S|CS|TAMS 0x00000000b6b00000, 0x00000000b6b00000| Complete 
| 330|0x00000000b6c00000, 0x00000000b6d00000, 0x00000000b6d00000|100%| S|CS|TAMS 0x00000000b6c00000, 0x00000000b6c00000| Complete 
| 331|0x00000000b6d00000, 0x00000000b6e00000, 0x00000000b6e00000|100%| E|CS|TAMS 0x00000000b6d00000, 0x00000000b6d00000| Complete 
| 332|0x00000000b6e00000, 0x00000000b6f00000, 0x00000000b6f00000|100%| E|CS|TAMS 0x00000000b6e00000, 0x00000000b6e00000| Complete 
| 333|0x00000000b6f00000, 0x00000000b7000000, 0x00000000b7000000|100%| E|CS|TAMS 0x00000000b6f00000, 0x00000000b6f00000| Complete 
| 334|0x00000000b7000000, 0x00000000b7100000, 0x00000000b7100000|100%| E|CS|TAMS 0x00000000b7000000, 0x00000000b7000000| Complete 
| 335|0x00000000b7100000, 0x00000000b7200000, 0x00000000b7200000|100%| E|CS|TAMS 0x00000000b7100000, 0x00000000b7100000| Complete 
| 336|0x00000000b7200000, 0x00000000b7300000, 0x00000000b7300000|100%| E|CS|TAMS 0x00000000b7200000, 0x00000000b7200000| Complete 
| 337|0x00000000b7300000, 0x00000000b7400000, 0x00000000b7400000|100%| E|CS|TAMS 0x00000000b7300000, 0x00000000b7300000| Complete 
| 338|0x00000000b7400000, 0x00000000b7500000, 0x00000000b7500000|100%| E|CS|TAMS 0x00000000b7400000, 0x00000000b7400000| Complete 
| 339|0x00000000b7500000, 0x00000000b7600000, 0x00000000b7600000|100%| E|CS|TAMS 0x00000000b7500000, 0x00000000b7500000| Complete 
|1499|0x00000000ffd00000, 0x00000000ffe00000, 0x00000000ffe00000|100%| O|  |TAMS 0x00000000ffe00000, 0x00000000ffd00000| Untracked 
|1500|0x00000000ffe00000, 0x00000000fff00000, 0x00000000fff00000|100%| O|  |TAMS 0x00000000fff00000, 0x00000000ffe00000| Untracked 
|1501|0x00000000fff00000, 0x0000000100000000, 0x0000000100000000|100%| O|  |TAMS 0x0000000100000000, 0x00000000fff00000| Untracked 

Card table byte_map: [0x0000021136870000,0x0000021136b60000] _byte_map_base: 0x000002113635f000

Marking Bits (Prev, Next): (CMBitMap*) 0x0000021121c97350, (CMBitMap*) 0x0000021121c97310
 Prev Bits: [0x00000211385d0000, 0x0000021139d48000)
 Next Bits: [0x0000021136e50000, 0x00000211385c8000)

Polling page: 0x0000021121d30000

Metaspace:

Usage:
  Non-class:     38.30 MB used.
      Class:      4.43 MB used.
       Both:     42.73 MB used.

Virtual space:
  Non-class space:       40.00 MB reserved,      38.50 MB ( 96%) committed,  5 nodes.
      Class space:        1.00 GB reserved,       4.62 MB ( <1%) committed,  1 nodes.
             Both:        1.04 GB reserved,      43.12 MB (  4%) committed. 

Chunk freelists:
   Non-Class:  1.00 MB
       Class:  3.19 MB
        Both:  4.19 MB

MaxMetaspaceSize: unlimited
CompressedClassSpaceSize: 1.00 GB
Initial GC threshold: 21.00 MB
Current GC threshold: 68.12 MB
CDS: off
MetaspaceReclaimPolicy: balanced
 - commit_granule_bytes: 65536.
 - commit_granule_words: 8192.
 - virtual_space_node_default_size: 1048576.
 - enlarge_chunks_in_place: 1.
 - new_chunks_are_fully_committed: 0.
 - uncommit_free_chunks: 1.
 - use_allocation_guard: 0.
 - handle_deallocations: 1.


Internal statistics:

num_allocs_failed_limit: 6.
num_arena_births: 262.
num_arena_deaths: 0.
num_vsnodes_births: 6.
num_vsnodes_deaths: 0.
num_space_committed: 690.
num_space_uncommitted: 0.
num_chunks_returned_to_freelist: 6.
num_chunks_taken_from_freelist: 1524.
num_chunk_merges: 6.
num_chunk_splits: 1080.
num_chunks_enlarged: 823.
num_purges: 0.
num_inconsistent_stats: 0.

CodeHeap 'non-profiled nmethods': size=120000Kb used=4645Kb max_used=4645Kb free=115355Kb
 bounds [0x000002112e3b0000, 0x000002112e850000, 0x00000211358e0000]
CodeHeap 'profiled nmethods': size=120000Kb used=17590Kb max_used=17945Kb free=102409Kb
 bounds [0x0000021126e80000, 0x0000021128010000, 0x000002112e3b0000]
CodeHeap 'non-nmethods': size=5760Kb used=1240Kb max_used=1292Kb free=4519Kb
 bounds [0x00000211268e0000, 0x0000021126b50000, 0x0000021126e80000]
 total_blobs=8955 nmethods=8403 adapters=464
 compilation: enabled
              stopped_count=0, restarted_count=0
 full_count=0

Compilation events (20 events):
Event: 18.270 Thread 0x000002113ca5d330 nmethod 10188 0x0000021127bc9710 code [0x0000021127bc99a0, 0x0000021127bca4c8]
Event: 18.272 Thread 0x000002113ca5d330 10189       1       java.util.zip.ZipEntry::getMethod (5 bytes)
Event: 18.272 Thread 0x000002113ca5d330 nmethod 10189 0x000002112e6b4a10 code [0x000002112e6b4ba0, 0x000002112e6b4c78]
Event: 18.299 Thread 0x000002113ca5d330 10190   !   3       java.util.zip.Deflater::finish (23 bytes)
Event: 18.299 Thread 0x000002113ca5d330 nmethod 10190 0x0000021127842290 code [0x0000021127842420, 0x0000021127842618]
Event: 18.351 Thread 0x000002113ca5ce20 nmethod 10042 0x000002112e834510 code [0x000002112e834d20, 0x000002112e83e498]
Event: 18.352 Thread 0x000002113ca5ce20 10191   !   4       java.util.zip.InflaterInputStream::read (138 bytes)
Event: 18.358 Thread 0x000002113ca5ce20 nmethod 10191 0x000002112e6b3c10 code [0x000002112e6b3dc0, 0x000002112e6b4588]
Event: 18.358 Thread 0x000002113ca5ce20 10176   !   4       java.util.zip.Inflater::setInput (69 bytes)
Event: 18.361 Thread 0x000002113ca5ce20 nmethod 10176 0x000002112e6b3510 code [0x000002112e6b36a0, 0x000002112e6b3a38]
Event: 18.380 Thread 0x000002113ca5ce20 10192   !   4       java.util.zip.ZipFile$ZipFileInputStream::read (135 bytes)
Event: 18.397 Thread 0x000002113ca5ce20 nmethod 10192 0x000002112e6b0f10 code [0x000002112e6b1140, 0x000002112e6b2750]
Event: 18.397 Thread 0x000002113ca5ce20 10193       4       java.util.zip.ZipFile$ZipFileInflaterInputStream::fill (80 bytes)
Event: 18.400 Thread 0x000002113ca5ce20 nmethod 10193 0x000002112e6b0690 code [0x000002112e6b0820, 0x000002112e6b0c68]
Event: 18.416 Thread 0x000002113ca5ce20 10194       4       java.io.FileOutputStream::write (20 bytes)
Event: 18.417 Thread 0x000002113ca5ce20 nmethod 10194 0x000002112e6b0390 code [0x000002112e6b0520, 0x000002112e6b05c8]
Event: 18.435 Thread 0x000002113ca5d330 10195       3       org.springframework.boot.loader.tools.JarWriter$InputStreamEntryWriter::write (34 bytes)
Event: 18.435 Thread 0x000002113ca5d330 nmethod 10195 0x0000021127778e10 code [0x0000021127778fe0, 0x00000211277794a8]
Event: 18.442 Thread 0x000002113ca5d330 10196       3       java.io.ByteArrayInputStream::<init> (37 bytes)
Event: 18.442 Thread 0x000002113ca5d330 nmethod 10196 0x0000021127778810 code [0x00000211277789c0, 0x0000021127778cb8]

GC Heap History (20 events):
Event: 5.948 GC heap before
{Heap before GC invocations=9 (full 0):
 garbage-first heap   total 75776K, used 62368K [0x00000000a2200000, 0x0000000100000000)
  region size 1024K, 36 young (36864K), 2 survivors (2048K)
 Metaspace       used 30468K, committed 30720K, reserved 1081344K
  class space    used 3182K, committed 3328K, reserved 1048576K
}
Event: 5.961 GC heap after
{Heap after GC invocations=10 (full 0):
 garbage-first heap   total 78848K, used 41301K [0x00000000a2200000, 0x0000000100000000)
  region size 1024K, 5 young (5120K), 5 survivors (5120K)
 Metaspace       used 30468K, committed 30720K, reserved 1081344K
  class space    used 3182K, committed 3328K, reserved 1048576K
}
Event: 6.276 GC heap before
{Heap before GC invocations=10 (full 0):
 garbage-first heap   total 78848K, used 54613K [0x00000000a2200000, 0x0000000100000000)
  region size 1024K, 19 young (19456K), 5 survivors (5120K)
 Metaspace       used 31418K, committed 31680K, reserved 1081344K
  class space    used 3265K, committed 3392K, reserved 1048576K
}
Event: 6.289 GC heap after
{Heap after GC invocations=11 (full 0):
 garbage-first heap   total 207872K, used 44786K [0x00000000a2200000, 0x0000000100000000)
  region size 1024K, 3 young (3072K), 3 survivors (3072K)
 Metaspace       used 31418K, committed 31680K, reserved 1081344K
  class space    used 3265K, committed 3392K, reserved 1048576K
}
Event: 7.424 GC heap before
{Heap before GC invocations=11 (full 0):
 garbage-first heap   total 207872K, used 147186K [0x00000000a2200000, 0x0000000100000000)
  region size 1024K, 97 young (99328K), 3 survivors (3072K)
 Metaspace       used 32245K, committed 32512K, reserved 1081344K
  class space    used 3331K, committed 3456K, reserved 1048576K
}
Event: 7.448 GC heap after
{Heap after GC invocations=12 (full 0):
 garbage-first heap   total 207872K, used 75767K [0x00000000a2200000, 0x0000000100000000)
  region size 1024K, 13 young (13312K), 13 survivors (13312K)
 Metaspace       used 32245K, committed 32512K, reserved 1081344K
  class space    used 3331K, committed 3456K, reserved 1048576K
}
Event: 8.156 GC heap before
{Heap before GC invocations=12 (full 0):
 garbage-first heap   total 207872K, used 144375K [0x00000000a2200000, 0x0000000100000000)
  region size 1024K, 78 young (79872K), 13 survivors (13312K)
 Metaspace       used 33561K, committed 33920K, reserved 1081344K
  class space    used 3429K, committed 3584K, reserved 1048576K
}
Event: 8.177 GC heap after
{Heap after GC invocations=13 (full 0):
 garbage-first heap   total 207872K, used 85432K [0x00000000a2200000, 0x0000000100000000)
  region size 1024K, 8 young (8192K), 8 survivors (8192K)
 Metaspace       used 33561K, committed 33920K, reserved 1081344K
  class space    used 3429K, committed 3584K, reserved 1048576K
}
Event: 8.905 GC heap before
{Heap before GC invocations=13 (full 0):
 garbage-first heap   total 207872K, used 148920K [0x00000000a2200000, 0x0000000100000000)
  region size 1024K, 70 young (71680K), 8 survivors (8192K)
 Metaspace       used 35511K, committed 35840K, reserved 1081344K
  class space    used 3654K, committed 3840K, reserved 1048576K
}
Event: 8.915 GC heap after
{Heap after GC invocations=14 (full 0):
 garbage-first heap   total 207872K, used 86898K [0x00000000a2200000, 0x0000000100000000)
  region size 1024K, 4 young (4096K), 4 survivors (4096K)
 Metaspace       used 35511K, committed 35840K, reserved 1081344K
  class space    used 3654K, committed 3840K, reserved 1048576K
}
Event: 9.015 GC heap before
{Heap before GC invocations=14 (full 0):
 garbage-first heap   total 207872K, used 93042K [0x00000000a2200000, 0x0000000100000000)
  region size 1024K, 11 young (11264K), 4 survivors (4096K)
 Metaspace       used 35670K, committed 35968K, reserved 1089536K
  class space    used 3655K, committed 3840K, reserved 1048576K
}
Event: 9.020 GC heap after
{Heap after GC invocations=15 (full 0):
 garbage-first heap   total 207872K, used 86922K [0x00000000a2200000, 0x0000000100000000)
  region size 1024K, 4 young (4096K), 4 survivors (4096K)
 Metaspace       used 35670K, committed 35968K, reserved 1089536K
  class space    used 3655K, committed 3840K, reserved 1048576K
}
Event: 9.795 GC heap before
{Heap before GC invocations=16 (full 0):
 garbage-first heap   total 207872K, used 161674K [0x00000000a2200000, 0x0000000100000000)
  region size 1024K, 74 young (75776K), 4 survivors (4096K)
 Metaspace       used 36207K, committed 36544K, reserved 1089536K
  class space    used 3676K, committed 3840K, reserved 1048576K
}
Event: 9.804 GC heap after
{Heap after GC invocations=17 (full 0):
 garbage-first heap   total 207872K, used 90624K [0x00000000a2200000, 0x0000000100000000)
  region size 1024K, 6 young (6144K), 6 survivors (6144K)
 Metaspace       used 36207K, committed 36544K, reserved 1089536K
  class space    used 3676K, committed 3840K, reserved 1048576K
}
Event: 9.837 GC heap before
{Heap before GC invocations=17 (full 0):
 garbage-first heap   total 207872K, used 94720K [0x00000000a2200000, 0x0000000100000000)
  region size 1024K, 10 young (10240K), 6 survivors (6144K)
 Metaspace       used 36218K, committed 36608K, reserved 1089536K
  class space    used 3676K, committed 3840K, reserved 1048576K
}
Event: 9.846 GC heap after
{Heap after GC invocations=18 (full 0):
 garbage-first heap   total 207872K, used 90559K [0x00000000a2200000, 0x0000000100000000)
  region size 1024K, 1 young (1024K), 1 survivors (1024K)
 Metaspace       used 36218K, committed 36608K, reserved 1089536K
  class space    used 3676K, committed 3840K, reserved 1048576K
}
Event: 13.265 GC heap before
{Heap before GC invocations=18 (full 0):
 garbage-first heap   total 207872K, used 164287K [0x00000000a2200000, 0x0000000100000000)
  region size 1024K, 72 young (73728K), 1 survivors (1024K)
 Metaspace       used 40875K, committed 41280K, reserved 1089536K
  class space    used 4178K, committed 4352K, reserved 1048576K
}
Event: 13.271 GC heap after
{Heap after GC invocations=19 (full 0):
 garbage-first heap   total 351232K, used 91583K [0x00000000a2200000, 0x0000000100000000)
  region size 1024K, 6 young (6144K), 6 survivors (6144K)
 Metaspace       used 40875K, committed 41280K, reserved 1089536K
  class space    used 4178K, committed 4352K, reserved 1048576K
}
Event: 14.870 GC heap before
{Heap before GC invocations=19 (full 0):
 garbage-first heap   total 351232K, used 171455K [0x00000000a2200000, 0x0000000100000000)
  region size 1024K, 15 young (15360K), 6 survivors (6144K)
 Metaspace       used 41453K, committed 41856K, reserved 1089536K
  class space    used 4234K, committed 4416K, reserved 1048576K
}
Event: 14.875 GC heap after
{Heap after GC invocations=20 (full 0):
 garbage-first heap   total 351232K, used 164098K [0x00000000a2200000, 0x0000000100000000)
  region size 1024K, 7 young (7168K), 7 survivors (7168K)
 Metaspace       used 41453K, committed 41856K, reserved 1089536K
  class space    used 4234K, committed 4416K, reserved 1048576K
}

Deoptimization events (20 events):
Event: 18.064 Thread 0x0000021121c5ee70 Uncommon trap: trap_request=0xffffffc6 fr.pc=0x000002112e7e723c relative=0x0000000000001c9c
Event: 18.064 Thread 0x0000021121c5ee70 Uncommon trap: reason=bimorphic_or_optimized_type_check action=maybe_recompile pc=0x000002112e7e723c method=java.util.zip.InflaterInputStream.read([BII)I @ 100 c2
Event: 18.064 Thread 0x0000021121c5ee70 DEOPT PACKING pc=0x000002112e7e723c sp=0x000000dae80fdb30
Event: 18.064 Thread 0x0000021121c5ee70 DEOPT UNPACKING pc=0x00000211269323a3 sp=0x000000dae80fdb80 mode 2
Event: 18.066 Thread 0x0000021121c5ee70 Uncommon trap: trap_request=0xffffffc6 fr.pc=0x000002112e7e723c relative=0x0000000000001c9c
Event: 18.066 Thread 0x0000021121c5ee70 Uncommon trap: reason=bimorphic_or_optimized_type_check action=maybe_recompile pc=0x000002112e7e723c method=java.util.zip.InflaterInputStream.read([BII)I @ 100 c2
Event: 18.066 Thread 0x0000021121c5ee70 DEOPT PACKING pc=0x000002112e7e723c sp=0x000000dae80fdbd0
Event: 18.066 Thread 0x0000021121c5ee70 DEOPT UNPACKING pc=0x00000211269323a3 sp=0x000000dae80fdc20 mode 2
Event: 18.066 Thread 0x0000021121c5ee70 Uncommon trap: trap_request=0xffffffc6 fr.pc=0x000002112e7e723c relative=0x0000000000001c9c
Event: 18.066 Thread 0x0000021121c5ee70 Uncommon trap: reason=bimorphic_or_optimized_type_check action=maybe_recompile pc=0x000002112e7e723c method=java.util.zip.InflaterInputStream.read([BII)I @ 100 c2
Event: 18.066 Thread 0x0000021121c5ee70 DEOPT PACKING pc=0x000002112e7e723c sp=0x000000dae80fdbd0
Event: 18.066 Thread 0x0000021121c5ee70 DEOPT UNPACKING pc=0x00000211269323a3 sp=0x000000dae80fdc20 mode 2
Event: 18.066 Thread 0x0000021121c5ee70 Uncommon trap: trap_request=0xffffffc6 fr.pc=0x000002112e7e723c relative=0x0000000000001c9c
Event: 18.066 Thread 0x0000021121c5ee70 Uncommon trap: reason=bimorphic_or_optimized_type_check action=maybe_recompile pc=0x000002112e7e723c method=java.util.zip.InflaterInputStream.read([BII)I @ 100 c2
Event: 18.066 Thread 0x0000021121c5ee70 DEOPT PACKING pc=0x000002112e7e723c sp=0x000000dae80fdbd0
Event: 18.066 Thread 0x0000021121c5ee70 DEOPT UNPACKING pc=0x00000211269323a3 sp=0x000000dae80fdc20 mode 2
Event: 18.084 Thread 0x0000021121c5ee70 Uncommon trap: trap_request=0xffffff45 fr.pc=0x000002112e43840c relative=0x00000000000001ec
Event: 18.084 Thread 0x0000021121c5ee70 Uncommon trap: reason=unstable_if action=reinterpret pc=0x000002112e43840c method=jdk.internal.util.ArraysSupport.mismatch([B[BI)I @ 60 c2
Event: 18.084 Thread 0x0000021121c5ee70 DEOPT PACKING pc=0x000002112e43840c sp=0x000000dae80fde30
Event: 18.084 Thread 0x0000021121c5ee70 DEOPT UNPACKING pc=0x00000211269323a3 sp=0x000000dae80fddd8 mode 2

Classes unloaded (0 events):
No events

Classes redefined (0 events):
No events

Internal exceptions (20 events):
Event: 9.912 Thread 0x0000021121c5ee70 Exception <a 'sun/nio/fs/WindowsException'{0x00000000ae27aea8}> (0x00000000ae27aea8) 
thrown [e:\jenkins\tmp\workspace\build\src\src\hotspot\share\prims\jni.cpp, line 516]
Event: 9.920 Thread 0x0000021121c5ee70 Exception <a 'sun/nio/fs/WindowsException'{0x00000000ae2d0798}> (0x00000000ae2d0798) 
thrown [e:\jenkins\tmp\workspace\build\src\src\hotspot\share\prims\jni.cpp, line 516]
Event: 9.923 Thread 0x0000021121c5ee70 Exception <a 'sun/nio/fs/WindowsException'{0x00000000ae2d7b60}> (0x00000000ae2d7b60) 
thrown [e:\jenkins\tmp\workspace\build\src\src\hotspot\share\prims\jni.cpp, line 516]
Event: 10.152 Thread 0x0000021121c5ee70 Exception <a 'java/lang/NoSuchMethodError'{0x00000000ad259398}: 'java.lang.String org.apache.maven.execution.MavenExecutionRequest.getFailureBehavior()'> (0x00000000ad259398) 
thrown [e:\jenkins\tmp\workspace\build\src\src\hotspot\share\interpreter\linkResolver.cpp, line 862]
Event: 10.155 Thread 0x000002114095a8d0 Exception <a 'java/lang/NoSuchMethodError'{0x00000000ad4c6e28}: 'java.lang.Object java.lang.invoke.DirectMethodHandle$Holder.invokeStaticInit(java.lang.Object, java.lang.Object, long, java.lang.Object)'> (0x00000000ad4c6e28) 
thrown [e:\jenkins\tmp\workspace\build\src\src\hotspot\share\interpreter\linkResolver.cpp, line 766]
Event: 10.155 Thread 0x000002114095a8d0 Exception <a 'java/lang/NoSuchMethodError'{0x00000000ad4cd518}: 'java.lang.Object java.lang.invoke.DirectMethodHandle$Holder.newInvokeSpecial(java.lang.Object, java.lang.Object, long)'> (0x00000000ad4cd518) 
thrown [e:\jenkins\tmp\workspace\build\src\src\hotspot\share\interpreter\linkResolver.cpp, line 766]
Event: 10.156 Thread 0x000002114095a8d0 Exception <a 'java/lang/NoSuchMethodError'{0x00000000ad4d1088}: 'java.lang.Object java.lang.invoke.Invokers$Holder.linkToTargetMethod(java.lang.Object, long, java.lang.Object)'> (0x00000000ad4d1088) 
thrown [e:\jenkins\tmp\workspace\build\src\src\hotspot\share\interpreter\linkResolver.cpp, line 766]
Event: 10.566 Thread 0x0000021121c5ee70 Implicit null exception at 0x000002112e3da358 to 0x000002112e3da3ea
Event: 10.610 Thread 0x0000021121c5ee70 Exception <a 'sun/nio/fs/WindowsException'{0x00000000ab233d20}> (0x00000000ab233d20) 
thrown [e:\jenkins\tmp\workspace\build\src\src\hotspot\share\prims\jni.cpp, line 516]
Event: 15.309 Thread 0x00000211439f75c0 Implicit null exception at 0x000002112e495883 to 0x000002112e495e94
Event: 15.309 Thread 0x00000211439f75c0 Implicit null exception at 0x000002112e5a77d0 to 0x000002112e5a7994
Event: 15.314 Thread 0x00000211439f75c0 Exception <a 'java/lang/NoSuchMethodError'{0x00000000b73242d8}: 'java.lang.Object java.lang.invoke.DirectMethodHandle$Holder.invokeStaticInit(java.lang.Object, java.lang.Object, int, int, int, int)'> (0x00000000b73242d8) 
thrown [e:\jenkins\tmp\workspace\build\src\src\hotspot\share\interpreter\linkResolver.cpp, line 766]
Event: 17.789 Thread 0x0000021121c5ee70 Exception <a 'java/lang/NoClassDefFoundError'{0x00000000b45f5088}: org/sonatype/aether/artifact/ArtifactType> (0x00000000b45f5088) 
thrown [e:\jenkins\tmp\workspace\build\src\src\hotspot\share\classfile\systemDictionary.cpp, line 245]
Event: 17.828 Thread 0x0000021121c5ee70 Exception <a 'java/lang/NoClassDefFoundError'{0x00000000b426c478}: org/sonatype/aether/artifact/Artifact> (0x00000000b426c478) 
thrown [e:\jenkins\tmp\workspace\build\src\src\hotspot\share\classfile\systemDictionary.cpp, line 245]
Event: 17.830 Thread 0x0000021121c5ee70 Exception <a 'java/lang/NoClassDefFoundError'{0x00000000b428ee88}: org/sonatype/aether/installation/InstallationException> (0x00000000b428ee88) 
thrown [e:\jenkins\tmp\workspace\build\src\src\hotspot\share\classfile\systemDictionary.cpp, line 245]
Event: 17.831 Thread 0x0000021121c5ee70 Exception <a 'java/lang/NoClassDefFoundError'{0x00000000b429dfb8}: org/sonatype/aether/deployment/DeploymentException> (0x00000000b429dfb8) 
thrown [e:\jenkins\tmp\workspace\build\src\src\hotspot\share\classfile\systemDictionary.cpp, line 245]
Event: 17.833 Thread 0x0000021121c5ee70 Exception <a 'java/lang/NoClassDefFoundError'{0x00000000b42b7228}: org/sonatype/aether/resolution/ArtifactDescriptorException> (0x00000000b42b7228) 
thrown [e:\jenkins\tmp\workspace\build\src\src\hotspot\share\classfile\systemDictionary.cpp, line 245]
Event: 17.851 Thread 0x0000021121c5ee70 Exception <a 'java/lang/NoClassDefFoundError'{0x00000000b41df7f8}: org/sonatype/aether/graph/DependencyNode> (0x00000000b41df7f8) 
thrown [e:\jenkins\tmp\workspace\build\src\src\hotspot\share\classfile\systemDictionary.cpp, line 245]
Event: 17.862 Thread 0x0000021121c5ee70 Exception <a 'java/lang/NoClassDefFoundError'{0x00000000b4060750}: org/sonatype/aether/artifact/Artifact> (0x00000000b4060750) 
thrown [e:\jenkins\tmp\workspace\build\src\src\hotspot\share\classfile\systemDictionary.cpp, line 245]
Event: 17.883 Thread 0x0000021121c5ee70 Exception <a 'java/lang/NoClassDefFoundError'{0x00000000b3f4d488}: org/sonatype/aether/artifact/Artifact> (0x00000000b3f4d488) 
thrown [e:\jenkins\tmp\workspace\build\src\src\hotspot\share\classfile\systemDictionary.cpp, line 245]

VM Operations (20 events):
Event: 13.638 Executing VM operation: HandshakeAllThreads
Event: 13.638 Executing VM operation: HandshakeAllThreads done
Event: 14.648 Executing VM operation: Cleanup
Event: 14.648 Executing VM operation: Cleanup done
Event: 14.870 Executing VM operation: G1TryInitiateConcMark
Event: 14.870 Executing VM operation: G1TryInitiateConcMark done
Event: 14.870 Executing VM operation: G1CollectForAllocation
Event: 14.875 Executing VM operation: G1CollectForAllocation done
Event: 14.927 Executing VM operation: G1Concurrent
Event: 14.932 Executing VM operation: G1Concurrent done
Event: 14.959 Executing VM operation: G1Concurrent
Event: 14.959 Executing VM operation: G1Concurrent done
Event: 15.095 Executing VM operation: HandshakeAllThreads
Event: 15.095 Executing VM operation: HandshakeAllThreads done
Event: 16.107 Executing VM operation: Cleanup
Event: 16.107 Executing VM operation: Cleanup done
Event: 17.111 Executing VM operation: Cleanup
Event: 17.111 Executing VM operation: Cleanup done
Event: 18.125 Executing VM operation: Cleanup
Event: 18.126 Executing VM operation: Cleanup done

Events (20 events):
Event: 17.686 loading class javax/management/JMException
Event: 17.686 loading class javax/management/JMException done
Event: 17.686 loading class javax/management/OperationsException done
Event: 17.686 loading class javax/management/InstanceNotFoundException done
Event: 17.687 loading class javax/management/ReflectionException
Event: 17.687 loading class javax/management/ReflectionException done
Event: 17.864 loading class java/util/jar/JarOutputStream
Event: 17.866 loading class java/util/zip/ZipOutputStream
Event: 17.866 loading class java/util/zip/ZipOutputStream done
Event: 17.866 loading class java/util/jar/JarOutputStream done
Event: 17.999 loading class java/util/jar/JarInputStream
Event: 18.000 loading class java/util/zip/ZipInputStream
Event: 18.001 loading class java/util/zip/ZipInputStream done
Event: 18.001 loading class java/util/jar/JarInputStream done
Event: 18.016 loading class java/util/zip/ZipFile$ZipEntryIterator
Event: 18.017 loading class java/util/zip/ZipFile$ZipEntryIterator done
Event: 18.022 loading class sun/security/util/ManifestEntryVerifier
Event: 18.023 loading class sun/security/util/ManifestEntryVerifier done
Event: 18.064 loading class java/io/PushbackInputStream
Event: 18.064 loading class java/io/PushbackInputStream done


Dynamic libraries:
0x00007ff67bea0000 - 0x00007ff67beae000 	C:\Users\91902\Downloads\sts-4.14.1.RELEASE\plugins\org.eclipse.justj.openjdk.hotspot.jre.full.win32.x86_64_17.0.2.v20220201-1208\jre\bin\javaw.exe
0x00007ffd36300000 - 0x00007ffd36569000 	C:\WINDOWS\SYSTEM32\ntdll.dll
0x00007ffd34870000 - 0x00007ffd34939000 	C:\WINDOWS\System32\KERNEL32.DLL
0x00007ffd33800000 - 0x00007ffd33bf3000 	C:\WINDOWS\System32\KERNELBASE.dll
0x00007ffd33490000 - 0x00007ffd335db000 	C:\WINDOWS\System32\ucrtbase.dll
0x00007ffcfde40000 - 0x00007ffcfde58000 	C:\Users\91902\Downloads\sts-4.14.1.RELEASE\plugins\org.eclipse.justj.openjdk.hotspot.jre.full.win32.x86_64_17.0.2.v20220201-1208\jre\bin\jli.dll
0x00007ffcfde20000 - 0x00007ffcfde39000 	C:\Users\91902\Downloads\sts-4.14.1.RELEASE\plugins\org.eclipse.justj.openjdk.hotspot.jre.full.win32.x86_64_17.0.2.v20220201-1208\jre\bin\VCRUNTIME140.dll
0x00007ffd360f0000 - 0x00007ffd362b4000 	C:\WINDOWS\System32\USER32.dll
0x00007ffd33710000 - 0x00007ffd33737000 	C:\WINDOWS\System32\win32u.dll
0x00007ffd23bd0000 - 0x00007ffd23e63000 	C:\WINDOWS\WinSxS\amd64_microsoft.windows.common-controls_6595b64144ccf1df_6.0.26100.5074_none_3e0d6f78e32fd63f\COMCTL32.dll
0x00007ffd34380000 - 0x00007ffd343ab000 	C:\WINDOWS\System32\GDI32.dll
0x00007ffd34fa0000 - 0x00007ffd35049000 	C:\WINDOWS\System32\msvcrt.dll
0x00007ffd33d70000 - 0x00007ffd33e9d000 	C:\WINDOWS\System32\gdi32full.dll
0x00007ffd33ea0000 - 0x00007ffd33f43000 	C:\WINDOWS\System32\msvcp_win.dll
0x00007ffd35670000 - 0x00007ffd3569f000 	C:\WINDOWS\System32\IMM32.DLL
0x00007ffd23550000 - 0x00007ffd2355c000 	C:\Users\91902\Downloads\sts-4.14.1.RELEASE\plugins\org.eclipse.justj.openjdk.hotspot.jre.full.win32.x86_64_17.0.2.v20220201-1208\jre\bin\vcruntime140_1.dll
0x00007ffccd2d0000 - 0x00007ffccd361000 	C:\Users\91902\Downloads\sts-4.14.1.RELEASE\plugins\org.eclipse.justj.openjdk.hotspot.jre.full.win32.x86_64_17.0.2.v20220201-1208\jre\bin\msvcp140.dll
0x00007ffcc4df0000 - 0x00007ffcc5a37000 	C:\Users\91902\Downloads\sts-4.14.1.RELEASE\plugins\org.eclipse.justj.openjdk.hotspot.jre.full.win32.x86_64_17.0.2.v20220201-1208\jre\bin\server\jvm.dll
0x00007ffd355b0000 - 0x00007ffd35664000 	C:\WINDOWS\System32\ADVAPI32.dll
0x00007ffd35700000 - 0x00007ffd357a6000 	C:\WINDOWS\System32\sechost.dll
0x00007ffd34180000 - 0x00007ffd34298000 	C:\WINDOWS\System32\RPCRT4.dll
0x00007ffd34300000 - 0x00007ffd34308000 	C:\WINDOWS\System32\PSAPI.DLL
0x00007ffd2bcc0000 - 0x00007ffd2bccb000 	C:\WINDOWS\SYSTEM32\VERSION.dll
0x00007ffd1a2c0000 - 0x00007ffd1a2ca000 	C:\WINDOWS\SYSTEM32\WSOCK32.dll
0x00007ffd2bc80000 - 0x00007ffd2bcb5000 	C:\WINDOWS\SYSTEM32\WINMM.dll
0x00007ffd340e0000 - 0x00007ffd34154000 	C:\WINDOWS\System32\WS2_32.dll
0x00007ffd32270000 - 0x00007ffd3228b000 	C:\WINDOWS\SYSTEM32\kernel.appcore.dll
0x00007ffd28720000 - 0x00007ffd2872a000 	C:\Users\91902\Downloads\sts-4.14.1.RELEASE\plugins\org.eclipse.justj.openjdk.hotspot.jre.full.win32.x86_64_17.0.2.v20220201-1208\jre\bin\jimage.dll
0x00007ffd30d40000 - 0x00007ffd30f82000 	C:\WINDOWS\SYSTEM32\DBGHELP.DLL
0x00007ffd34ba0000 - 0x00007ffd34f1b000 	C:\WINDOWS\System32\combase.dll
0x00007ffd352f0000 - 0x00007ffd353c7000 	C:\WINDOWS\System32\OLEAUT32.dll
0x00007ffd20e20000 - 0x00007ffd20e5d000 	C:\WINDOWS\SYSTEM32\dbgcore.DLL
0x00007ffd335e0000 - 0x00007ffd33679000 	C:\WINDOWS\System32\bcryptPrimitives.dll
0x00007ffcf1de0000 - 0x00007ffcf1e05000 	C:\Users\91902\Downloads\sts-4.14.1.RELEASE\plugins\org.eclipse.justj.openjdk.hotspot.jre.full.win32.x86_64_17.0.2.v20220201-1208\jre\bin\java.dll
0x00007ffcf1d70000 - 0x00007ffcf1d88000 	C:\Users\91902\Downloads\sts-4.14.1.RELEASE\plugins\org.eclipse.justj.openjdk.hotspot.jre.full.win32.x86_64_17.0.2.v20220201-1208\jre\bin\zip.dll
0x00007ffd357b0000 - 0x00007ffd35efd000 	C:\WINDOWS\System32\SHELL32.dll
0x00007ffd33c00000 - 0x00007ffd33d6c000 	C:\WINDOWS\System32\wintypes.dll
0x00007ffd31130000 - 0x00007ffd31989000 	C:\WINDOWS\SYSTEM32\windows.storage.dll
0x00007ffd35050000 - 0x00007ffd35140000 	C:\WINDOWS\System32\SHCORE.dll
0x00007ffd34310000 - 0x00007ffd34372000 	C:\WINDOWS\System32\shlwapi.dll
0x00007ffd333b0000 - 0x00007ffd333d9000 	C:\WINDOWS\SYSTEM32\profapi.dll
0x00007ffcf1280000 - 0x00007ffcf1299000 	C:\Users\91902\Downloads\sts-4.14.1.RELEASE\plugins\org.eclipse.justj.openjdk.hotspot.jre.full.win32.x86_64_17.0.2.v20220201-1208\jre\bin\net.dll
0x00007ffd2c660000 - 0x00007ffd2c77f000 	C:\WINDOWS\SYSTEM32\WINHTTP.dll
0x00007ffd327f0000 - 0x00007ffd3285b000 	C:\WINDOWS\system32\mswsock.dll
0x00007ffceeae0000 - 0x00007ffceeaf5000 	C:\Users\91902\Downloads\sts-4.14.1.RELEASE\plugins\org.eclipse.justj.openjdk.hotspot.jre.full.win32.x86_64_17.0.2.v20220201-1208\jre\bin\nio.dll
0x0000000069ac0000 - 0x0000000069ae4000 	C:\Users\91902\AppData\Local\Temp\jansi-2.4.0-b3fa6bc8b5c0dd1-jansi.dll
0x00007ffd09080000 - 0x00007ffd09090000 	C:\Users\91902\Downloads\sts-4.14.1.RELEASE\plugins\org.eclipse.justj.openjdk.hotspot.jre.full.win32.x86_64_17.0.2.v20220201-1208\jre\bin\verify.dll
0x00007ffd32390000 - 0x00007ffd323c6000 	C:\WINDOWS\SYSTEM32\ntmarta.dll
0x00007ffd32aa0000 - 0x00007ffd32abb000 	C:\WINDOWS\SYSTEM32\CRYPTSP.dll
0x00007ffd321d0000 - 0x00007ffd3220b000 	C:\WINDOWS\system32\rsaenh.dll
0x00007ffd32890000 - 0x00007ffd328bb000 	C:\WINDOWS\SYSTEM32\USERENV.dll
0x00007ffd33380000 - 0x00007ffd333a6000 	C:\WINDOWS\SYSTEM32\bcrypt.dll
0x00007ffd32a90000 - 0x00007ffd32a9c000 	C:\WINDOWS\SYSTEM32\CRYPTBASE.dll
0x00007ffd31c90000 - 0x00007ffd31cc4000 	C:\WINDOWS\SYSTEM32\IPHLPAPI.DLL
0x00007ffd35fd0000 - 0x00007ffd35fda000 	C:\WINDOWS\System32\NSI.dll
0x00007ffd2bec0000 - 0x00007ffd2bede000 	C:\WINDOWS\SYSTEM32\dhcpcsvc6.DLL
0x00007ffd2be90000 - 0x00007ffd2beb3000 	C:\WINDOWS\SYSTEM32\dhcpcsvc.DLL
0x00007ffd31d80000 - 0x00007ffd31ea6000 	C:\WINDOWS\SYSTEM32\DNSAPI.dll

dbghelp: loaded successfully - version: 4.0.5 - missing functions: none
symbol engine: initialized successfully - sym options: 0x614 - pdb path: .;C:\Users\91902\Downloads\sts-4.14.1.RELEASE\plugins\org.eclipse.justj.openjdk.hotspot.jre.full.win32.x86_64_17.0.2.v20220201-1208\jre\bin;C:\WINDOWS\SYSTEM32;C:\WINDOWS\WinSxS\amd64_microsoft.windows.common-controls_6595b64144ccf1df_6.0.26100.5074_none_3e0d6f78e32fd63f;C:\Users\91902\Downloads\sts-4.14.1.RELEASE\plugins\org.eclipse.justj.openjdk.hotspot.jre.full.win32.x86_64_17.0.2.v20220201-1208\jre\bin\server;C:\Users\91902\AppData\Local\Temp

VM Arguments:
jvm_args: -Dmaven.home=EMBEDDED -Dclassworlds.conf=C:\Users\91902\Documents\workspace-ABC_BANKING\.metadata\.plugins\org.eclipse.m2e.launching\launches\m2conf16570989498010962834.tmp -Dmaven.multiModuleProjectDirectory=C:\Users\91902\Documents\GitHub\BRECON -Djansi.force=true -Djansi.passthrough=true -Dfile.encoding=Cp1252 -XX:+ShowCodeDetailsInExceptionMessages 
java_command: org.codehaus.plexus.classworlds.launcher.Launcher -B install -Dstyle.color=always
java_class_path (initial): C:\Users\91902\Downloads\sts-4.14.1.RELEASE\plugins\org.eclipse.m2e.maven.runtime_1.18.3.20220227-1319\jars\plexus-classworlds-2.6.0.jar
Launcher Type: SUN_STANDARD

[Global flags]
     intx CICompilerCount                          = 4                                         {product} {ergonomic}
     uint ConcGCThreads                            = 3                                         {product} {ergonomic}
     uint G1ConcRefinementThreads                  = 10                                        {product} {ergonomic}
   size_t G1HeapRegionSize                         = 1048576                                   {product} {ergonomic}
    uintx GCDrainStackTargetSize                   = 64                                        {product} {ergonomic}
   size_t InitialHeapSize                          = 98566144                                  {product} {ergonomic}
   size_t MarkStackSize                            = 4194304                                   {product} {ergonomic}
   size_t MaxHeapSize                              = 1574961152                                {product} {ergonomic}
   size_t MaxNewSize                               = 944766976                                 {product} {ergonomic}
   size_t MinHeapDeltaBytes                        = 1048576                                   {product} {ergonomic}
   size_t MinHeapSize                              = 8388608                                   {product} {ergonomic}
    uintx NonNMethodCodeHeapSize                   = 5839372                                {pd product} {ergonomic}
    uintx NonProfiledCodeHeapSize                  = 122909434                              {pd product} {ergonomic}
    uintx ProfiledCodeHeapSize                     = 122909434                              {pd product} {ergonomic}
    uintx ReservedCodeCacheSize                    = 251658240                              {pd product} {ergonomic}
     bool SegmentedCodeCache                       = true                                      {product} {ergonomic}
     bool ShowCodeDetailsInExceptionMessages       = true                                   {manageable} {command line}
   size_t SoftMaxHeapSize                          = 1574961152                             {manageable} {ergonomic}
     bool UseCompressedClassPointers               = true                           {product lp64_product} {ergonomic}
     bool UseCompressedOops                        = true                           {product lp64_product} {ergonomic}
     bool UseG1GC                                  = true                                      {product} {ergonomic}
     bool UseLargePagesIndividualAllocation        = false                                  {pd product} {ergonomic}

Logging:
Log output configuration:
 #0: stdout all=warning uptime,level,tags
 #1: stderr all=off uptime,level,tags

Environment Variables:
JAVA_HOME=C:\Program Files\java\jdk1.8.0_351
PATH=C:/Users/91902/Downloads/sts-4.14.1.RELEASE//plugins/org.eclipse.justj.openjdk.hotspot.jre.full.win32.x86_64_17.0.2.v20220201-1208/jre/bin/server;C:/Users/91902/Downloads/sts-4.14.1.RELEASE//plugins/org.eclipse.justj.openjdk.hotspot.jre.full.win32.x86_64_17.0.2.v20220201-1208/jre/bin;C:\MANIVANNAN\DATABASE\bin;C:\Program Files (x86)\Common Files\Oracle\Java\javapath;C:\Users\91902\Downloads\WINDOWS.X64_213000_db_home\bin;C:\Windows\System32;C:\Windows;C:\Windows\System32\wbem;C:\Windows\System32\WindowsPowerShell\v1.0\;C:\Windows\System32\OpenSSH\;C:\Program Files (x86)\GnuPG\bin;C:\Program Files\Git\cmd;C:\Program Files\PuTTY\;C:\Program Files (x86)\Microsoft SQL Server\160\DTS\Binn\;C:\Program Files\java\jdk-14.0.2\bin;C:\Program Files\dotnet\;%SystemRoot%\system32;%SystemRoot%;%SystemRoot%\System32\Wbem;%SYSTEMROOT%\System32\WindowsPowerShell\v1.0\;%SYSTEMROOT%\System32\OpenSSH\;C:\Users\91902\AppData\Local\Microsoft\WindowsApps;C:\Users\91902\AppData\Local\GitHubDesktop\bin;C:\flutter\bin;C:\Users\91902\AppData\Local\Programs\Microsoft VS Code\bin;C:\Windows\apptool;;C:\Users\91902\Downloads\sts-4.14.1.RELEASE;
USERNAME=91902
OS=Windows_NT
PROCESSOR_IDENTIFIER=AMD64 Family 23 Model 104 Stepping 1, AuthenticAMD



---------------  S Y S T E M  ---------------

OS:
 Windows 11 , 64 bit Build 26100 (10.0.26100.5074)
OS uptime: 3 days 4:13 hours

CPU: total 12 (initial active 12) (12 cores per cpu, 2 threads per core) family 23 model 104 stepping 1 microcode 0x8608103, cx8, cmov, fxsr, ht, mmx, 3dnowpref, sse, sse2, sse3, ssse3, sse4a, sse4.1, sse4.2, popcnt, lzcnt, tsc, tscinvbit, avx, avx2, aes, clmul, bmi1, bmi2, adx, sha, fma, vzeroupper, clflush, clflushopt

Memory: 4k page, system-wide physical 6005M (588M free)
TotalPageFile size 24437M (AvailPageFile size 14M)
current process WorkingSet (physical memory assigned to process): 458M, peak: 461M
current process commit charge ("private bytes"): 562M, peak: 564M

vm_info: OpenJDK 64-Bit Server VM (17.0.2+8) for windows-amd64 JRE (17.0.2+8), built on Jan 20 2022 04:52:34 by "" with MS VC++ 16.7 (VS2019)

END.
